Component: ARM Compiler 5.06 update 5 (build 528) Tool: armlink [4d35e2]

==============================================================================

Section Cross References

    startup_stm32f407xx.o(RESET) refers to startup_stm32f407xx.o(STACK) for __initial_sp
    startup_stm32f407xx.o(RESET) refers to startup_stm32f407xx.o(.text) for Reset_Handler
    startup_stm32f407xx.o(RESET) refers to stm32f4xx_it.o(i.NMI_Handler) for NMI_Handler
    startup_stm32f407xx.o(RESET) refers to stm32f4xx_it.o(i.HardFault_Handler) for HardFault_Handler
    startup_stm32f407xx.o(RESET) refers to stm32f4xx_it.o(i.MemManage_Handler) for MemManage_Handler
    startup_stm32f407xx.o(RESET) refers to stm32f4xx_it.o(i.BusFault_Handler) for BusFault_Handler
    startup_stm32f407xx.o(RESET) refers to stm32f4xx_it.o(i.UsageFault_Handler) for UsageFault_Handler
    startup_stm32f407xx.o(RESET) refers to stm32f4xx_it.o(i.SVC_Handler) for SVC_Handler
    startup_stm32f407xx.o(RESET) refers to stm32f4xx_it.o(i.DebugMon_Handler) for DebugMon_Handler
    startup_stm32f407xx.o(RESET) refers to stm32f4xx_it.o(i.PendSV_Handler) for PendSV_Handler
    startup_stm32f407xx.o(RESET) refers to stm32f4xx_it.o(i.SysTick_Handler) for SysTick_Handler
    startup_stm32f407xx.o(RESET) refers to main.o(i.TIM2_IRQHandler) for TIM2_IRQHandler
    startup_stm32f407xx.o(RESET) refers to main.o(i.TIM3_IRQHandler) for TIM3_IRQHandler
    startup_stm32f407xx.o(.text) refers to system_stm32f4xx.o(i.SystemInit) for SystemInit
    startup_stm32f407xx.o(.text) refers to entry.o(.ARM.Collect$$$$00000000) for __main
    main.o(i.HAL_TIM_PeriodElapsedCallback) refers to main.o(i.straightMotionVoltageADC) for straightMotionVoltageADC
    main.o(i.HAL_TIM_PeriodElapsedCallback) refers to main.o(i.sidewaysMotionVoltageADC) for sidewaysMotionVoltageADC
    main.o(i.HAL_TIM_PeriodElapsedCallback) refers to main.o(i.synchronousDelay) for synchronousDelay
    main.o(i.HAL_TIM_PeriodElapsedCallback) refers to main.o(i.signalsWithNumberOfSignals) for signalsWithNumberOfSignals
    main.o(i.HAL_TIM_PeriodElapsedCallback) refers to memcpya.o(.text) for __aeabi_memcpy4
    main.o(i.HAL_TIM_PeriodElapsedCallback) refers to main.o(i.disableTimerInterruptIfNeeded) for disableTimerInterruptIfNeeded
    main.o(i.HAL_TIM_PeriodElapsedCallback) refers to main.o(.data) for .data
    main.o(i.MX_ADC1_Init) refers to stm32f4xx_hal_adc.o(i.HAL_ADC_Init) for HAL_ADC_Init
    main.o(i.MX_ADC1_Init) refers to stm32f4xx_hal_adc.o(i.HAL_ADC_ConfigChannel) for HAL_ADC_ConfigChannel
    main.o(i.MX_ADC1_Init) refers to main.o(.bss) for .bss
    main.o(i.MX_ADC2_Init) refers to stm32f4xx_hal_adc.o(i.HAL_ADC_Init) for HAL_ADC_Init
    main.o(i.MX_ADC2_Init) refers to stm32f4xx_hal_adc.o(i.HAL_ADC_ConfigChannel) for HAL_ADC_ConfigChannel
    main.o(i.MX_ADC2_Init) refers to main.o(.bss) for .bss
    main.o(i.MX_DAC_Init) refers to stm32f4xx_hal_dac.o(i.HAL_DAC_Init) for HAL_DAC_Init
    main.o(i.MX_DAC_Init) refers to stm32f4xx_hal_dac.o(i.HAL_DAC_ConfigChannel) for HAL_DAC_ConfigChannel
    main.o(i.MX_DAC_Init) refers to main.o(.bss) for .bss
    main.o(i.MX_GPIO_Init) refers to stm32f4xx_hal_gpio.o(i.HAL_GPIO_Init) for HAL_GPIO_Init
    main.o(i.MX_I2C1_Init) refers to stm32f4xx_hal_i2c.o(i.HAL_I2C_Init) for HAL_I2C_Init
    main.o(i.MX_I2C1_Init) refers to main.o(.bss) for .bss
    main.o(i.MX_TIM1_Init) refers to stm32f4xx_hal_tim.o(i.HAL_TIM_PWM_MspInit) for HAL_TIM_PWM_MspInit
    main.o(i.MX_TIM1_Init) refers to stm32f4xx_hal_tim.o(i.HAL_TIM_PWM_Init) for HAL_TIM_PWM_Init
    main.o(i.MX_TIM1_Init) refers to stm32f4xx_hal_tim.o(i.HAL_TIM_PWM_ConfigChannel) for HAL_TIM_PWM_ConfigChannel
    main.o(i.MX_TIM1_Init) refers to main.o(.data) for .data
    main.o(i.SystemClock_Config) refers to stm32f4xx_hal_rcc.o(i.HAL_RCC_OscConfig) for HAL_RCC_OscConfig
    main.o(i.SystemClock_Config) refers to stm32f4xx_hal_rcc.o(i.HAL_RCC_ClockConfig) for HAL_RCC_ClockConfig
    main.o(i.SystemClock_Config) refers to stm32f4xx_hal_rcc.o(i.HAL_RCC_GetHCLKFreq) for HAL_RCC_GetHCLKFreq
    main.o(i.SystemClock_Config) refers to stm32f4xx_hal_cortex.o(i.HAL_SYSTICK_Config) for HAL_SYSTICK_Config
    main.o(i.SystemClock_Config) refers to stm32f4xx_hal_cortex.o(i.HAL_SYSTICK_CLKSourceConfig) for HAL_SYSTICK_CLKSourceConfig
    main.o(i.SystemClock_Config) refers to stm32f4xx_hal_cortex.o(i.HAL_NVIC_SetPriority) for HAL_NVIC_SetPriority
    main.o(i.TIM2_IRQHandler) refers to stm32f4xx_hal_tim.o(i.HAL_TIM_IRQHandler) for HAL_TIM_IRQHandler
    main.o(i.TIM2_IRQHandler) refers to main.o(.data) for .data
    main.o(i.TIM3_IRQHandler) refers to stm32f4xx_hal_tim.o(i.HAL_TIM_IRQHandler) for HAL_TIM_IRQHandler
    main.o(i.TIM3_IRQHandler) refers to main.o(.data) for .data
    main.o(i.angleFromProjections) refers to f2d.o(.text) for __aeabi_f2d
    main.o(i.angleFromProjections) refers to pow.o(i.__hardfp_pow) for __hardfp_pow
    main.o(i.angleFromProjections) refers to dadd.o(.text) for __aeabi_dadd
[...]
    Removing stm32f4xx_hal_flash_ex.o(i.FLASH_FlushCaches), (84 bytes).
    Removing stm32f4xx_hal_flash_ex.o(i.FLASH_MassErase), (40 bytes).
    Removing stm32f4xx_hal_flash_ex.o(i.HAL_FLASHEx_Erase), (152 bytes).
    Removing stm32f4xx_hal_flash_ex.o(i.HAL_FLASHEx_Erase_IT), (104 bytes).
    Removing stm32f4xx_hal_flash_ex.o(i.HAL_FLASHEx_OBGetConfig), (64 bytes).
    Removing stm32f4xx_hal_flash_ex.o(i.HAL_FLASHEx_OBProgram), (204 bytes).
    Removing stm32f4xx_hal_flash_ramfunc.o(.rev16_text), (4 bytes).
    Removing stm32f4xx_hal_flash_ramfunc.o(.revsh_text), (4 bytes).
    Removing stm32f4xx_hal_flash_ramfunc.o(.rrx_text), (6 bytes).
    Removing stm32f4xx_hal_gpio.o(.rev16_text), (4 bytes).
    Removing stm32f4xx_hal_gpio.o(.revsh_text), (4 bytes).
    Removing stm32f4xx_hal_gpio.o(.rrx_text), (6 bytes).
    Removing stm32f4xx_hal_gpio.o(i.HAL_GPIO_DeInit), (328 bytes).
    Removing stm32f4xx_hal_gpio.o(i.HAL_GPIO_EXTI_Callback), (2 bytes).
    Removing stm32f4xx_hal_gpio.o(i.HAL_GPIO_EXTI_IRQHandler), (24 bytes).
    Removing stm32f4xx_hal_gpio.o(i.HAL_GPIO_LockPin), (34 bytes).
    Removing stm32f4xx_hal_gpio.o(i.HAL_GPIO_ReadPin), (10 bytes).
    Removing stm32f4xx_hal_gpio.o(i.HAL_GPIO_TogglePin), (8 bytes).
    Removing stm32f4xx_hal_gpio.o(i.HAL_GPIO_WritePin), (10 bytes).
    Removing stm32f4xx_hal_dma_ex.o(.rev16_text), (4 bytes).
    Removing stm32f4xx_hal_dma_ex.o(.revsh_text), (4 bytes).
    Removing stm32f4xx_hal_dma_ex.o(.rrx_text), (6 bytes).
    Removing stm32f4xx_hal_dma_ex.o(i.DMA_MultiBufferSetConfig), (30 bytes).
    Removing stm32f4xx_hal_dma_ex.o(i.HAL_DMAEx_ChangeMemory), (14 bytes).
    Removing stm32f4xx_hal_dma_ex.o(i.HAL_DMAEx_MultiBufferStart), (100 bytes).
    Removing stm32f4xx_hal_dma_ex.o(i.HAL_DMAEx_MultiBufferStart_IT), (2432 bytes).
    Removing stm32f4xx_hal_dma.o(.rev16_text), (4 bytes).
    Removing stm32f4xx_hal_dma.o(.revsh_text), (4 bytes).
    Removing stm32f4xx_hal_dma.o(.rrx_text), (6 bytes).
    Removing stm32f4xx_hal_dma.o(i.DMA_CalcBaseAndBitshift), (40 bytes).
    Removing stm32f4xx_hal_dma.o(i.DMA_CheckFifoParam), (84 bytes).
    Removing stm32f4xx_hal_dma.o(i.DMA_SetConfig), (40 bytes).
    Removing stm32f4xx_hal_dma.o(i.HAL_DMA_Abort), (142 bytes).
    Removing stm32f4xx_hal_dma.o(i.HAL_DMA_Abort_IT), (36 bytes).
    Removing stm32f4xx_hal_dma.o(i.HAL_DMA_DeInit), (86 bytes).
    Removing stm32f4xx_hal_dma.o(i.HAL_DMA_GetError), (4 bytes).
    Removing stm32f4xx_hal_dma.o(i.HAL_DMA_GetState), (6 bytes).
    Removing stm32f4xx_hal_dma.o(i.HAL_DMA_IRQHandler), (416 bytes).
    Removing stm32f4xx_hal_dma.o(i.HAL_DMA_Init), (212 bytes).
    Removing stm32f4xx_hal_dma.o(i.HAL_DMA_PollForTransfer), (292 bytes).
    Removing stm32f4xx_hal_dma.o(i.HAL_DMA_RegisterCallback), (80 bytes).
    Removing stm32f4xx_hal_dma.o(i.HAL_DMA_Start), (70 bytes).
    Removing stm32f4xx_hal_dma.o(i.HAL_DMA_Start_IT), (120 bytes).
    Removing stm32f4xx_hal_dma.o(i.HAL_DMA_UnRegisterCallback), (96 bytes).
    Removing stm32f4xx_hal_dma.o(.constdata), (8 bytes).
    Removing stm32f4xx_hal_pwr.o(.rev16_text), (4 bytes).
    Removing stm32f4xx_hal_pwr.o(.revsh_text), (4 bytes).
    Removing stm32f4xx_hal_pwr.o(.rrx_text), (6 bytes).
    Removing stm32f4xx_hal_pwr.o(i.HAL_PWR_ConfigPVD), (124 bytes).
    Removing stm32f4xx_hal_pwr.o(i.HAL_PWR_DeInit), (24 bytes).
    Removing stm32f4xx_hal_pwr.o(i.HAL_PWR_DisableBkUpAccess), (12 bytes).
    Removing stm32f4xx_hal_pwr.o(i.HAL_PWR_DisablePVD), (12 bytes).
    Removing stm32f4xx_hal_pwr.o(i.HAL_PWR_DisableSEVOnPend), (16 bytes).
    Removing stm32f4xx_hal_pwr.o(i.HAL_PWR_DisableSleepOnExit), (16 bytes).
    Removing stm32f4xx_hal_pwr.o(i.HAL_PWR_DisableWakeUpPin), (16 bytes).
    Removing stm32f4xx_hal_pwr.o(i.HAL_PWR_EnableBkUpAccess), (12 bytes).
    Removing stm32f4xx_hal_pwr.o(i.HAL_PWR_EnablePVD), (12 bytes).
    Removing stm32f4xx_hal_pwr.o(i.HAL_PWR_EnableSEVOnPend), (16 bytes).
    Removing stm32f4xx_hal_pwr.o(i.HAL_PWR_EnableSleepOnExit), (16 bytes).
    Removing stm32f4xx_hal_pwr.o(i.HAL_PWR_EnableWakeUpPin), (16 bytes).
    Removing stm32f4xx_hal_pwr.o(i.HAL_PWR_EnterSLEEPMode), (32 bytes).
    Removing stm32f4xx_hal_pwr.o(i.HAL_PWR_EnterSTANDBYMode), (32 bytes).
    Removing stm32f4xx_hal_pwr.o(i.HAL_PWR_EnterSTOPMode), (56 bytes).
    Removing stm32f4xx_hal_pwr.o(i.HAL_PWR_PVDCallback), (2 bytes).
    Removing stm32f4xx_hal_pwr.o(i.HAL_PWR_PVD_IRQHandler), (28 bytes).
    Removing stm32f4xx_hal_pwr_ex.o(.rev16_text), (4 bytes).
    Removing stm32f4xx_hal_pwr_ex.o(.revsh_text), (4 bytes).
    Removing stm32f4xx_hal_pwr_ex.o(.rrx_text), (6 bytes).
    Removing stm32f4xx_hal_pwr_ex.o(i.HAL_PWREx_ControlVoltageScaling), (88 bytes).
    Removing stm32f4xx_hal_pwr_ex.o(i.HAL_PWREx_DisableBkUpReg), (60 bytes).
    Removing stm32f4xx_hal_pwr_ex.o(i.HAL_PWREx_DisableFlashPowerDown), (12 bytes).
    Removing stm32f4xx_hal_pwr_ex.o(i.HAL_PWREx_EnableBkUpReg), (60 bytes).
    Removing stm32f4xx_hal_pwr_ex.o(i.HAL_PWREx_EnableFlashPowerDown), (12 bytes).
    Removing stm32f4xx_hal_pwr_ex.o(i.HAL_PWREx_GetVoltageRange), (16 bytes).
    Removing stm32f4xx_hal_cortex.o(.rev16_text), (4 bytes).
    Removing stm32f4xx_hal_cortex.o(.revsh_text), (4 bytes).
    Removing stm32f4xx_hal_cortex.o(.rrx_text), (6 bytes).
    Removing stm32f4xx_hal_cortex.o(i.HAL_MPU_ConfigRegion), (84 bytes).
    Removing stm32f4xx_hal_cortex.o(i.HAL_MPU_Disable), (28 bytes).
    Removing stm32f4xx_hal_cortex.o(i.HAL_MPU_Enable), (36 bytes).
    Removing stm32f4xx_hal_cortex.o(i.HAL_NVIC_DisableIRQ), (22 bytes).
    Removing stm32f4xx_hal_cortex.o(i.HAL_NVIC_EnableIRQ), (22 bytes).
    Removing stm32f4xx_hal_cortex.o(i.HAL_NVIC_GetActive), (32 bytes).
    Removing stm32f4xx_hal_cortex.o(i.HAL_NVIC_GetPendingIRQ), (32 bytes).
    Removing stm32f4xx_hal_cortex.o(i.HAL_NVIC_GetPriority), (82 bytes).
    Removing stm32f4xx_hal_cortex.o(i.HAL_NVIC_GetPriorityGrouping), (16 bytes).
    Removing stm32f4xx_hal_cortex.o(i.HAL_NVIC_SetPendingIRQ), (22 bytes).
    Removing stm32f4xx_hal_cortex.o(i.HAL_NVIC_SystemReset), (36 bytes).
    Removing stm32f4xx_hal.o(.rev16_text), (4 bytes).
    Removing stm32f4xx_hal.o(.revsh_text), (4 bytes).
    Removing stm32f4xx_hal.o(.rrx_text), (6 bytes).
    Removing stm32f4xx_hal.o(i.HAL_DBGMCU_DisableDBGSleepMode), (16 bytes).
    Removing stm32f4xx_hal.o(i.HAL_DBGMCU_DisableDBGStandbyMode), (16 bytes).
    Removing stm32f4xx_hal.o(i.HAL_DBGMCU_DisableDBGStopMode), (16 bytes).
    Removing stm32f4xx_hal.o(i.HAL_DBGMCU_EnableDBGSleepMode), (16 bytes).
    Removing stm32f4xx_hal.o(i.HAL_DBGMCU_EnableDBGStandbyMode), (16 bytes).
    Removing stm32f4xx_hal.o(i.HAL_DBGMCU_EnableDBGStopMode), (16 bytes).
    Removing stm32f4xx_hal.o(i.HAL_DeInit), (52 bytes).
    Removing stm32f4xx_hal.o(i.HAL_Delay), (36 bytes).
    Removing stm32f4xx_hal.o(i.HAL_DisableCompensationCell), (12 bytes).
    Removing stm32f4xx_hal.o(i.HAL_EnableCompensationCell), (12 bytes).
    Removing stm32f4xx_hal.o(i.HAL_GetDEVID), (16 bytes).
    Removing stm32f4xx_hal.o(i.HAL_GetHalVersion), (8 bytes).
    Removing stm32f4xx_hal.o(i.HAL_GetREVID), (12 bytes).
    Removing stm32f4xx_hal.o(i.HAL_GetTickFreq), (12 bytes).
    Removing stm32f4xx_hal.o(i.HAL_GetTickPrio), (12 bytes).
    Removing stm32f4xx_hal.o(i.HAL_GetUID), (28 bytes).
    Removing stm32f4xx_hal.o(i.HAL_MspDeInit), (2 bytes).
    Removing stm32f4xx_hal.o(i.HAL_MspInit), (2 bytes).
    Removing stm32f4xx_hal.o(i.HAL_ResumeTick), (14 bytes).
    Removing stm32f4xx_hal.o(i.HAL_SetTickFreq), (28 bytes).
    Removing stm32f4xx_hal.o(i.HAL_SuspendTick), (14 bytes).
    Removing system_stm32f4xx.o(.rev16_text), (4 bytes).
    Removing system_stm32f4xx.o(.revsh_text), (4 bytes).
    Removing system_stm32f4xx.o(.rrx_text), (6 bytes).
    Removing system_stm32f4xx.o(i.SystemCoreClockUpdate), (124 bytes).
    Removing dneg.o(.text), (6 bytes).
    Removing cdcmple.o(.text), (48 bytes).

454 unused section(s) (total 34256 bytes) removed from the image.

==============================================================================

Image Symbol Table

    Local Symbols

    Symbol Name                              Value     Ov Type        Size  Object(Section)

    ..//Src/system_stm32f4xx.c               0x00000000   Number         0  system_stm32f4xx.o ABSOLUTE
    ../Drivers/STM32F4xx_HAL_Driver/Src/stm32f4xx_hal.c 0x00000000   Number         0  stm32f4xx_hal.o ABSOLUTE
    ../Drivers/STM32F4xx_HAL_Driver/Src/stm32f4xx_hal_adc.c 0x00000000   Number         0  stm32f4xx_hal_adc.o ABSOLUTE
    ../Drivers/STM32F4xx_HAL_Driver/Src/stm32f4xx_hal_adc_ex.c 0x00000000   Number         0  stm32f4xx_hal_adc_ex.o ABSOLUTE
    ../Drivers/STM32F4xx_HAL_Driver/Src/stm32f4xx_hal_cortex.c 0x00000000   Number         0  stm32f4xx_hal_cortex.o ABSOLUTE
    ../Drivers/STM32F4xx_HAL_Driver/Src/stm32f4xx_hal_dac.c 0x00000000   Number         0  stm32f4xx_hal_dac.o ABSOLUTE
    ../Drivers/STM32F4xx_HAL_Driver/Src/stm32f4xx_hal_dac_ex.c 0x00000000   Number         0  stm32f4xx_hal_dac_ex.o ABSOLUTE
    ../Drivers/STM32F4xx_HAL_Driver/Src/stm32f4xx_hal_dma.c 0x00000000   Number         0  stm32f4xx_hal_dma.o ABSOLUTE
    ../Drivers/STM32F4xx_HAL_Driver/Src/stm32f4xx_hal_dma_ex.c 0x00000000   Number         0  stm32f4xx_hal_dma_ex.o ABSOLUTE
    ../Drivers/STM32F4xx_HAL_Driver/Src/stm32f4xx_hal_flash.c 0x00000000   Number         0  stm32f4xx_hal_flash.o ABSOLUTE
    ../Drivers/STM32F4xx_HAL_Driver/Src/stm32f4xx_hal_flash_ex.c 0x00000000   Number         0  stm32f4xx_hal_flash_ex.o ABSOLUTE
    ../Drivers/STM32F4xx_HAL_Driver/Src/stm32f4xx_hal_flash_ramfunc.c 0x00000000   Number         0  stm32f4xx_hal_flash_ramfunc.o ABSOLUTE
    ../Drivers/STM32F4xx_HAL_Driver/Src/stm32f4xx_hal_gpio.c 0x00000000   Number         0  stm32f4xx_hal_gpio.o ABSOLUTE
    ../Drivers/STM32F4xx_HAL_Driver/Src/stm32f4xx_hal_i2c.c 0x00000000   Number         0  stm32f4xx_hal_i2c.o ABSOLUTE
    ../Drivers/STM32F4xx_HAL_Driver/Src/stm32f4xx_hal_i2c_ex.c 0x00000000   Number         0  stm32f4xx_hal_i2c_ex.o ABSOLUTE
    ../Drivers/STM32F4xx_HAL_Driver/Src/stm32f4xx_hal_pwr.c 0x00000000   Number         0  stm32f4xx_hal_pwr.o ABSOLUTE
    ../Drivers/STM32F4xx_HAL_Driver/Src/stm32f4xx_hal_pwr_ex.c 0x00000000   Number         0  stm32f4xx_hal_pwr_ex.o ABSOLUTE
    ../Drivers/STM32F4xx_HAL_Driver/Src/stm32f4xx_hal_rcc.c 0x00000000   Number         0  stm32f4xx_hal_rcc.o ABSOLUTE
    ../Drivers/STM32F4xx_HAL_Driver/Src/stm32f4xx_hal_rcc_ex.c 0x00000000   Number         0  stm32f4xx_hal_rcc_ex.o ABSOLUTE
    ../Drivers/STM32F4xx_HAL_Driver/Src/stm32f4xx_hal_tim.c 0x00000000   Number         0  stm32f4xx_hal_tim.o ABSOLUTE
    ../Drivers/STM32F4xx_HAL_Driver/Src/stm32f4xx_hal_tim_ex.c 0x00000000   Number         0  stm32f4xx_hal_tim_ex.o ABSOLUTE
    ../Src/main.c                            0x00000000   Number         0  main.o ABSOLUTE
    ../Src/stm32f4xx_hal_msp.c               0x00000000   Number         0  stm32f4xx_hal_msp.o ABSOLUTE
    ../Src/stm32f4xx_it.c                    0x00000000   Number         0  stm32f4xx_it.o ABSOLUTE
    ../clib/microlib/division.c              0x00000000   Number         0  uldiv.o ABSOLUTE
    ../clib/microlib/errno.c                 0x00000000   Number         0  errno.o ABSOLUTE
    ../clib/microlib/init/entry.s            0x00000000   Number         0  entry5.o ABSOLUTE
    ../clib/microlib/init/entry.s            0x00000000   Number         0  entry8a.o ABSOLUTE
    ../clib/microlib/init/entry.s            0x00000000   Number         0  entry8b.o ABSOLUTE
    ../clib/microlib/init/entry.s            0x00000000   Number         0  entry9a.o ABSOLUTE
    ../clib/microlib/init/entry.s            0x00000000   Number         0  entry11b.o ABSOLUTE
    ../clib/microlib/init/entry.s            0x00000000   Number         0  entry10a.o ABSOLUTE
    ../clib/microlib/init/entry.s            0x00000000   Number         0  entry.o ABSOLUTE
    ../clib/microlib/init/entry.s            0x00000000   Number         0  entry7b.o ABSOLUTE
    ../clib/microlib/init/entry.s            0x00000000   Number         0  entry7a.o ABSOLUTE
    ../clib/microlib/init/entry.s            0x00000000   Number         0  entry2.o ABSOLUTE
    ../clib/microlib/init/entry.s            0x00000000   Number         0  entry11a.o ABSOLUTE
    ../clib/microlib/init/entry.s            0x00000000   Number         0  entry9b.o ABSOLUTE
    ../clib/microlib/init/entry.s            0x00000000   Number         0  entry10b.o ABSOLUTE
    ../clib/microlib/longlong.c              0x00000000   Number         0  llshl.o ABSOLUTE
    ../clib/microlib/longlong.c              0x00000000   Number         0  llushr.o ABSOLUTE
    ../clib/microlib/longlong.c              0x00000000   Number         0  llsshr.o ABSOLUTE
    ../clib/microlib/string/memcpy.c         0x00000000   Number         0  memcpyb.o ABSOLUTE
    ../clib/microlib/string/memcpy.c         0x00000000   Number         0  memcpya.o ABSOLUTE
    ../clib/microlib/stubs.s                 0x00000000   Number         0  iusefp.o ABSOLUTE
    ../fplib/microlib/d2f.c                  0x00000000   Number         0  d2f.o ABSOLUTE
    ../fplib/microlib/f2d.c                  0x00000000   Number         0  f2d.o ABSOLUTE
    ../fplib/microlib/fpadd.c                0x00000000   Number         0  dadd.o ABSOLUTE
    ../fplib/microlib/fpcmp4.c               0x00000000   Number         0  dcmp4.o ABSOLUTE
    ../fplib/microlib/fpdiv.c                0x00000000   Number         0  ddiv.o ABSOLUTE
    ../fplib/microlib/fpepilogue.c           0x00000000   Number         0  fepilogue.o ABSOLUTE
    ../fplib/microlib/fpepilogue.c           0x00000000   Number         0  depilogue.o ABSOLUTE
    ../fplib/microlib/fpflt.c                0x00000000   Number         0  dflti.o ABSOLUTE
    ../fplib/microlib/fpmul.c                0x00000000   Number         0  dmul.o ABSOLUTE
    ../fplib/microlib/fpneg.c                0x00000000   Number         0  dneg.o ABSOLUTE
    ../fplib/microlib/fpscalb.c              0x00000000   Number         0  dscalb.o ABSOLUTE
    ../fplib/microlib/fpsqrt.c               0x00000000   Number         0  dsqrt.o ABSOLUTE
    ../mathlib/atan.c                        0x00000000   Number         0  atan_x.o ABSOLUTE
    ../mathlib/atan.c                        0x00000000   Number         0  atan.o ABSOLUTE
    ../mathlib/atan2.c                       0x00000000   Number         0  atan2.o ABSOLUTE
    ../mathlib/atan2.c                       0x00000000   Number         0  atan2_x.o ABSOLUTE
    ../mathlib/dunder.c                      0x00000000   Number         0  dunder.o ABSOLUTE
    ../mathlib/fabs.c                        0x00000000   Number         0  fabs.o ABSOLUTE
    ../mathlib/fmax.c                        0x00000000   Number         0  fmax.o ABSOLUTE
    ../mathlib/fpclassify.c                  0x00000000   Number         0  fpclassify.o ABSOLUTE
    ../mathlib/poly.c                        0x00000000   Number         0  poly.o ABSOLUTE
    ../mathlib/pow.c                         0x00000000   Number         0  pow.o ABSOLUTE
    ../mathlib/pow.c                         0x00000000   Number         0  pow_x.o ABSOLUTE
    ../mathlib/qnan.c                        0x00000000   Number         0  qnan.o ABSOLUTE
    ../mathlib/sqrt.c                        0x00000000   Number         0  sqrt_x.o ABSOLUTE
    ../mathlib/sqrt.c                        0x00000000   Number         0  sqrt.o ABSOLUTE
    ..\Drivers\STM32F4xx_HAL_Driver\Src\stm32f4xx_hal.c 0x00000000   Number         0  stm32f4xx_hal.o ABSOLUTE
    ..\Drivers\STM32F4xx_HAL_Driver\Src\stm32f4xx_hal_adc.c 0x00000000   Number         0  stm32f4xx_hal_adc.o ABSOLUTE
    ..\Drivers\STM32F4xx_HAL_Driver\Src\stm32f4xx_hal_adc_ex.c 0x00000000   Number         0  stm32f4xx_hal_adc_ex.o ABSOLUTE
    ..\Drivers\STM32F4xx_HAL_Driver\Src\stm32f4xx_hal_cortex.c 0x00000000   Number         0  stm32f4xx_hal_cortex.o ABSOLUTE
    ..\Drivers\STM32F4xx_HAL_Driver\Src\stm32f4xx_hal_dac.c 0x00000000   Number         0  stm32f4xx_hal_dac.o ABSOLUTE
    ..\Drivers\STM32F4xx_HAL_Driver\Src\stm32f4xx_hal_dac_ex.c 0x00000000   Number         0  stm32f4xx_hal_dac_ex.o ABSOLUTE
    ..\Drivers\STM32F4xx_HAL_Driver\Src\stm32f4xx_hal_dma.c 0x00000000   Number         0  stm32f4xx_hal_dma.o ABSOLUTE
    ..\Drivers\STM32F4xx_HAL_Driver\Src\stm32f4xx_hal_dma_ex.c 0x00000000   Number         0  stm32f4xx_hal_dma_ex.o ABSOLUTE
    ..\Drivers\STM32F4xx_HAL_Driver\Src\stm32f4xx_hal_flash.c 0x00000000   Number         0  stm32f4xx_hal_flash.o ABSOLUTE
    ..\Drivers\STM32F4xx_HAL_Driver\Src\stm32f4xx_hal_flash_ex.c 0x00000000   Number         0  stm32f4xx_hal_flash_ex.o ABSOLUTE
    ..\Drivers\STM32F4xx_HAL_Driver\Src\stm32f4xx_hal_flash_ramfunc.c 0x00000000   Number         0  stm32f4xx_hal_flash_ramfunc.o ABSOLUTE
    ..\Drivers\STM32F4xx_HAL_Driver\Src\stm32f4xx_hal_gpio.c 0x00000000   Number         0  stm32f4xx_hal_gpio.o ABSOLUTE
    ..\Drivers\STM32F4xx_HAL_Driver\Src\stm32f4xx_hal_i2c.c 0x00000000   Number         0  stm32f4xx_hal_i2c.o ABSOLUTE
    ..\Drivers\STM32F4xx_HAL_Driver\Src\stm32f4xx_hal_i2c_ex.c 0x00000000   Number         0  stm32f4xx_hal_i2c_ex.o ABSOLUTE
    ..\Drivers\STM32F4xx_HAL_Driver\Src\stm32f4xx_hal_pwr.c 0x00000000   Number         0  stm32f4xx_hal_pwr.o ABSOLUTE
    ..\Drivers\STM32F4xx_HAL_Driver\Src\stm32f4xx_hal_pwr_ex.c 0x00000000   Number         0  stm32f4xx_hal_pwr_ex.o ABSOLUTE
    ..\Drivers\STM32F4xx_HAL_Driver\Src\stm32f4xx_hal_rcc.c 0x00000000   Number         0  stm32f4xx_hal_rcc.o ABSOLUTE
    ..\Drivers\STM32F4xx_HAL_Driver\Src\stm32f4xx_hal_rcc_ex.c 0x00000000   Number         0  stm32f4xx_hal_rcc_ex.o ABSOLUTE
    ..\Drivers\STM32F4xx_HAL_Driver\Src\stm32f4xx_hal_tim.c 0x00000000   Number         0  stm32f4xx_hal_tim.o ABSOLUTE
    ..\Drivers\STM32F4xx_HAL_Driver\Src\stm32f4xx_hal_tim_ex.c 0x00000000   Number         0  stm32f4xx_hal_tim_ex.o ABSOLUTE
    ..\Src\main.c                            0x00000000   Number         0  main.o ABSOLUTE
    ..\Src\stm32f4xx_hal_msp.c               0x00000000   Number         0  stm32f4xx_hal_msp.o ABSOLUTE
    ..\Src\stm32f4xx_it.c                    0x00000000   Number         0  stm32f4xx_it.o ABSOLUTE
    ..\\Src\system_stm32f4xx.c               0x00000000   Number         0  system_stm32f4xx.o ABSOLUTE
    cdcmple.s                                0x00000000   Number         0  cdcmple.o ABSOLUTE
    cdrcmple.s                               0x00000000   Number         0  cdrcmple.o ABSOLUTE
    dc.s                                     0x00000000   Number         0  dc.o ABSOLUTE
    handlers.s                               0x00000000   Number         0  handlers.o ABSOLUTE
    init.s                                   0x00000000   Number         0  init.o ABSOLUTE
    startup_stm32f407xx.s                    0x00000000   Number         0  startup_stm32f407xx.o ABSOLUTE
    RESET                                    0x08000000   Section      392  startup_stm32f407xx.o(RESET)
    .ARM.Collect$$$$00000000                 0x08000188   Section        0  entry.o(.ARM.Collect$$$$00000000)
    .ARM.Collect$$$$00000001                 0x08000188   Section        4  entry2.o(.ARM.Collect$$$$00000001)
    .ARM.Collect$$$$00000004                 0x0800018c   Section        4  entry5.o(.ARM.Collect$$$$00000004)
    .ARM.Collect$$$$00000008                 0x08000190   Section        0  entry7b.o(.ARM.Collect$$$$00000008)
    .ARM.Collect$$$$0000000A                 0x08000190   Section        0  entry8b.o(.ARM.Collect$$$$0000000A)
    .ARM.Collect$$$$0000000B                 0x08000190   Section        8  entry9a.o(.ARM.Collect$$$$0000000B)
    .ARM.Collect$$$$0000000D                 0x08000198   Section        0  entry10a.o(.ARM.Collect$$$$0000000D)
    .ARM.Collect$$$$0000000F                 0x08000198   Section        0  entry11a.o(.ARM.Collect$$$$0000000F)
    .ARM.Collect$$$$00002712                 0x08000198   Section        4  entry2.o(.ARM.Collect$$$$00002712)
    __lit__00000000                          0x08000198   Data           4  entry2.o(.ARM.Collect$$$$00002712)
    .text                                    0x0800019c   Section       36  startup_stm32f407xx.o(.text)
    $v0                                      0x0800019c   Number         0  startup_stm32f407xx.o(.text)
    .text                                    0x080001c0   Section        0  uldiv.o(.text)
    .text                                    0x08000222   Section        0  memcpya.o(.text)
    .text                                    0x08000246   Section        0  dadd.o(.text)
    .text                                    0x08000394   Section        0  dmul.o(.text)
    .text                                    0x08000478   Section        0  ddiv.o(.text)
    .text                                    0x08000556   Section        0  dflti.o(.text)
    .text                                    0x08000578   Section        0  f2d.o(.text)
    .text                                    0x080005a0   Section       48  cdrcmple.o(.text)
    .text                                    0x080005d0   Section        0  d2f.o(.text)
    .text                                    0x08000608   Section        0  llshl.o(.text)
    .text                                    0x08000626   Section        0  llushr.o(.text)
    .text                                    0x08000646   Section        0  llsshr.o(.text)
    .text                                    0x0800066a   Section        0  fepilogue.o(.text)
    .text                                    0x0800066a   Section        0  iusefp.o(.text)
    .text                                    0x080006d8   Section        0  depilogue.o(.text)
    .text                                    0x08000792   Section        0  dscalb.o(.text)
    .text                                    0x080007c0   Section        0  dsqrt.o(.text)
    .text                                    0x08000862   Section        0  dcmp4.o(.text)
    .text                                    0x080008c4   Section       36  init.o(.text)
    i.ADC_Init                               0x080008e8   Section        0  stm32f4xx_hal_adc.o(i.ADC_Init)
    ADC_Init                                 0x080008e9   Thumb Code   280  stm32f4xx_hal_adc.o(i.ADC_Init)
    i.BusFault_Handler                       0x08000a0c   Section        0  stm32f4xx_it.o(i.BusFault_Handler)
    i.DebugMon_Handler                       0x08000a0e   Section        0  stm32f4xx_it.o(i.DebugMon_Handler)
    i.HAL_ADC_ConfigChannel                  0x08000a10   Section        0  stm32f4xx_hal_adc.o(i.HAL_ADC_ConfigChannel)
    i.HAL_ADC_GetValue                       0x08000b5c   Section        0  stm32f4xx_hal_adc.o(i.HAL_ADC_GetValue)
    i.HAL_ADC_Init                           0x08000b62   Section        0  stm32f4xx_hal_adc.o(i.HAL_ADC_Init)
    i.HAL_ADC_MspInit                        0x08000bb8   Section        0  stm32f4xx_hal_msp.o(i.HAL_ADC_MspInit)
    i.HAL_ADC_PollForConversion              0x08000c18   Section        0  stm32f4xx_hal_adc.o(i.HAL_ADC_PollForConversion)
    i.HAL_ADC_Start                          0x08000cbc   Section        0  stm32f4xx_hal_adc.o(i.HAL_ADC_Start)
    i.HAL_ADC_Stop                           0x08000d78   Section        0  stm32f4xx_hal_adc.o(i.HAL_ADC_Stop)
    i.HAL_DAC_ConfigChannel                  0x08000db4   Section        0  stm32f4xx_hal_dac.o(i.HAL_DAC_ConfigChannel)
    i.HAL_DAC_Init                           0x08000df6   Section        0  stm32f4xx_hal_dac.o(i.HAL_DAC_Init)
    i.HAL_DAC_MspInit                        0x08000e20   Section        0  stm32f4xx_hal_msp.o(i.HAL_DAC_MspInit)
    i.HAL_GPIO_Init                          0x08000e64   Section        0  stm32f4xx_hal_gpio.o(i.HAL_GPIO_Init)
    i.HAL_GetTick                            0x08001014   Section        0  stm32f4xx_hal.o(i.HAL_GetTick)
    i.HAL_I2C_Init                           0x08001020   Section        0  stm32f4xx_hal_i2c.o(i.HAL_I2C_Init)
    i.HAL_I2C_MspInit                        0x08001128   Section        0  stm32f4xx_hal_msp.o(i.HAL_I2C_MspInit)
    i.HAL_IncTick                            0x08001174   Section        0  stm32f4xx_hal.o(i.HAL_IncTick)
    i.HAL_Init                               0x08001184   Section        0  stm32f4xx_hal.o(i.HAL_Init)
    i.HAL_InitTick                           0x080011b8   Section        0  stm32f4xx_hal.o(i.HAL_InitTick)
    i.HAL_MspInit                            0x080011f8   Section        0  stm32f4xx_hal_msp.o(i.HAL_MspInit)
    i.HAL_NVIC_ClearPendingIRQ               0x0800127c   Section        0  stm32f4xx_hal_cortex.o(i.HAL_NVIC_ClearPendingIRQ)
    i.HAL_NVIC_SetPriority                   0x08001294   Section        0  stm32f4xx_hal_cortex.o(i.HAL_NVIC_SetPriority)
    i.HAL_NVIC_SetPriorityGrouping           0x080012d4   Section        0  stm32f4xx_hal_cortex.o(i.HAL_NVIC_SetPriorityGrouping)
    i.HAL_RCC_ClockConfig                    0x080012f8   Section        0  stm32f4xx_hal_rcc.o(i.HAL_RCC_ClockConfig)
    i.HAL_RCC_GetHCLKFreq                    0x08001428   Section        0  stm32f4xx_hal_rcc.o(i.HAL_RCC_GetHCLKFreq)
    i.HAL_RCC_GetPCLK1Freq                   0x08001434   Section        0  stm32f4xx_hal_rcc.o(i.HAL_RCC_GetPCLK1Freq)
    i.HAL_RCC_GetSysClockFreq                0x08001454   Section        0  stm32f4xx_hal_rcc.o(i.HAL_RCC_GetSysClockFreq)
    i.HAL_RCC_OscConfig                      0x080014b8   Section        0  stm32f4xx_hal_rcc.o(i.HAL_RCC_OscConfig)
    i.HAL_SYSTICK_CLKSourceConfig            0x080017d4   Section        0  stm32f4xx_hal_cortex.o(i.HAL_SYSTICK_CLKSourceConfig)
    i.HAL_SYSTICK_Callback                   0x080017ec   Section        0  stm32f4xx_hal_cortex.o(i.HAL_SYSTICK_Callback)
    i.HAL_SYSTICK_Config                     0x080017ee   Section        0  stm32f4xx_hal_cortex.o(i.HAL_SYSTICK_Config)
    i.HAL_SYSTICK_IRQHandler                 0x08001816   Section        0  stm32f4xx_hal_cortex.o(i.HAL_SYSTICK_IRQHandler)
    i.HAL_TIMEx_BreakCallback                0x0800181e   Section        0  stm32f4xx_hal_tim_ex.o(i.HAL_TIMEx_BreakCallback)
    i.HAL_TIMEx_CommutationCallback          0x08001820   Section        0  stm32f4xx_hal_tim_ex.o(i.HAL_TIMEx_CommutationCallback)
    i.HAL_TIM_Base_Init                      0x08001822   Section        0  stm32f4xx_hal_tim.o(i.HAL_TIM_Base_Init)
    i.HAL_TIM_Base_MspInit                   0x08001858   Section        0  stm32f4xx_hal_msp.o(i.HAL_TIM_Base_MspInit)
    i.HAL_TIM_Base_Start_IT                  0x08001880   Section        0  stm32f4xx_hal_tim.o(i.HAL_TIM_Base_Start_IT)
    i.HAL_TIM_Base_Stop_IT                   0x08001898   Section        0  stm32f4xx_hal_tim.o(i.HAL_TIM_Base_Stop_IT)
    i.HAL_TIM_IC_CaptureCallback             0x080018c2   Section        0  stm32f4xx_hal_tim.o(i.HAL_TIM_IC_CaptureCallback)
    i.HAL_TIM_IRQHandler                     0x080018c4   Section        0  stm32f4xx_hal_tim.o(i.HAL_TIM_IRQHandler)
    i.HAL_TIM_OC_DelayElapsedCallback        0x08001a2a   Section        0  stm32f4xx_hal_tim.o(i.HAL_TIM_OC_DelayElapsedCallback)
    i.HAL_TIM_PWM_ConfigChannel              0x08001a2c   Section        0  stm32f4xx_hal_tim.o(i.HAL_TIM_PWM_ConfigChannel)
    i.HAL_TIM_PWM_Init                       0x08001afc   Section        0  stm32f4xx_hal_tim.o(i.HAL_TIM_PWM_Init)
    i.HAL_TIM_PWM_MspInit                    0x08001b32   Section        0  stm32f4xx_hal_tim.o(i.HAL_TIM_PWM_MspInit)
    i.HAL_TIM_PWM_PulseFinishedCallback      0x08001b34   Section        0  stm32f4xx_hal_tim.o(i.HAL_TIM_PWM_PulseFinishedCallback)
    i.HAL_TIM_PWM_Start                      0x08001b38   Section        0  stm32f4xx_hal_tim.o(i.HAL_TIM_PWM_Start)
    i.HAL_TIM_PWM_Stop                       0x08001b70   Section        0  stm32f4xx_hal_tim.o(i.HAL_TIM_PWM_Stop)
    i.HAL_TIM_PeriodElapsedCallback          0x08001bcc   Section        0  main.o(i.HAL_TIM_PeriodElapsedCallback)
    i.HAL_TIM_TriggerCallback                0x08001c70   Section        0  stm32f4xx_hal_tim.o(i.HAL_TIM_TriggerCallback)
    i.HardFault_Handler                      0x08001c72   Section        0  stm32f4xx_it.o(i.HardFault_Handler)
    i.MX_ADC1_Init                           0x08001c74   Section        0  main.o(i.MX_ADC1_Init)
    MX_ADC1_Init                             0x08001c75   Thumb Code    70  main.o(i.MX_ADC1_Init)
    i.MX_ADC2_Init                           0x08001cc8   Section        0  main.o(i.MX_ADC2_Init)
    MX_ADC2_Init                             0x08001cc9   Thumb Code    70  main.o(i.MX_ADC2_Init)
    i.MX_DAC_Init                            0x08001d1c   Section        0  main.o(i.MX_DAC_Init)
    MX_DAC_Init                              0x08001d1d   Thumb Code    60  main.o(i.MX_DAC_Init)
    i.MX_GPIO_Init                           0x08001d60   Section        0  main.o(i.MX_GPIO_Init)
    MX_GPIO_Init                             0x08001d61   Thumb Code   100  main.o(i.MX_GPIO_Init)
    i.MX_I2C1_Init                           0x08001dcc   Section        0  main.o(i.MX_I2C1_Init)
    MX_I2C1_Init                             0x08001dcd   Thumb Code    44  main.o(i.MX_I2C1_Init)
    i.MX_TIM1_Init                           0x08001e04   Section        0  main.o(i.MX_TIM1_Init)
    MX_TIM1_Init                             0x08001e05   Thumb Code    74  main.o(i.MX_TIM1_Init)
    i.MemManage_Handler                      0x08001e58   Section        0  stm32f4xx_it.o(i.MemManage_Handler)
    i.NMI_Handler                            0x08001e5a   Section        0  stm32f4xx_it.o(i.NMI_Handler)
    i.NVIC_EnableIRQ                         0x08001e5c   Section        0  main.o(i.NVIC_EnableIRQ)
    NVIC_EnableIRQ                           0x08001e5d   Thumb Code    22  main.o(i.NVIC_EnableIRQ)
    i.NVIC_SetPriority                       0x08001e72   Section        0  stm32f4xx_hal_cortex.o(i.NVIC_SetPriority)
    NVIC_SetPriority                         0x08001e73   Thumb Code    32  stm32f4xx_hal_cortex.o(i.NVIC_SetPriority)
    i.PendSV_Handler                         0x08001e92   Section        0  stm32f4xx_it.o(i.PendSV_Handler)
    i.SVC_Handler                            0x08001e94   Section        0  stm32f4xx_it.o(i.SVC_Handler)
    i.SysTick_Handler                        0x08001e96   Section        0  stm32f4xx_it.o(i.SysTick_Handler)
    i.SystemClock_Config                     0x08001ea4   Section        0  main.o(i.SystemClock_Config)
    i.SystemInit                             0x08001f44   Section        0  system_stm32f4xx.o(i.SystemInit)
    i.TIM2_IRQHandler                        0x08001f98   Section        0  main.o(i.TIM2_IRQHandler)
    i.TIM3_IRQHandler                        0x08001fa4   Section        0  main.o(i.TIM3_IRQHandler)
    i.TIM_Base_SetConfig                     0x08001fb0   Section        0  stm32f4xx_hal_tim.o(i.TIM_Base_SetConfig)
    i.TIM_CCxChannelCmd                      0x08002070   Section        0  stm32f4xx_hal_tim.o(i.TIM_CCxChannelCmd)
    i.TIM_OC1_SetConfig                      0x08002088   Section        0  stm32f4xx_hal_tim.o(i.TIM_OC1_SetConfig)
    TIM_OC1_SetConfig                        0x08002089   Thumb Code    80  stm32f4xx_hal_tim.o(i.TIM_OC1_SetConfig)
    i.TIM_OC2_SetConfig                      0x080020e0   Section        0  stm32f4xx_hal_tim.o(i.TIM_OC2_SetConfig)
    i.TIM_OC3_SetConfig                      0x08002144   Section        0  stm32f4xx_hal_tim.o(i.TIM_OC3_SetConfig)
    TIM_OC3_SetConfig                        0x08002145   Thumb Code    88  stm32f4xx_hal_tim.o(i.TIM_OC3_SetConfig)
    i.TIM_OC4_SetConfig                      0x080021a4   Section        0  stm32f4xx_hal_tim.o(i.TIM_OC4_SetConfig)
    TIM_OC4_SetConfig                        0x080021a5   Thumb Code    70  stm32f4xx_hal_tim.o(i.TIM_OC4_SetConfig)
    i.UsageFault_Handler                     0x080021f4   Section        0  stm32f4xx_it.o(i.UsageFault_Handler)
    i.__ARM_fpclassify                       0x080021f6   Section        0  fpclassify.o(i.__ARM_fpclassify)
    i.__hardfp_atan                          0x08002228   Section        0  atan.o(i.__hardfp_atan)
    i.__hardfp_atan2                         0x08002500   Section        0  atan2.o(i.__hardfp_atan2)
    i.__hardfp_fmax                          0x080026f0   Section        0  fmax.o(i.__hardfp_fmax)
    i.__hardfp_pow                           0x08002768   Section        0  pow.o(i.__hardfp_pow)
    i.__hardfp_sqrt                          0x080033b8   Section        0  sqrt.o(i.__hardfp_sqrt)
    i.__kernel_poly                          0x08003432   Section        0  poly.o(i.__kernel_poly)
    i.__mathlib_dbl_divzero                  0x08003530   Section        0  dunder.o(i.__mathlib_dbl_divzero)
    i.__mathlib_dbl_infnan                   0x08003560   Section        0  dunder.o(i.__mathlib_dbl_infnan)
    i.__mathlib_dbl_infnan2                  0x08003574   Section        0  dunder.o(i.__mathlib_dbl_infnan2)
    i.__mathlib_dbl_invalid                  0x08003588   Section        0  dunder.o(i.__mathlib_dbl_invalid)
    i.__mathlib_dbl_overflow                 0x080035a8   Section        0  dunder.o(i.__mathlib_dbl_overflow)
    i.__mathlib_dbl_underflow                0x080035c8   Section        0  dunder.o(i.__mathlib_dbl_underflow)
    i.__scatterload_copy                     0x080035e8   Section       14  handlers.o(i.__scatterload_copy)
    i.__scatterload_null                     0x080035f6   Section        2  handlers.o(i.__scatterload_null)
    i.__scatterload_zeroinit                 0x080035f8   Section       14  handlers.o(i.__scatterload_zeroinit)
    i.__set_errno                            0x08003608   Section        0  errno.o(i.__set_errno)
    i.angleFromProjections                   0x08003614   Section        0  main.o(i.angleFromProjections)
    i.atan                                   0x080036f8   Section        0  atan.o(i.atan)
    i.convertAngelToDACValue                 0x08003708   Section        0  main.o(i.convertAngelToDACValue)
    i.convertCurrentXAngelToSignalPeriod     0x080037b8   Section        0  main.o(i.convertCurrentXAngelToSignalPeriod)
    i.createStartAngleOfRotation             0x08003804   Section        0  main.o(i.createStartAngleOfRotation)
    i.currentADCValueWithHandleType          0x08003808   Section        0  main.o(i.currentADCValueWithHandleType)
    i.currentVoltageWithHandleType           0x08003840   Section        0  main.o(i.currentVoltageWithHandleType)
    i.disableTimerInterruptIfNeeded          0x080038b8   Section        0  main.o(i.disableTimerInterruptIfNeeded)
    i.emergencyTrackingWithCurrentAngels     0x080038fc   Section        0  main.o(i.emergencyTrackingWithCurrentAngels)
    i.enableTimerInterruptIfNeeded           0x080039d4   Section        0  main.o(i.enableTimerInterruptIfNeeded)
    i.fabs                                   0x08003a18   Section        0  fabs.o(i.fabs)
    i.joystickControl                        0x08003a30   Section        0  main.o(i.joystickControl)
    i.main                                   0x08003aec   Section        0  main.o(i.main)
    i.obtainAccelerationXAxis                0x08003c18   Section        0  main.o(i.obtainAccelerationXAxis)
    i.obtainAccelerationYAxis                0x08003c44   Section        0  main.o(i.obtainAccelerationYAxis)
    i.obtainAccelerationZAxis                0x08003c70   Section        0  main.o(i.obtainAccelerationZAxis)
    i.obtainCurrentAngleOfRotation           0x08003c9c   Section        0  main.o(i.obtainCurrentAngleOfRotation)
    i.obtainCurrentAngleOfRotationWithStartAngle 0x08003d04   Section        0  main.o(i.obtainCurrentAngleOfRotationWithStartAngle)
    i.obtainCurrentGyroscopeValue            0x08003d44   Section        0  main.o(i.obtainCurrentGyroscopeValue)
    i.obtainGyroscopeValueX                  0x08003d68   Section        0  main.o(i.obtainGyroscopeValueX)
    i.obtainGyroscopeValueY                  0x08003d94   Section        0  main.o(i.obtainGyroscopeValueY)
    i.obtainGyroscopeValueZ                  0x08003dc0   Section        0  main.o(i.obtainGyroscopeValueZ)
    i.prepareI2C                             0x08003dec   Section        0  main.o(i.prepareI2C)
    i.readI2C                                0x08003ef4   Section        0  main.o(i.readI2C)
    i.sensitivitySetting                     0x08003fb0   Section        0  main.o(i.sensitivitySetting)
    i.sensorControl                          0x0800402c   Section        0  main.o(i.sensorControl)
    i.sidewaysDACWithDACValue                0x080040c0   Section        0  main.o(i.sidewaysDACWithDACValue)
    i.sidewaysMotionDACWithCurrentAngel      0x080040d8   Section        0  main.o(i.sidewaysMotionDACWithCurrentAngel)
    i.sidewaysMotionVoltageADC               0x080040e8   Section        0  main.o(i.sidewaysMotionVoltageADC)
    i.signalsWithNumberOfSignals             0x08004130   Section        0  main.o(i.signalsWithNumberOfSignals)
    i.speakerWithSignalPeriod                0x08004168   Section        0  main.o(i.speakerWithSignalPeriod)
    i.sqrt                                   0x0800418c   Section        0  sqrt.o(i.sqrt)
    i.startTimer                             0x080041fc   Section        0  main.o(i.startTimer)
    i.stopTimer                              0x08004208   Section        0  main.o(i.stopTimer)
    i.straightDACWithDACValue                0x08004214   Section        0  main.o(i.straightDACWithDACValue)
    i.straightMotionDACWithCurrentAngel      0x08004228   Section        0  main.o(i.straightMotionDACWithCurrentAngel)
    i.straightMotionVoltageADC               0x08004238   Section        0  main.o(i.straightMotionVoltageADC)
    i.synchronousDelay                       0x0800427c   Section        0  main.o(i.synchronousDelay)
    .constdata                               0x0800428a   Section       16  system_stm32f4xx.o(.constdata)
    .constdata                               0x0800429a   Section        8  system_stm32f4xx.o(.constdata)
    .constdata                               0x080042a8   Section      136  pow.o(.constdata)
    bp                                       0x080042a8   Data          16  pow.o(.constdata)
    dp_h                                     0x080042b8   Data          16  pow.o(.constdata)
    dp_l                                     0x080042c8   Data          16  pow.o(.constdata)
    L                                        0x080042d8   Data          48  pow.o(.constdata)
    P                                        0x08004308   Data          40  pow.o(.constdata)
    .constdata                               0x08004330   Section      152  atan.o(.constdata)
    atanhi                                   0x08004330   Data          32  atan.o(.constdata)
    atanlo                                   0x08004350   Data          32  atan.o(.constdata)
    aTodd                                    0x08004370   Data          40  atan.o(.constdata)
    aTeven                                   0x08004398   Data          48  atan.o(.constdata)
    .constdata                               0x080043c8   Section        8  qnan.o(.constdata)
    .data                                    0x20000000   Section      200  main.o(.data)
    htim1                                    0x20000008   Data          60  main.o(.data)
    htim2                                    0x20000044   Data          60  main.o(.data)
    htim3                                    0x20000080   Data          60  main.o(.data)
    .data                                    0x200000c8   Section       12  stm32f4xx_hal.o(.data)
    .data                                    0x200000d4   Section        4  system_stm32f4xx.o(.data)
    .data                                    0x200000d8   Section        4  errno.o(.data)
    _errno                                   0x200000d8   Data           4  errno.o(.data)
    .bss                                     0x200000dc   Section      248  main.o(.bss)
    STACK                                    0x200001d8   Section     1024  startup_stm32f407xx.o(STACK)

    Global Symbols

    Symbol Name                              Value     Ov Type        Size  Object(Section)

    BuildAttributes$$THM_ISAv4$E$P$D$K$B$S$7EM$VFPi3$EXTD16$VFPS$VFMA$PE$A:L22UL41UL21$X:L11$S22US41US21$IEEE1$IW$USESV6$~STKCKD$USESV7$~SHL$OTIME$ROPI$IEEEX$EBA8$MICROLIB$REQ8$PRES8$EABIv2 0x00000000   Number         0  anon$$obj.o ABSOLUTE
    __ARM_use_no_argv                        0x00000000   Number         0  main.o ABSOLUTE
    __cpp_initialize__aeabi_                  - Undefined Weak Reference
    __cxa_finalize                            - Undefined Weak Reference
    __decompress                              - Undefined Weak Reference
    _clock_init                               - Undefined Weak Reference
    _microlib_exit                            - Undefined Weak Reference
    __Vectors_Size                           0x00000188   Number         0  startup_stm32f407xx.o ABSOLUTE
    __Vectors                                0x08000000   Data           4  startup_stm32f407xx.o(RESET)
    __Vectors_End                            0x08000188   Data           0  startup_stm32f407xx.o(RESET)
    __main                                   0x08000189   Thumb Code     0  entry.o(.ARM.Collect$$$$00000000)
    _main_stk                                0x08000189   Thumb Code     0  entry2.o(.ARM.Collect$$$$00000001)
    _main_scatterload                        0x0800018d   Thumb Code     0  entry5.o(.ARM.Collect$$$$00000004)
    __main_after_scatterload                 0x08000191   Thumb Code     0  entry5.o(.ARM.Collect$$$$00000004)
    _main_clock                              0x08000191   Thumb Code     0  entry7b.o(.ARM.Collect$$$$00000008)
    _main_cpp_init                           0x08000191   Thumb Code     0  entry8b.o(.ARM.Collect$$$$0000000A)
    _main_init                               0x08000191   Thumb Code     0  entry9a.o(.ARM.Collect$$$$0000000B)
    __rt_final_cpp                           0x08000199   Thumb Code     0  entry10a.o(.ARM.Collect$$$$0000000D)
    __rt_final_exit                          0x08000199   Thumb Code     0  entry11a.o(.ARM.Collect$$$$0000000F)
    Reset_Handler                            0x0800019d   Thumb Code     8  startup_stm32f407xx.o(.text)
    ADC_IRQHandler                           0x080001b7   Thumb Code     0  startup_stm32f407xx.o(.text)
    CAN1_RX0_IRQHandler                      0x080001b7   Thumb Code     0  startup_stm32f407xx.o(.text)
    CAN1_RX1_IRQHandler                      0x080001b7   Thumb Code     0  startup_stm32f407xx.o(.text)
    CAN1_SCE_IRQHandler                      0x080001b7   Thumb Code     0  startup_stm32f407xx.o(.text)
    CAN1_TX_IRQHandler                       0x080001b7   Thumb Code     0  startup_stm32f407xx.o(.text)
    CAN2_RX0_IRQHandler                      0x080001b7   Thumb Code     0  startup_stm32f407xx.o(.text)
    CAN2_RX1_IRQHandler                      0x080001b7   Thumb Code     0  startup_stm32f407xx.o(.text)
    CAN2_SCE_IRQHandler                      0x080001b7   Thumb Code     0  startup_stm32f407xx.o(.text)
    CAN2_TX_IRQHandler                       0x080001b7   Thumb Code     0  startup_stm32f407xx.o(.text)
    DCMI_IRQHandler                          0x080001b7   Thumb Code     0  startup_stm32f407xx.o(.text)
    DMA1_Stream0_IRQHandler                  0x080001b7   Thumb Code     0  startup_stm32f407xx.o(.text)
    DMA1_Stream1_IRQHandler                  0x080001b7   Thumb Code     0  startup_stm32f407xx.o(.text)
    DMA1_Stream2_IRQHandler                  0x080001b7   Thumb Code     0  startup_stm32f407xx.o(.text)
    DMA1_Stream3_IRQHandler                  0x080001b7   Thumb Code     0  startup_stm32f407xx.o(.text)
    DMA1_Stream4_IRQHandler                  0x080001b7   Thumb Code     0  startup_stm32f407xx.o(.text)
    DMA1_Stream5_IRQHandler                  0x080001b7   Thumb Code     0  startup_stm32f407xx.o(.text)
    DMA1_Stream6_IRQHandler                  0x080001b7   Thumb Code     0  startup_stm32f407xx.o(.text)
    DMA1_Stream7_IRQHandler                  0x080001b7   Thumb Code     0  startup_stm32f407xx.o(.text)
    DMA2_Stream0_IRQHandler                  0x080001b7   Thumb Code     0  startup_stm32f407xx.o(.text)
    DMA2_Stream1_IRQHandler                  0x080001b7   Thumb Code     0  startup_stm32f407xx.o(.text)
    DMA2_Stream2_IRQHandler                  0x080001b7   Thumb Code     0  startup_stm32f407xx.o(.text)
    DMA2_Stream3_IRQHandler                  0x080001b7   Thumb Code     0  startup_stm32f407xx.o(.text)
    DMA2_Stream4_IRQHandler                  0x080001b7   Thumb Code     0  startup_stm32f407xx.o(.text)
    DMA2_Stream5_IRQHandler                  0x080001b7   Thumb Code     0  startup_stm32f407xx.o(.text)
    DMA2_Stream6_IRQHandler                  0x080001b7   Thumb Code     0  startup_stm32f407xx.o(.text)
    DMA2_Stream7_IRQHandler                  0x080001b7   Thumb Code     0  startup_stm32f407xx.o(.text)
    ETH_IRQHandler                           0x080001b7   Thumb Code     0  startup_stm32f407xx.o(.text)
    ETH_WKUP_IRQHandler                      0x080001b7   Thumb Code     0  startup_stm32f407xx.o(.text)
    EXTI0_IRQHandler                         0x080001b7   Thumb Code     0  startup_stm32f407xx.o(.text)
    EXTI15_10_IRQHandler                     0x080001b7   Thumb Code     0  startup_stm32f407xx.o(.text)
    EXTI1_IRQHandler                         0x080001b7   Thumb Code     0  startup_stm32f407xx.o(.text)
    EXTI2_IRQHandler                         0x080001b7   Thumb Code     0  startup_stm32f407xx.o(.text)
    EXTI3_IRQHandler                         0x080001b7   Thumb Code     0  startup_stm32f407xx.o(.text)
    EXTI4_IRQHandler                         0x080001b7   Thumb Code     0  startup_stm32f407xx.o(.text)
    EXTI9_5_IRQHandler                       0x080001b7   Thumb Code     0  startup_stm32f407xx.o(.text)
    FLASH_IRQHandler                         0x080001b7   Thumb Code     0  startup_stm32f407xx.o(.text)
    FMC_IRQHandler                           0x080001b7   Thumb Code     0  startup_stm32f407xx.o(.text)
    FPU_IRQHandler                           0x080001b7   Thumb Code     0  startup_stm32f407xx.o(.text)
    HASH_RNG_IRQHandler                      0x080001b7   Thumb Code     0  startup_stm32f407xx.o(.text)
    I2C1_ER_IRQHandler                       0x080001b7   Thumb Code     0  startup_stm32f407xx.o(.text)
    I2C1_EV_IRQHandler                       0x080001b7   Thumb Code     0  startup_stm32f407xx.o(.text)
    I2C2_ER_IRQHandler                       0x080001b7   Thumb Code     0  startup_stm32f407xx.o(.text)
    I2C2_EV_IRQHandler                       0x080001b7   Thumb Code     0  startup_stm32f407xx.o(.text)
    I2C3_ER_IRQHandler                       0x080001b7   Thumb Code     0  startup_stm32f407xx.o(.text)
    I2C3_EV_IRQHandler                       0x080001b7   Thumb Code     0  startup_stm32f407xx.o(.text)
    OTG_FS_IRQHandler                        0x080001b7   Thumb Code     0  startup_stm32f407xx.o(.text)
    OTG_FS_WKUP_IRQHandler                   0x080001b7   Thumb Code     0  startup_stm32f407xx.o(.text)
    OTG_HS_EP1_IN_IRQHandler                 0x080001b7   Thumb Code     0  startup_stm32f407xx.o(.text)
    OTG_HS_EP1_OUT_IRQHandler                0x080001b7   Thumb Code     0  startup_stm32f407xx.o(.text)
    OTG_HS_IRQHandler                        0x080001b7   Thumb Code     0  startup_stm32f407xx.o(.text)
    OTG_HS_WKUP_IRQHandler                   0x080001b7   Thumb Code     0  startup_stm32f407xx.o(.text)
    PVD_IRQHandler                           0x080001b7   Thumb Code     0  startup_stm32f407xx.o(.text)
    RCC_IRQHandler                           0x080001b7   Thumb Code     0  startup_stm32f407xx.o(.text)
    RTC_Alarm_IRQHandler                     0x080001b7   Thumb Code     0  startup_stm32f407xx.o(.text)
    RTC_WKUP_IRQHandler                      0x080001b7   Thumb Code     0  startup_stm32f407xx.o(.text)
    SDIO_IRQHandler                          0x080001b7   Thumb Code     0  startup_stm32f407xx.o(.text)
    SPI1_IRQHandler                          0x080001b7   Thumb Code     0  startup_stm32f407xx.o(.text)
    SPI2_IRQHandler                          0x080001b7   Thumb Code     0  startup_stm32f407xx.o(.text)
    SPI3_IRQHandler                          0x080001b7   Thumb Code     0  startup_stm32f407xx.o(.text)
    TAMP_STAMP_IRQHandler                    0x080001b7   Thumb Code     0  startup_stm32f407xx.o(.text)
    TIM1_BRK_TIM9_IRQHandler                 0x080001b7   Thumb Code     0  startup_stm32f407xx.o(.text)
    TIM1_CC_IRQHandler                       0x080001b7   Thumb Code     0  startup_stm32f407xx.o(.text)
    TIM1_TRG_COM_TIM11_IRQHandler            0x080001b7   Thumb Code     0  startup_stm32f407xx.o(.text)
    TIM1_UP_TIM10_IRQHandler                 0x080001b7   Thumb Code     0  startup_stm32f407xx.o(.text)
    TIM4_IRQHandler                          0x080001b7   Thumb Code     0  startup_stm32f407xx.o(.text)
    TIM5_IRQHandler                          0x080001b7   Thumb Code     0  startup_stm32f407xx.o(.text)
    TIM6_DAC_IRQHandler                      0x080001b7   Thumb Code     0  startup_stm32f407xx.o(.text)
    TIM7_IRQHandler                          0x080001b7   Thumb Code     0  startup_stm32f407xx.o(.text)
    TIM8_BRK_TIM12_IRQHandler                0x080001b7   Thumb Code     0  startup_stm32f407xx.o(.text)
    TIM8_CC_IRQHandler                       0x080001b7   Thumb Code     0  startup_stm32f407xx.o(.text)
    TIM8_TRG_COM_TIM14_IRQHandler            0x080001b7   Thumb Code     0  startup_stm32f407xx.o(.text)
    TIM8_UP_TIM13_IRQHandler                 0x080001b7   Thumb Code     0  startup_stm32f407xx.o(.text)
    UART4_IRQHandler                         0x080001b7   Thumb Code     0  startup_stm32f407xx.o(.text)
    UART5_IRQHandler                         0x080001b7   Thumb Code     0  startup_stm32f407xx.o(.text)
    USART1_IRQHandler                        0x080001b7   Thumb Code     0  startup_stm32f407xx.o(.text)
    USART2_IRQHandler                        0x080001b7   Thumb Code     0  startup_stm32f407xx.o(.text)
    USART3_IRQHandler                        0x080001b7   Thumb Code     0  startup_stm32f407xx.o(.text)
    USART6_IRQHandler                        0x080001b7   Thumb Code     0  startup_stm32f407xx.o(.text)
    WWDG_IRQHandler                          0x080001b7   Thumb Code     0  startup_stm32f407xx.o(.text)
    __aeabi_uldivmod                         0x080001c1   Thumb Code    98  uldiv.o(.text)
    __aeabi_memcpy                           0x08000223   Thumb Code    36  memcpya.o(.text)
    __aeabi_memcpy4                          0x08000223   Thumb Code     0  memcpya.o(.text)
    __aeabi_memcpy8                          0x08000223   Thumb Code     0  memcpya.o(.text)
    __aeabi_dadd                             0x08000247   Thumb Code   322  dadd.o(.text)
    __aeabi_dsub                             0x08000389   Thumb Code     6  dadd.o(.text)
    __aeabi_drsub                            0x0800038f   Thumb Code     6  dadd.o(.text)
    __aeabi_dmul                             0x08000395   Thumb Code   228  dmul.o(.text)
    __aeabi_ddiv                             0x08000479   Thumb Code   222  ddiv.o(.text)
    __aeabi_i2d                              0x08000557   Thumb Code    34  dflti.o(.text)
    __aeabi_f2d                              0x08000579   Thumb Code    38  f2d.o(.text)
    __aeabi_cdrcmple                         0x080005a1   Thumb Code    48  cdrcmple.o(.text)
    __aeabi_d2f                              0x080005d1   Thumb Code    56  d2f.o(.text)
    __aeabi_llsl                             0x08000609   Thumb Code    30  llshl.o(.text)
    _ll_shift_l                              0x08000609   Thumb Code     0  llshl.o(.text)
    __aeabi_llsr                             0x08000627   Thumb Code    32  llushr.o(.text)
    _ll_ushift_r                             0x08000627   Thumb Code     0  llushr.o(.text)
    __aeabi_lasr                             0x08000647   Thumb Code    36  llsshr.o(.text)
    _ll_sshift_r                             0x08000647   Thumb Code     0  llsshr.o(.text)
    __I$use$fp                               0x0800066b   Thumb Code     0  iusefp.o(.text)
    _float_round                             0x0800066b   Thumb Code    18  fepilogue.o(.text)
    _float_epilogue                          0x0800067d   Thumb Code    92  fepilogue.o(.text)
    _double_round                            0x080006d9   Thumb Code    30  depilogue.o(.text)
    _double_epilogue                         0x080006f7   Thumb Code   156  depilogue.o(.text)
    __ARM_scalbn                             0x08000793   Thumb Code    46  dscalb.o(.text)
    scalbn                                   0x08000793   Thumb Code     0  dscalb.o(.text)
    _dsqrt                                   0x080007c1   Thumb Code   162  dsqrt.o(.text)
    __ARM_dcmp4                              0x08000863   Thumb Code    96  dcmp4.o(.text)
    _dcmp4                                   0x08000863   Thumb Code     0  dcmp4.o(.text)
    __scatterload                            0x080008c5   Thumb Code    28  init.o(.text)
    __scatterload_rt2                        0x080008c5   Thumb Code     0  init.o(.text)
    BusFault_Handler                         0x08000a0d   Thumb Code     2  stm32f4xx_it.o(i.BusFault_Handler)
    DebugMon_Handler                         0x08000a0f   Thumb Code     2  stm32f4xx_it.o(i.DebugMon_Handler)
    HAL_ADC_ConfigChannel                    0x08000a11   Thumb Code   316  stm32f4xx_hal_adc.o(i.HAL_ADC_ConfigChannel)
    HAL_ADC_GetValue                         0x08000b5d   Thumb Code     6  stm32f4xx_hal_adc.o(i.HAL_ADC_GetValue)
    HAL_ADC_Init                             0x08000b63   Thumb Code    84  stm32f4xx_hal_adc.o(i.HAL_ADC_Init)
    HAL_ADC_MspInit                          0x08000bb9   Thumb Code    80  stm32f4xx_hal_msp.o(i.HAL_ADC_MspInit)
    HAL_ADC_PollForConversion                0x08000c19   Thumb Code   162  stm32f4xx_hal_adc.o(i.HAL_ADC_PollForConversion)
    HAL_ADC_Start                            0x08000cbd   Thumb Code   170  stm32f4xx_hal_adc.o(i.HAL_ADC_Start)
    HAL_ADC_Stop                             0x08000d79   Thumb Code    60  stm32f4xx_hal_adc.o(i.HAL_ADC_Stop)
    HAL_DAC_ConfigChannel                    0x08000db5   Thumb Code    66  stm32f4xx_hal_dac.o(i.HAL_DAC_ConfigChannel)
    HAL_DAC_Init                             0x08000df7   Thumb Code    40  stm32f4xx_hal_dac.o(i.HAL_DAC_Init)
    HAL_DAC_MspInit                          0x08000e21   Thumb Code    54  stm32f4xx_hal_msp.o(i.HAL_DAC_MspInit)
    HAL_GPIO_Init                            0x08000e65   Thumb Code   388  stm32f4xx_hal_gpio.o(i.HAL_GPIO_Init)
    HAL_GetTick                              0x08001015   Thumb Code     6  stm32f4xx_hal.o(i.HAL_GetTick)
    HAL_I2C_Init                             0x08001021   Thumb Code   254  stm32f4xx_hal_i2c.o(i.HAL_I2C_Init)
    HAL_I2C_MspInit                          0x08001129   Thumb Code    62  stm32f4xx_hal_msp.o(i.HAL_I2C_MspInit)
    HAL_IncTick                              0x08001175   Thumb Code    12  stm32f4xx_hal.o(i.HAL_IncTick)
    HAL_Init                                 0x08001185   Thumb Code    48  stm32f4xx_hal.o(i.HAL_Init)
    HAL_InitTick                             0x080011b9   Thumb Code    54  stm32f4xx_hal.o(i.HAL_InitTick)
    HAL_MspInit                              0x080011f9   Thumb Code   126  stm32f4xx_hal_msp.o(i.HAL_MspInit)
    HAL_NVIC_ClearPendingIRQ                 0x0800127d   Thumb Code    22  stm32f4xx_hal_cortex.o(i.HAL_NVIC_ClearPendingIRQ)
    HAL_NVIC_SetPriority                     0x08001295   Thumb Code    60  stm32f4xx_hal_cortex.o(i.HAL_NVIC_SetPriority)
    HAL_NVIC_SetPriorityGrouping             0x080012d5   Thumb Code    26  stm32f4xx_hal_cortex.o(i.HAL_NVIC_SetPriorityGrouping)
    HAL_RCC_ClockConfig                      0x080012f9   Thumb Code   286  stm32f4xx_hal_rcc.o(i.HAL_RCC_ClockConfig)
    HAL_RCC_GetHCLKFreq                      0x08001429   Thumb Code     6  stm32f4xx_hal_rcc.o(i.HAL_RCC_GetHCLKFreq)
    HAL_RCC_GetPCLK1Freq                     0x08001435   Thumb Code    20  stm32f4xx_hal_rcc.o(i.HAL_RCC_GetPCLK1Freq)
    HAL_RCC_GetSysClockFreq                  0x08001455   Thumb Code    88  stm32f4xx_hal_rcc.o(i.HAL_RCC_GetSysClockFreq)
    HAL_RCC_OscConfig                        0x080014b9   Thumb Code   770  stm32f4xx_hal_rcc.o(i.HAL_RCC_OscConfig)
    HAL_SYSTICK_CLKSourceConfig              0x080017d5   Thumb Code    24  stm32f4xx_hal_cortex.o(i.HAL_SYSTICK_CLKSourceConfig)
    HAL_SYSTICK_Callback                     0x080017ed   Thumb Code     2  stm32f4xx_hal_cortex.o(i.HAL_SYSTICK_Callback)
    HAL_SYSTICK_Config                       0x080017ef   Thumb Code    40  stm32f4xx_hal_cortex.o(i.HAL_SYSTICK_Config)
    HAL_SYSTICK_IRQHandler                   0x08001817   Thumb Code     8  stm32f4xx_hal_cortex.o(i.HAL_SYSTICK_IRQHandler)
    HAL_TIMEx_BreakCallback                  0x0800181f   Thumb Code     2  stm32f4xx_hal_tim_ex.o(i.HAL_TIMEx_BreakCallback)
    HAL_TIMEx_CommutationCallback            0x08001821   Thumb Code     2  stm32f4xx_hal_tim_ex.o(i.HAL_TIMEx_CommutationCallback)
    HAL_TIM_Base_Init                        0x08001823   Thumb Code    54  stm32f4xx_hal_tim.o(i.HAL_TIM_Base_Init)
    HAL_TIM_Base_MspInit                     0x08001859   Thumb Code    30  stm32f4xx_hal_msp.o(i.HAL_TIM_Base_MspInit)
    HAL_TIM_Base_Start_IT                    0x08001881   Thumb Code    24  stm32f4xx_hal_tim.o(i.HAL_TIM_Base_Start_IT)
    HAL_TIM_Base_Stop_IT                     0x08001899   Thumb Code    42  stm32f4xx_hal_tim.o(i.HAL_TIM_Base_Stop_IT)
    HAL_TIM_IC_CaptureCallback               0x080018c3   Thumb Code     2  stm32f4xx_hal_tim.o(i.HAL_TIM_IC_CaptureCallback)
    HAL_TIM_IRQHandler                       0x080018c5   Thumb Code   358  stm32f4xx_hal_tim.o(i.HAL_TIM_IRQHandler)
    HAL_TIM_OC_DelayElapsedCallback          0x08001a2b   Thumb Code     2  stm32f4xx_hal_tim.o(i.HAL_TIM_OC_DelayElapsedCallback)
    HAL_TIM_PWM_ConfigChannel                0x08001a2d   Thumb Code   208  stm32f4xx_hal_tim.o(i.HAL_TIM_PWM_ConfigChannel)
    HAL_TIM_PWM_Init                         0x08001afd   Thumb Code    54  stm32f4xx_hal_tim.o(i.HAL_TIM_PWM_Init)
    HAL_TIM_PWM_MspInit                      0x08001b33   Thumb Code     2  stm32f4xx_hal_tim.o(i.HAL_TIM_PWM_MspInit)
    HAL_TIM_PWM_PulseFinishedCallback        0x08001b35   Thumb Code     2  stm32f4xx_hal_tim.o(i.HAL_TIM_PWM_PulseFinishedCallback)
    HAL_TIM_PWM_Start                        0x08001b39   Thumb Code    48  stm32f4xx_hal_tim.o(i.HAL_TIM_PWM_Start)
    HAL_TIM_PWM_Stop                         0x08001b71   Thumb Code    84  stm32f4xx_hal_tim.o(i.HAL_TIM_PWM_Stop)
    HAL_TIM_PeriodElapsedCallback            0x08001bcd   Thumb Code   152  main.o(i.HAL_TIM_PeriodElapsedCallback)
    HAL_TIM_TriggerCallback                  0x08001c71   Thumb Code     2  stm32f4xx_hal_tim.o(i.HAL_TIM_TriggerCallback)
    HardFault_Handler                        0x08001c73   Thumb Code     2  stm32f4xx_it.o(i.HardFault_Handler)
    MemManage_Handler                        0x08001e59   Thumb Code     2  stm32f4xx_it.o(i.MemManage_Handler)
    NMI_Handler                              0x08001e5b   Thumb Code     2  stm32f4xx_it.o(i.NMI_Handler)
    PendSV_Handler                           0x08001e93   Thumb Code     2  stm32f4xx_it.o(i.PendSV_Handler)
    SVC_Handler                              0x08001e95   Thumb Code     2  stm32f4xx_it.o(i.SVC_Handler)
    SysTick_Handler                          0x08001e97   Thumb Code    14  stm32f4xx_it.o(i.SysTick_Handler)
    SystemClock_Config                       0x08001ea5   Thumb Code   152  main.o(i.SystemClock_Config)
    SystemInit                               0x08001f45   Thumb Code    66  system_stm32f4xx.o(i.SystemInit)
    TIM2_IRQHandler                          0x08001f99   Thumb Code     6  main.o(i.TIM2_IRQHandler)
    TIM3_IRQHandler                          0x08001fa5   Thumb Code     6  main.o(i.TIM3_IRQHandler)
    TIM_Base_SetConfig                       0x08001fb1   Thumb Code   148  stm32f4xx_hal_tim.o(i.TIM_Base_SetConfig)
    TIM_CCxChannelCmd                        0x08002071   Thumb Code    22  stm32f4xx_hal_tim.o(i.TIM_CCxChannelCmd)
    TIM_OC2_SetConfig                        0x080020e1   Thumb Code    90  stm32f4xx_hal_tim.o(i.TIM_OC2_SetConfig)
    UsageFault_Handler                       0x080021f5   Thumb Code     2  stm32f4xx_it.o(i.UsageFault_Handler)
    __ARM_fpclassify                         0x080021f7   Thumb Code    48  fpclassify.o(i.__ARM_fpclassify)
    __hardfp_atan                            0x08002229   Thumb Code   622  atan.o(i.__hardfp_atan)
    __hardfp_atan2                           0x08002501   Thumb Code   432  atan2.o(i.__hardfp_atan2)
    __hardfp_fmax                            0x080026f1   Thumb Code   116  fmax.o(i.__hardfp_fmax)
    __hardfp_pow                             0x08002769   Thumb Code  3072  pow.o(i.__hardfp_pow)
    __hardfp_sqrt                            0x080033b9   Thumb Code   122  sqrt.o(i.__hardfp_sqrt)
    __kernel_poly                            0x08003433   Thumb Code   248  poly.o(i.__kernel_poly)
    __mathlib_dbl_divzero                    0x08003531   Thumb Code    28  dunder.o(i.__mathlib_dbl_divzero)
    __mathlib_dbl_infnan                     0x08003561   Thumb Code    20  dunder.o(i.__mathlib_dbl_infnan)
    __mathlib_dbl_infnan2                    0x08003575   Thumb Code    20  dunder.o(i.__mathlib_dbl_infnan2)
    __mathlib_dbl_invalid                    0x08003589   Thumb Code    24  dunder.o(i.__mathlib_dbl_invalid)
    __mathlib_dbl_overflow                   0x080035a9   Thumb Code    24  dunder.o(i.__mathlib_dbl_overflow)
    __mathlib_dbl_underflow                  0x080035c9   Thumb Code    24  dunder.o(i.__mathlib_dbl_underflow)
    __scatterload_copy                       0x080035e9   Thumb Code    14  handlers.o(i.__scatterload_copy)
    __scatterload_null                       0x080035f7   Thumb Code     2  handlers.o(i.__scatterload_null)
    __scatterload_zeroinit                   0x080035f9   Thumb Code    14  handlers.o(i.__scatterload_zeroinit)
    __set_errno                              0x08003609   Thumb Code     6  errno.o(i.__set_errno)
    angleFromProjections                     0x08003615   Thumb Code   196  main.o(i.angleFromProjections)
    atan                                     0x080036f9   Thumb Code    16  atan.o(i.atan)
    convertAngelToDACValue                   0x08003709   Thumb Code   154  main.o(i.convertAngelToDACValue)
    convertCurrentXAngelToSignalPeriod       0x080037b9   Thumb Code    58  main.o(i.convertCurrentXAngelToSignalPeriod)
    createStartAngleOfRotation               0x08003805   Thumb Code     4  main.o(i.createStartAngleOfRotation)
    currentADCValueWithHandleType            0x08003809   Thumb Code    56  main.o(i.currentADCValueWithHandleType)
    currentVoltageWithHandleType             0x08003841   Thumb Code   104  main.o(i.currentVoltageWithHandleType)
    disableTimerInterruptIfNeeded            0x080038b9   Thumb Code    60  main.o(i.disableTimerInterruptIfNeeded)
    emergencyTrackingWithCurrentAngels       0x080038fd   Thumb Code   202  main.o(i.emergencyTrackingWithCurrentAngels)
    enableTimerInterruptIfNeeded             0x080039d5   Thumb Code    60  main.o(i.enableTimerInterruptIfNeeded)
    fabs                                     0x08003a19   Thumb Code    24  fabs.o(i.fabs)
    joystickControl                          0x08003a31   Thumb Code   176  main.o(i.joystickControl)
    main                                     0x08003aed   Thumb Code   286  main.o(i.main)
    obtainAccelerationXAxis                  0x08003c19   Thumb Code    38  main.o(i.obtainAccelerationXAxis)
    obtainAccelerationYAxis                  0x08003c45   Thumb Code    38  main.o(i.obtainAccelerationYAxis)
    obtainAccelerationZAxis                  0x08003c71   Thumb Code    38  main.o(i.obtainAccelerationZAxis)
    obtainCurrentAngleOfRotation             0x08003c9d   Thumb Code   104  main.o(i.obtainCurrentAngleOfRotation)
    obtainCurrentAngleOfRotationWithStartAngle 0x08003d05   Thumb Code    58  main.o(i.obtainCurrentAngleOfRotationWithStartAngle)
    obtainCurrentGyroscopeValue              0x08003d45   Thumb Code    36  main.o(i.obtainCurrentGyroscopeValue)
    obtainGyroscopeValueX                    0x08003d69   Thumb Code    38  main.o(i.obtainGyroscopeValueX)
    obtainGyroscopeValueY                    0x08003d95   Thumb Code    38  main.o(i.obtainGyroscopeValueY)
    obtainGyroscopeValueZ                    0x08003dc1   Thumb Code    38  main.o(i.obtainGyroscopeValueZ)
    prepareI2C                               0x08003ded   Thumb Code   258  main.o(i.prepareI2C)
    readI2C                                  0x08003ef5   Thumb Code   182  main.o(i.readI2C)
    sensitivitySetting                       0x08003fb1   Thumb Code   106  main.o(i.sensitivitySetting)
    sensorControl                            0x0800402d   Thumb Code   140  main.o(i.sensorControl)
    sidewaysDACWithDACValue                  0x080040c1   Thumb Code    18  main.o(i.sidewaysDACWithDACValue)
    sidewaysMotionDACWithCurrentAngel        0x080040d9   Thumb Code    14  main.o(i.sidewaysMotionDACWithCurrentAngel)
    sidewaysMotionVoltageADC                 0x080040e9   Thumb Code    66  main.o(i.sidewaysMotionVoltageADC)
    signalsWithNumberOfSignals               0x08004131   Thumb Code    52  main.o(i.signalsWithNumberOfSignals)
    speakerWithSignalPeriod                  0x08004169   Thumb Code    32  main.o(i.speakerWithSignalPeriod)
    sqrt                                     0x0800418d   Thumb Code   110  sqrt.o(i.sqrt)
    startTimer                               0x080041fd   Thumb Code     8  main.o(i.startTimer)
    stopTimer                                0x08004209   Thumb Code     8  main.o(i.stopTimer)
    straightDACWithDACValue                  0x08004215   Thumb Code    16  main.o(i.straightDACWithDACValue)
    straightMotionDACWithCurrentAngel        0x08004229   Thumb Code    14  main.o(i.straightMotionDACWithCurrentAngel)
    straightMotionVoltageADC                 0x08004239   Thumb Code    62  main.o(i.straightMotionVoltageADC)
    synchronousDelay                         0x0800427d   Thumb Code    14  main.o(i.synchronousDelay)
    AHBPrescTable                            0x0800428a   Data          16  system_stm32f4xx.o(.constdata)
    APBPrescTable                            0x0800429a   Data           8  system_stm32f4xx.o(.constdata)
    __mathlib_zero                           0x080043c8   Data           8  qnan.o(.constdata)
    Region$$Table$$Base                      0x080043d0   Number         0  anon$$obj.o(Region$$Table)
    Region$$Table$$Limit                     0x080043f0   Number         0  anon$$obj.o(Region$$Table)
    maximumAngleSensitivity                  0x20000000   Data           4  main.o(.data)
    controlFlag                              0x20000004   Data           4  main.o(.data)
    xyzStartAngles                           0x200000bc   Data          12  main.o(.data)
    uwTickFreq                               0x200000c8   Data           1  stm32f4xx_hal.o(.data)
    uwTickPrio                               0x200000cc   Data           4  stm32f4xx_hal.o(.data)
    uwTick                                   0x200000d0   Data           4  stm32f4xx_hal.o(.data)
    SystemCoreClock                          0x200000d4   Data           4  system_stm32f4xx.o(.data)
    hadc1                                    0x200000dc   Data          72  main.o(.bss)
    hadc2                                    0x20000124   Data          72  main.o(.bss)
    hdac                                     0x2000016c   Data          20  main.o(.bss)
    hi2c1                                    0x20000180   Data          84  main.o(.bss)
    __initial_sp                             0x200005d8   Data           0  startup_stm32f407xx.o(STACK)



==============================================================================

Memory Map of the image

  Image Entry point : 0x08000189

  Load Region LR_IROM1 (Base: 0x08000000, Size: 0x000044cc, Max: 0x00100000, ABSOLUTE)

    Execution Region ER_IROM1 (Exec base: 0x08000000, Load base: 0x08000000, Size: 0x000043f0, Max: 0x00100000, ABSOLUTE)

    Exec Addr    Load Addr    Size         Type   Attr      Idx    E Section Name        Object

    0x08000000   0x08000000   0x00000188   Data   RO            3    RESET               startup_stm32f407xx.o
    0x08000188   0x08000188   0x00000000   Code   RO         3477  * .ARM.Collect$$$$00000000  mc_w.l(entry.o)
    0x08000188   0x08000188   0x00000004   Code   RO         3539    .ARM.Collect$$$$00000001  mc_w.l(entry2.o)
    0x0800018c   0x0800018c   0x00000004   Code   RO         3542    .ARM.Collect$$$$00000004  mc_w.l(entry5.o)
    0x08000190   0x08000190   0x00000000   Code   RO         3544    .ARM.Collect$$$$00000008  mc_w.l(entry7b.o)
    0x08000190   0x08000190   0x00000000   Code   RO         3546    .ARM.Collect$$$$0000000A  mc_w.l(entry8b.o)
    0x08000190   0x08000190   0x00000008   Code   RO         3547    .ARM.Collect$$$$0000000B  mc_w.l(entry9a.o)
    0x08000198   0x08000198   0x00000000   Code   RO         3549    .ARM.Collect$$$$0000000D  mc_w.l(entry10a.o)
    0x08000198   0x08000198   0x00000000   Code   RO         3551    .ARM.Collect$$$$0000000F  mc_w.l(entry11a.o)
    0x08000198   0x08000198   0x00000004   Code   RO         3540    .ARM.Collect$$$$00002712  mc_w.l(entry2.o)
    0x0800019c   0x0800019c   0x00000024   Code   RO            4    .text               startup_stm32f407xx.o
    0x080001c0   0x080001c0   0x00000062   Code   RO         3480    .text               mc_w.l(uldiv.o)
    0x08000222   0x08000222   0x00000024   Code   RO         3482    .text               mc_w.l(memcpya.o)
    0x08000246   0x08000246   0x0000014e   Code   RO         3486    .text               mf_w.l(dadd.o)
    0x08000394   0x08000394   0x000000e4   Code   RO         3488    .text               mf_w.l(dmul.o)
    0x08000478   0x08000478   0x000000de   Code   RO         3490    .text               mf_w.l(ddiv.o)
    0x08000556   0x08000556   0x00000022   Code   RO         3492    .text               mf_w.l(dflti.o)
    0x08000578   0x08000578   0x00000026   Code   RO         3494    .text               mf_w.l(f2d.o)
    0x0800059e   0x0800059e   0x00000002   PAD
    0x080005a0   0x080005a0   0x00000030   Code   RO         3496    .text               mf_w.l(cdrcmple.o)
    0x080005d0   0x080005d0   0x00000038   Code   RO         3498    .text               mf_w.l(d2f.o)
    0x08000608   0x08000608   0x0000001e   Code   RO         3553    .text               mc_w.l(llshl.o)
    0x08000626   0x08000626   0x00000020   Code   RO         3555    .text               mc_w.l(llushr.o)
    0x08000646   0x08000646   0x00000024   Code   RO         3557    .text               mc_w.l(llsshr.o)
    0x0800066a   0x0800066a   0x00000000   Code   RO         3566    .text               mc_w.l(iusefp.o)
    0x0800066a   0x0800066a   0x0000006e   Code   RO         3567    .text               mf_w.l(fepilogue.o)
    0x080006d8   0x080006d8   0x000000ba   Code   RO         3569    .text               mf_w.l(depilogue.o)
    0x08000792   0x08000792   0x0000002e   Code   RO         3573    .text               mf_w.l(dscalb.o)
    0x080007c0   0x080007c0   0x000000a2   Code   RO         3575    .text               mf_w.l(dsqrt.o)
    0x08000862   0x08000862   0x00000060   Code   RO         3579    .text               mf_w.l(dcmp4.o)
    0x080008c2   0x080008c2   0x00000002   PAD
    0x080008c4   0x080008c4   0x00000024   Code   RO         3581    .text               mc_w.l(init.o)
    0x080008e8   0x080008e8   0x00000124   Code   RO          572    i.ADC_Init          stm32f4xx_hal_adc.o
    0x08000a0c   0x08000a0c   0x00000002   Code   RO          411    i.BusFault_Handler  stm32f4xx_it.o
    0x08000a0e   0x08000a0e   0x00000002   Code   RO          412    i.DebugMon_Handler  stm32f4xx_it.o
    0x08000a10   0x08000a10   0x0000014c   Code   RO          574    i.HAL_ADC_ConfigChannel  stm32f4xx_hal_adc.o
    0x08000b5c   0x08000b5c   0x00000006   Code   RO          581    i.HAL_ADC_GetValue  stm32f4xx_hal_adc.o
    0x08000b62   0x08000b62   0x00000054   Code   RO          583    i.HAL_ADC_Init      stm32f4xx_hal_adc.o
    0x08000bb6   0x08000bb6   0x00000002   PAD
    0x08000bb8   0x08000bb8   0x00000060   Code   RO          492    i.HAL_ADC_MspInit   stm32f4xx_hal_msp.o
    0x08000c18   0x08000c18   0x000000a2   Code   RO          587    i.HAL_ADC_PollForConversion  stm32f4xx_hal_adc.o
    0x08000cba   0x08000cba   0x00000002   PAD
    0x08000cbc   0x08000cbc   0x000000bc   Code   RO          589    i.HAL_ADC_Start     stm32f4xx_hal_adc.o
    0x08000d78   0x08000d78   0x0000003c   Code   RO          592    i.HAL_ADC_Stop      stm32f4xx_hal_adc.o
    0x08000db4   0x08000db4   0x00000042   Code   RO          847    i.HAL_DAC_ConfigChannel  stm32f4xx_hal_dac.o
    0x08000df6   0x08000df6   0x00000028   Code   RO          857    i.HAL_DAC_Init      stm32f4xx_hal_dac.o
    0x08000e1e   0x08000e1e   0x00000002   PAD
    0x08000e20   0x08000e20   0x00000044   Code   RO          494    i.HAL_DAC_MspInit   stm32f4xx_hal_msp.o
    0x08000e64   0x08000e64   0x000001b0   Code   RO         2710    i.HAL_GPIO_Init     stm32f4xx_hal_gpio.o
    0x08001014   0x08001014   0x0000000c   Code   RO         3242    i.HAL_GetTick       stm32f4xx_hal.o
    0x08001020   0x08001020   0x00000108   Code   RO         1080    i.HAL_I2C_Init      stm32f4xx_hal_i2c.o
    0x08001128   0x08001128   0x0000004c   Code   RO          496    i.HAL_I2C_MspInit   stm32f4xx_hal_msp.o
    0x08001174   0x08001174   0x00000010   Code   RO         3246    i.HAL_IncTick       stm32f4xx_hal.o
    0x08001184   0x08001184   0x00000034   Code   RO         3247    i.HAL_Init          stm32f4xx_hal.o
    0x080011b8   0x080011b8   0x00000040   Code   RO         3248    i.HAL_InitTick      stm32f4xx_hal.o
    0x080011f8   0x080011f8   0x00000084   Code   RO          497    i.HAL_MspInit       stm32f4xx_hal_msp.o
    0x0800127c   0x0800127c   0x00000016   Code   RO         3097    i.HAL_NVIC_ClearPendingIRQ  stm32f4xx_hal_cortex.o
    0x08001292   0x08001292   0x00000002   PAD
    0x08001294   0x08001294   0x00000040   Code   RO         3105    i.HAL_NVIC_SetPriority  stm32f4xx_hal_cortex.o
    0x080012d4   0x080012d4   0x00000024   Code   RO         3106    i.HAL_NVIC_SetPriorityGrouping  stm32f4xx_hal_cortex.o
    0x080012f8   0x080012f8   0x00000130   Code   RO         2356    i.HAL_RCC_ClockConfig  stm32f4xx_hal_rcc.o
    0x08001428   0x08001428   0x0000000c   Code   RO         2361    i.HAL_RCC_GetHCLKFreq  stm32f4xx_hal_rcc.o
    0x08001434   0x08001434   0x00000020   Code   RO         2363    i.HAL_RCC_GetPCLK1Freq  stm32f4xx_hal_rcc.o
    0x08001454   0x08001454   0x00000064   Code   RO         2365    i.HAL_RCC_GetSysClockFreq  stm32f4xx_hal_rcc.o
    0x080014b8   0x080014b8   0x0000031c   Code   RO         2368    i.HAL_RCC_OscConfig  stm32f4xx_hal_rcc.o
    0x080017d4   0x080017d4   0x00000018   Code   RO         3108    i.HAL_SYSTICK_CLKSourceConfig  stm32f4xx_hal_cortex.o
    0x080017ec   0x080017ec   0x00000002   Code   RO         3109    i.HAL_SYSTICK_Callback  stm32f4xx_hal_cortex.o
    0x080017ee   0x080017ee   0x00000028   Code   RO         3110    i.HAL_SYSTICK_Config  stm32f4xx_hal_cortex.o
    0x08001816   0x08001816   0x00000008   Code   RO         3111    i.HAL_SYSTICK_IRQHandler  stm32f4xx_hal_cortex.o
    0x0800181e   0x0800181e   0x00000002   Code   RO         2116    i.HAL_TIMEx_BreakCallback  stm32f4xx_hal_tim_ex.o
    0x08001820   0x08001820   0x00000002   Code   RO         2117    i.HAL_TIMEx_CommutationCallback  stm32f4xx_hal_tim_ex.o
    0x08001822   0x08001822   0x00000036   Code   RO         1487    i.HAL_TIM_Base_Init  stm32f4xx_hal_tim.o
    0x08001858   0x08001858   0x00000028   Code   RO          499    i.HAL_TIM_Base_MspInit  stm32f4xx_hal_msp.o
    0x08001880   0x08001880   0x00000018   Code   RO         1492    i.HAL_TIM_Base_Start_IT  stm32f4xx_hal_tim.o
    0x08001898   0x08001898   0x0000002a   Code   RO         1495    i.HAL_TIM_Base_Stop_IT  stm32f4xx_hal_tim.o
    0x080018c2   0x080018c2   0x00000002   Code   RO         1516    i.HAL_TIM_IC_CaptureCallback  stm32f4xx_hal_tim.o
    0x080018c4   0x080018c4   0x00000166   Code   RO         1529    i.HAL_TIM_IRQHandler  stm32f4xx_hal_tim.o
    0x08001a2a   0x08001a2a   0x00000002   Code   RO         1532    i.HAL_TIM_OC_DelayElapsedCallback  stm32f4xx_hal_tim.o
    0x08001a2c   0x08001a2c   0x000000d0   Code   RO         1553    i.HAL_TIM_PWM_ConfigChannel  stm32f4xx_hal_tim.o
    0x08001afc   0x08001afc   0x00000036   Code   RO         1556    i.HAL_TIM_PWM_Init  stm32f4xx_hal_tim.o
    0x08001b32   0x08001b32   0x00000002   Code   RO         1558    i.HAL_TIM_PWM_MspInit  stm32f4xx_hal_tim.o
    0x08001b34   0x08001b34   0x00000002   Code   RO         1559    i.HAL_TIM_PWM_PulseFinishedCallback  stm32f4xx_hal_tim.o
    0x08001b36   0x08001b36   0x00000002   PAD
    0x08001b38   0x08001b38   0x00000038   Code   RO         1560    i.HAL_TIM_PWM_Start  stm32f4xx_hal_tim.o
    0x08001b70   0x08001b70   0x0000005c   Code   RO         1563    i.HAL_TIM_PWM_Stop  stm32f4xx_hal_tim.o
    0x08001bcc   0x08001bcc   0x000000a4   Code   RO           13    i.HAL_TIM_PeriodElapsedCallback  main.o
    0x08001c70   0x08001c70   0x00000002   Code   RO         1570    i.HAL_TIM_TriggerCallback  stm32f4xx_hal_tim.o
    0x08001c72   0x08001c72   0x00000002   Code   RO          413    i.HardFault_Handler  stm32f4xx_it.o
    0x08001c74   0x08001c74   0x00000054   Code   RO           14    i.MX_ADC1_Init      main.o
    0x08001cc8   0x08001cc8   0x00000054   Code   RO           15    i.MX_ADC2_Init      main.o
    0x08001d1c   0x08001d1c   0x00000044   Code   RO           16    i.MX_DAC_Init       main.o
    0x08001d60   0x08001d60   0x0000006c   Code   RO           17    i.MX_GPIO_Init      main.o
    0x08001dcc   0x08001dcc   0x00000038   Code   RO           18    i.MX_I2C1_Init      main.o
    0x08001e04   0x08001e04   0x00000054   Code   RO           19    i.MX_TIM1_Init      main.o
    0x08001e58   0x08001e58   0x00000002   Code   RO          414    i.MemManage_Handler  stm32f4xx_it.o
    0x08001e5a   0x08001e5a   0x00000002   Code   RO          415    i.NMI_Handler       stm32f4xx_it.o
    0x08001e5c   0x08001e5c   0x00000016   Code   RO           20    i.NVIC_EnableIRQ    main.o
    0x08001e72   0x08001e72   0x00000020   Code   RO         3112    i.NVIC_SetPriority  stm32f4xx_hal_cortex.o
    0x08001e92   0x08001e92   0x00000002   Code   RO          416    i.PendSV_Handler    stm32f4xx_it.o
    0x08001e94   0x08001e94   0x00000002   Code   RO          417    i.SVC_Handler       stm32f4xx_it.o
    0x08001e96   0x08001e96   0x0000000e   Code   RO          418    i.SysTick_Handler   stm32f4xx_it.o
    0x08001ea4   0x08001ea4   0x000000a0   Code   RO           21    i.SystemClock_Config  main.o
    0x08001f44   0x08001f44   0x00000054   Code   RO         3401    i.SystemInit        system_stm32f4xx.o
    0x08001f98   0x08001f98   0x0000000c   Code   RO           22    i.TIM2_IRQHandler   main.o
    0x08001fa4   0x08001fa4   0x0000000c   Code   RO           23    i.TIM3_IRQHandler   main.o
    0x08001fb0   0x08001fb0   0x000000c0   Code   RO         1571    i.TIM_Base_SetConfig  stm32f4xx_hal_tim.o
    0x08002070   0x08002070   0x00000016   Code   RO         1572    i.TIM_CCxChannelCmd  stm32f4xx_hal_tim.o
    0x08002086   0x08002086   0x00000002   PAD
    0x08002088   0x08002088   0x00000058   Code   RO         1580    i.TIM_OC1_SetConfig  stm32f4xx_hal_tim.o
    0x080020e0   0x080020e0   0x00000064   Code   RO         1581    i.TIM_OC2_SetConfig  stm32f4xx_hal_tim.o
    0x08002144   0x08002144   0x00000060   Code   RO         1582    i.TIM_OC3_SetConfig  stm32f4xx_hal_tim.o
    0x080021a4   0x080021a4   0x00000050   Code   RO         1583    i.TIM_OC4_SetConfig  stm32f4xx_hal_tim.o
    0x080021f4   0x080021f4   0x00000002   Code   RO          419    i.UsageFault_Handler  stm32f4xx_it.o
    0x080021f6   0x080021f6   0x00000030   Code   RO         3534    i.__ARM_fpclassify  m_wm.l(fpclassify.o)
    0x08002226   0x08002226   0x00000002   PAD
    0x08002228   0x08002228   0x000002d8   Code   RO         3500    i.__hardfp_atan     m_wm.l(atan.o)
    0x08002500   0x08002500   0x000001f0   Code   RO         3435    i.__hardfp_atan2    m_wm.l(atan2.o)
    0x080026f0   0x080026f0   0x00000074   Code   RO         3447    i.__hardfp_fmax     m_wm.l(fmax.o)
    0x08002764   0x08002764   0x00000004   PAD
    0x08002768   0x08002768   0x00000c50   Code   RO         3451    i.__hardfp_pow      m_wm.l(pow.o)
    0x080033b8   0x080033b8   0x0000007a   Code   RO         3465    i.__hardfp_sqrt     m_wm.l(sqrt.o)
    0x08003432   0x08003432   0x000000f8   Code   RO         3536    i.__kernel_poly     m_wm.l(poly.o)
    0x0800352a   0x0800352a   0x00000006   PAD
    0x08003530   0x08003530   0x00000030   Code   RO         3514    i.__mathlib_dbl_divzero  m_wm.l(dunder.o)
    0x08003560   0x08003560   0x00000014   Code   RO         3515    i.__mathlib_dbl_infnan  m_wm.l(dunder.o)
    0x08003574   0x08003574   0x00000014   Code   RO         3516    i.__mathlib_dbl_infnan2  m_wm.l(dunder.o)
    0x08003588   0x08003588   0x00000020   Code   RO         3517    i.__mathlib_dbl_invalid  m_wm.l(dunder.o)
    0x080035a8   0x080035a8   0x00000020   Code   RO         3518    i.__mathlib_dbl_overflow  m_wm.l(dunder.o)
    0x080035c8   0x080035c8   0x00000020   Code   RO         3520    i.__mathlib_dbl_underflow  m_wm.l(dunder.o)
    0x080035e8   0x080035e8   0x0000000e   Code   RO         3585    i.__scatterload_copy  mc_w.l(handlers.o)
    0x080035f6   0x080035f6   0x00000002   Code   RO         3586    i.__scatterload_null  mc_w.l(handlers.o)
    0x080035f8   0x080035f8   0x0000000e   Code   RO         3587    i.__scatterload_zeroinit  mc_w.l(handlers.o)
    0x08003606   0x08003606   0x00000002   PAD
    0x08003608   0x08003608   0x0000000c   Code   RO         3561    i.__set_errno       mc_w.l(errno.o)
    0x08003614   0x08003614   0x000000e4   Code   RO           25    i.angleFromProjections  main.o
    0x080036f8   0x080036f8   0x00000010   Code   RO         3502    i.atan              m_wm.l(atan.o)
    0x08003708   0x08003708   0x000000b0   Code   RO           26    i.convertAngelToDACValue  main.o
    0x080037b8   0x080037b8   0x0000004c   Code   RO           27    i.convertCurrentXAngelToSignalPeriod  main.o
    0x08003804   0x08003804   0x00000004   Code   RO           28    i.createStartAngleOfRotation  main.o
    0x08003808   0x08003808   0x00000038   Code   RO           29    i.currentADCValueWithHandleType  main.o
    0x08003840   0x08003840   0x00000078   Code   RO           30    i.currentVoltageWithHandleType  main.o
    0x080038b8   0x080038b8   0x00000044   Code   RO           31    i.disableTimerInterruptIfNeeded  main.o
    0x080038fc   0x080038fc   0x000000d8   Code   RO           32    i.emergencyTrackingWithCurrentAngels  main.o
    0x080039d4   0x080039d4   0x00000044   Code   RO           33    i.enableTimerInterruptIfNeeded  main.o
    0x08003a18   0x08003a18   0x00000018   Code   RO         3530    i.fabs              m_wm.l(fabs.o)
    0x08003a30   0x08003a30   0x000000bc   Code   RO           34    i.joystickControl   main.o
    0x08003aec   0x08003aec   0x0000012c   Code   RO           35    i.main              main.o
    0x08003c18   0x08003c18   0x0000002c   Code   RO           36    i.obtainAccelerationXAxis  main.o
    0x08003c44   0x08003c44   0x0000002c   Code   RO           37    i.obtainAccelerationYAxis  main.o
    0x08003c70   0x08003c70   0x0000002c   Code   RO           38    i.obtainAccelerationZAxis  main.o
    0x08003c9c   0x08003c9c   0x00000068   Code   RO           39    i.obtainCurrentAngleOfRotation  main.o
    0x08003d04   0x08003d04   0x00000040   Code   RO           40    i.obtainCurrentAngleOfRotationWithStartAngle  main.o
    0x08003d44   0x08003d44   0x00000024   Code   RO           41    i.obtainCurrentGyroscopeValue  main.o
    0x08003d68   0x08003d68   0x0000002c   Code   RO           42    i.obtainGyroscopeValueX  main.o
    0x08003d94   0x08003d94   0x0000002c   Code   RO           43    i.obtainGyroscopeValueY  main.o
    0x08003dc0   0x08003dc0   0x0000002c   Code   RO           44    i.obtainGyroscopeValueZ  main.o
    0x08003dec   0x08003dec   0x00000108   Code   RO           45    i.prepareI2C        main.o
    0x08003ef4   0x08003ef4   0x000000bc   Code   RO           46    i.readI2C           main.o
    0x08003fb0   0x08003fb0   0x0000007c   Code   RO           47    i.sensitivitySetting  main.o
    0x0800402c   0x0800402c   0x00000094   Code   RO           48    i.sensorControl     main.o
    0x080040c0   0x080040c0   0x00000018   Code   RO           49    i.sidewaysDACWithDACValue  main.o
    0x080040d8   0x080040d8   0x0000000e   Code   RO           50    i.sidewaysMotionDACWithCurrentAngel  main.o
    0x080040e6   0x080040e6   0x00000002   PAD
    0x080040e8   0x080040e8   0x00000048   Code   RO           51    i.sidewaysMotionVoltageADC  main.o
    0x08004130   0x08004130   0x00000038   Code   RO           52    i.signalsWithNumberOfSignals  main.o
    0x08004168   0x08004168   0x00000024   Code   RO           53    i.speakerWithSignalPeriod  main.o
    0x0800418c   0x0800418c   0x0000006e   Code   RO         3467    i.sqrt              m_wm.l(sqrt.o)
    0x080041fa   0x080041fa   0x00000002   PAD
    0x080041fc   0x080041fc   0x0000000c   Code   RO           54    i.startTimer        main.o
    0x08004208   0x08004208   0x0000000c   Code   RO           55    i.stopTimer         main.o
    0x08004214   0x08004214   0x00000014   Code   RO           56    i.straightDACWithDACValue  main.o
    0x08004228   0x08004228   0x0000000e   Code   RO           57    i.straightMotionDACWithCurrentAngel  main.o
    0x08004236   0x08004236   0x00000002   PAD
    0x08004238   0x08004238   0x00000044   Code   RO           58    i.straightMotionVoltageADC  main.o
    0x0800427c   0x0800427c   0x0000000e   Code   RO           59    i.synchronousDelay  main.o
    0x0800428a   0x0800428a   0x00000010   Data   RO         3402    .constdata          system_stm32f4xx.o
    0x0800429a   0x0800429a   0x00000008   Data   RO         3403    .constdata          system_stm32f4xx.o
    0x080042a2   0x080042a2   0x00000006   PAD
    0x080042a8   0x080042a8   0x00000088   Data   RO         3454    .constdata          m_wm.l(pow.o)
    0x08004330   0x08004330   0x00000098   Data   RO         3503    .constdata          m_wm.l(atan.o)
    0x080043c8   0x080043c8   0x00000008   Data   RO         3538    .constdata          m_wm.l(qnan.o)
    0x080043d0   0x080043d0   0x00000020   Data   RO         3583    Region$$Table       anon$$obj.o


    Execution Region RW_IRAM1 (Exec base: 0x20000000, Load base: 0x080043f0, Size: 0x000005d8, Max: 0x00020000, ABSOLUTE)

    Exec Addr    Load Addr    Size         Type   Attr      Idx    E Section Name        Object

    0x20000000   0x080043f0   0x000000c8   Data   RW           61    .data               main.o
    0x200000c8   0x080044b8   0x0000000c   Data   RW         3254    .data               stm32f4xx_hal.o
    0x200000d4   0x080044c4   0x00000004   Data   RW         3404    .data               system_stm32f4xx.o
    0x200000d8   0x080044c8   0x00000004   Data   RW         3562    .data               mc_w.l(errno.o)
    0x200000dc        -       0x000000f8   Zero   RW           60    .bss                main.o
    0x200001d4   0x080044cc   0x00000004   PAD
    0x200001d8        -       0x00000400   Zero   RW            1    STACK               startup_stm32f407xx.o


==============================================================================

Image component sizes


      Code (inc. data)   RO Data    RW Data    ZI Data      Debug   Object Name

      3888        360          0        200        248     750000   main.o
        36          8        392          0       1024        836   startup_stm32f407xx.o
       144         24          0         12          0       3941   stm32f4xx_hal.o
      1124         46          0          0          0       5861   stm32f4xx_hal_adc.o
       228         14          0          0          0      32159   stm32f4xx_hal_cortex.o
       106          0          0          0          0       1891   stm32f4xx_hal_dac.o
       432         44          0          0          0       1764   stm32f4xx_hal_gpio.o
       264         10          0          0          0       2987   stm32f4xx_hal_i2c.o
       412         60          0          0          0       3559   stm32f4xx_hal_msp.o
      1244         74          0          0          0       5029   stm32f4xx_hal_rcc.o
      1476         96          0          0          0      14214   stm32f4xx_hal_tim.o
         4          0          0          0          0       1610   stm32f4xx_hal_tim_ex.o
        30          0          0          0          0       4122   stm32f4xx_it.o
        84         18         24          4          0       1159   system_stm32f4xx.o

    ----------------------------------------------------------------------
      9488        754        454        216       1276     829132   Object Totals
         0          0         32          0          0          0   (incl. Generated)
        16          0          6          0          4          0   (incl. Padding)

    ----------------------------------------------------------------------

      Code (inc. data)   RO Data    RW Data    ZI Data      Debug   Library Member Name

       744        106        152          0          0        352   atan.o
       496         64          0          0          0        192   atan2.o
       184         44          0          0          0        744   dunder.o
        24          0          0          0          0        124   fabs.o
       116          0          0          0          0        164   fmax.o
        48          0          0          0          0        124   fpclassify.o
       248          0          0          0          0        152   poly.o
      3152        296        136          0          0        352   pow.o
         0          0          8          0          0          0   qnan.o
       232          0          0          0          0        296   sqrt.o
         0          0          0          0          0          0   entry.o
         0          0          0          0          0          0   entry10a.o
         0          0          0          0          0          0   entry11a.o
         8          4          0          0          0          0   entry2.o
         4          0          0          0          0          0   entry5.o
         0          0          0          0          0          0   entry7b.o
         0          0          0          0          0          0   entry8b.o
         8          4          0          0          0          0   entry9a.o
        12          6          0          4          0         68   errno.o
        30          0          0          0          0          0   handlers.o
        36          8          0          0          0         68   init.o
         0          0          0          0          0          0   iusefp.o
        30          0          0          0          0         68   llshl.o
        36          0          0          0          0         68   llsshr.o
        32          0          0          0          0         68   llushr.o
        36          0          0          0          0         68   memcpya.o
        98          0          0          0          0         92   uldiv.o
        48          0          0          0          0         68   cdrcmple.o
        56          0          0          0          0         88   d2f.o
       334          0          0          0          0        148   dadd.o
        96          0          0          0          0         80   dcmp4.o
       222          0          0          0          0        100   ddiv.o
       186          0          0          0          0        176   depilogue.o
        34          0          0          0          0         76   dflti.o
       228          0          0          0          0         96   dmul.o
        46          0          0          0          0         80   dscalb.o
       162          0          0          0          0        100   dsqrt.o
        38          0          0          0          0         68   f2d.o
       110          0          0          0          0        168   fepilogue.o

    ----------------------------------------------------------------------
      7154        532        296          4          0       4248   Library Totals
        20          0          0          0          0          0   (incl. Padding)

    ----------------------------------------------------------------------

      Code (inc. data)   RO Data    RW Data    ZI Data      Debug   Library Name

      5244        510        296          0          0       2500   m_wm.l
       330         22          0          4          0        500   mc_w.l
      1560          0          0          0          0       1248   mf_w.l

    ----------------------------------------------------------------------
      7154        532        296          4          0       4248   Library Totals

    ----------------------------------------------------------------------

==============================================================================


      Code (inc. data)   RO Data    RW Data    ZI Data      Debug   

     16642       1286        750        220       1276     821552   Grand Totals
     16642       1286        750        220       1276     821552   ELF Image Totals
     16642       1286        750        220          0          0   ROM Totals

==============================================================================

    Total RO  Size (Code + RO Data)                17392 (  16.98kB)
    Total RW  Size (RW Data + ZI Data)              1496 (   1.46kB)
    Total ROM Size (Code + RO Data + RW Data)      17612 (  17.20kB)

==============================================================================

