Component: ARM Compiler 5.06 update 5 (build 528) Tool: armlink [4d35e2]

==============================================================================

Section Cross References

    startup_stm32f407xx.o(RESET) refers to startup_stm32f407xx.o(STACK) for __initial_sp
    startup_stm32f407xx.o(RESET) refers to startup_stm32f407xx.o(.text) for Reset_Handler
    startup_stm32f407xx.o(RESET) refers to stm32f4xx_it.o(i.NMI_Handler) for NMI_Handler
    startup_stm32f407xx.o(RESET) refers to stm32f4xx_it.o(i.HardFault_Handler) for HardFault_Handler
    startup_stm32f407xx.o(RESET) refers to stm32f4xx_it.o(i.MemManage_Handler) for MemManage_Handler
    startup_stm32f407xx.o(RESET) refers to stm32f4xx_it.o(i.BusFault_Handler) for BusFault_Handler
    startup_stm32f407xx.o(RESET) refers to stm32f4xx_it.o(i.UsageFault_Handler) for UsageFault_Handler
    startup_stm32f407xx.o(RESET) refers to stm32f4xx_it.o(i.SVC_Handler) for SVC_Handler
    startup_stm32f407xx.o(RESET) refers to stm32f4xx_it.o(i.DebugMon_Handler) for DebugMon_Handler
    startup_stm32f407xx.o(RESET) refers to stm32f4xx_it.o(i.PendSV_Handler) for PendSV_Handler
    startup_stm32f407xx.o(RESET) refers to stm32f4xx_it.o(i.SysTick_Handler) for SysTick_Handler
    startup_stm32f407xx.o(RESET) refers to stm32f4xx_it.o(i.TIM2_IRQHandler) for TIM2_IRQHandler
    startup_stm32f407xx.o(RESET) refers to stm32f4xx_it.o(i.TIM3_IRQHandler) for TIM3_IRQHandler
    startup_stm32f407xx.o(.text) refers to system_stm32f4xx.o(i.SystemInit) for SystemInit
    startup_stm32f407xx.o(.text) refers to entry.o(.ARM.Collect$$$$00000000) for __main
    mpu6050.o(i.GetRawAcc) refers to mpu6050.o(i.I2C_BufferRead) for I2C_BufferRead
    mpu6050.o(i.GetRawGyro) refers to mpu6050.o(i.I2C_BufferRead) for I2C_BufferRead
    mpu6050.o(i.GetTemp) refers to mpu6050.o(i.I2C_BufferRead) for I2C_BufferRead
    mpu6050.o(i.I2C_BufferRead) refers to stm32f4xx_hal_i2c.o(i.HAL_I2C_Mem_Read) for HAL_I2C_Mem_Read
    mpu6050.o(i.I2C_BufferRead) refers to main.o(.bss) for hi2c1
    mpu6050.o(i.I2C_ByteWrite) refers to stm32f4xx_hal_i2c.o(i.HAL_I2C_Mem_Write) for HAL_I2C_Mem_Write
    mpu6050.o(i.I2C_ByteWrite) refers to main.o(.bss) for hi2c1
    mpu6050.o(i.Initialize) refers to mpu6050.o(i.SetClockSource) for SetClockSource
    mpu6050.o(i.Initialize) refers to mpu6050.o(i.SetFullScaleAccelRange) for SetFullScaleAccelRange
    mpu6050.o(i.Initialize) refers to mpu6050.o(i.SetFullScaleGyroRange) for SetFullScaleGyroRange
    mpu6050.o(i.Initialize) refers to mpu6050.o(i.SetSleepModeStatus) for SetSleepModeStatus
    mpu6050.o(i.Initialize) refers to mpu6050.o(i.SetBandwidthAccel) for SetBandwidthAccel
    mpu6050.o(i.ReadBits) refers to mpu6050.o(i.I2C_BufferRead) for I2C_BufferRead
    mpu6050.o(i.SetBandwidthAccel) refers to mpu6050.o(i.WriteBits) for WriteBits
    mpu6050.o(i.SetBandwidthGyro) refers to mpu6050.o(i.WriteBits) for WriteBits
    mpu6050.o(i.SetClockSource) refers to mpu6050.o(i.WriteBits) for WriteBits
    mpu6050.o(i.SetFullScaleAccelRange) refers to mpu6050.o(i.WriteBits) for WriteBits
    mpu6050.o(i.SetFullScaleGyroRange) refers to mpu6050.o(i.WriteBits) for WriteBits
    mpu6050.o(i.SetModeStatus) refers to mpu6050.o(i.WriteBit) for WriteBit
    mpu6050.o(i.SetSleepModeStatus) refers to mpu6050.o(i.WriteBit) for WriteBit
    mpu6050.o(i.WriteBit) refers to mpu6050.o(i.I2C_BufferRead) for I2C_BufferRead
    mpu6050.o(i.WriteBit) refers to mpu6050.o(i.I2C_ByteWrite) for I2C_ByteWrite
    mpu6050.o(i.WriteBits) refers to mpu6050.o(i.I2C_BufferRead) for I2C_BufferRead
    mpu6050.o(i.WriteBits) refers to mpu6050.o(i.I2C_ByteWrite) for I2C_ByteWrite
    main.o(i.MX_ADC1_Init) refers to stm32f4xx_hal_adc.o(i.HAL_ADC_Init) for HAL_ADC_Init
    main.o(i.MX_ADC1_Init) refers to stm32f4xx_hal_adc.o(i.HAL_ADC_ConfigChannel) for HAL_ADC_ConfigChannel
    main.o(i.MX_ADC1_Init) refers to stm32f4xx_hal_adc_ex.o(i.HAL_ADCEx_InjectedConfigChannel) for HAL_ADCEx_InjectedConfigChannel
    main.o(i.MX_ADC1_Init) refers to main.o(.bss) for .bss
    main.o(i.MX_DAC_Init) refers to stm32f4xx_hal_dac.o(i.HAL_DAC_Init) for HAL_DAC_Init
    main.o(i.MX_DAC_Init) refers to stm32f4xx_hal_dac.o(i.HAL_DAC_ConfigChannel) for HAL_DAC_ConfigChannel
    main.o(i.MX_DAC_Init) refers to main.o(.bss) for .bss
    main.o(i.MX_GPIO_Init) refers to stm32f4xx_hal_gpio.o(i.HAL_GPIO_Init) for HAL_GPIO_Init
    main.o(i.MX_I2C1_Init) refers to stm32f4xx_hal_i2c.o(i.HAL_I2C_Init) for HAL_I2C_Init
    main.o(i.MX_I2C1_Init) refers to main.o(.bss) for .bss
    main.o(i.MX_TIM1_Init) refers to stm32f4xx_hal_msp.o(i.HAL_TIM_PWM_MspInit) for HAL_TIM_PWM_MspInit
    main.o(i.MX_TIM1_Init) refers to stm32f4xx_hal_tim.o(i.HAL_TIM_PWM_Init) for HAL_TIM_PWM_Init
    main.o(i.MX_TIM1_Init) refers to stm32f4xx_hal_tim.o(i.HAL_TIM_PWM_ConfigChannel) for HAL_TIM_PWM_ConfigChannel
    main.o(i.MX_TIM1_Init) refers to main.o(.bss) for .bss
[...]
    Removing stm32f4xx_hal.o(i.HAL_GetHalVersion), (8 bytes).
    Removing stm32f4xx_hal.o(i.HAL_GetREVID), (12 bytes).
    Removing stm32f4xx_hal.o(i.HAL_GetTickFreq), (12 bytes).
    Removing stm32f4xx_hal.o(i.HAL_GetTickPrio), (12 bytes).
    Removing stm32f4xx_hal.o(i.HAL_GetUID), (28 bytes).
    Removing stm32f4xx_hal.o(i.HAL_MspDeInit), (2 bytes).
    Removing stm32f4xx_hal.o(i.HAL_MspInit), (2 bytes).
    Removing stm32f4xx_hal.o(i.HAL_ResumeTick), (14 bytes).
    Removing stm32f4xx_hal.o(i.HAL_SetTickFreq), (28 bytes).
    Removing stm32f4xx_hal.o(i.HAL_SuspendTick), (14 bytes).
    Removing stm32f4xx_hal_iwdg.o(.rev16_text), (4 bytes).
    Removing stm32f4xx_hal_iwdg.o(.revsh_text), (4 bytes).
    Removing stm32f4xx_hal_iwdg.o(.rrx_text), (6 bytes).
    Removing system_stm32f4xx.o(.rev16_text), (4 bytes).
    Removing system_stm32f4xx.o(.revsh_text), (4 bytes).
    Removing system_stm32f4xx.o(.rrx_text), (6 bytes).
    Removing system_stm32f4xx.o(i.SystemCoreClockUpdate), (120 bytes).
    Removing dneg.o(.text), (6 bytes).
    Removing cdcmple.o(.text), (48 bytes).

448 unused section(s) (total 31540 bytes) removed from the image.

==============================================================================

Image Symbol Table

    Local Symbols

    Symbol Name                              Value     Ov Type        Size  Object(Section)

    ..//Src/system_stm32f4xx.c               0x00000000   Number         0  system_stm32f4xx.o ABSOLUTE
    ../Drivers/STM32F4xx_HAL_Driver/Src/stm32f4xx_hal.c 0x00000000   Number         0  stm32f4xx_hal.o ABSOLUTE
    ../Drivers/STM32F4xx_HAL_Driver/Src/stm32f4xx_hal_adc.c 0x00000000   Number         0  stm32f4xx_hal_adc.o ABSOLUTE
    ../Drivers/STM32F4xx_HAL_Driver/Src/stm32f4xx_hal_adc_ex.c 0x00000000   Number         0  stm32f4xx_hal_adc_ex.o ABSOLUTE
    ../Drivers/STM32F4xx_HAL_Driver/Src/stm32f4xx_hal_cortex.c 0x00000000   Number         0  stm32f4xx_hal_cortex.o ABSOLUTE
    ../Drivers/STM32F4xx_HAL_Driver/Src/stm32f4xx_hal_dac.c 0x00000000   Number         0  stm32f4xx_hal_dac.o ABSOLUTE
    ../Drivers/STM32F4xx_HAL_Driver/Src/stm32f4xx_hal_dac_ex.c 0x00000000   Number         0  stm32f4xx_hal_dac_ex.o ABSOLUTE
    ../Drivers/STM32F4xx_HAL_Driver/Src/stm32f4xx_hal_dma.c 0x00000000   Number         0  stm32f4xx_hal_dma.o ABSOLUTE
    ../Drivers/STM32F4xx_HAL_Driver/Src/stm32f4xx_hal_dma_ex.c 0x00000000   Number         0  stm32f4xx_hal_dma_ex.o ABSOLUTE
    ../Drivers/STM32F4xx_HAL_Driver/Src/stm32f4xx_hal_flash.c 0x00000000   Number         0  stm32f4xx_hal_flash.o ABSOLUTE
    ../Drivers/STM32F4xx_HAL_Driver/Src/stm32f4xx_hal_flash_ex.c 0x00000000   Number         0  stm32f4xx_hal_flash_ex.o ABSOLUTE
    ../Drivers/STM32F4xx_HAL_Driver/Src/stm32f4xx_hal_flash_ramfunc.c 0x00000000   Number         0  stm32f4xx_hal_flash_ramfunc.o ABSOLUTE
    ../Drivers/STM32F4xx_HAL_Driver/Src/stm32f4xx_hal_gpio.c 0x00000000   Number         0  stm32f4xx_hal_gpio.o ABSOLUTE
    ../Drivers/STM32F4xx_HAL_Driver/Src/stm32f4xx_hal_i2c.c 0x00000000   Number         0  stm32f4xx_hal_i2c.o ABSOLUTE
    ../Drivers/STM32F4xx_HAL_Driver/Src/stm32f4xx_hal_i2c_ex.c 0x00000000   Number         0  stm32f4xx_hal_i2c_ex.o ABSOLUTE
    ../Drivers/STM32F4xx_HAL_Driver/Src/stm32f4xx_hal_pwr.c 0x00000000   Number         0  stm32f4xx_hal_pwr.o ABSOLUTE
    ../Drivers/STM32F4xx_HAL_Driver/Src/stm32f4xx_hal_pwr_ex.c 0x00000000   Number         0  stm32f4xx_hal_pwr_ex.o ABSOLUTE
    ../Drivers/STM32F4xx_HAL_Driver/Src/stm32f4xx_hal_rcc.c 0x00000000   Number         0  stm32f4xx_hal_rcc.o ABSOLUTE
    ../Drivers/STM32F4xx_HAL_Driver/Src/stm32f4xx_hal_rcc_ex.c 0x00000000   Number         0  stm32f4xx_hal_rcc_ex.o ABSOLUTE
    ../Drivers/STM32F4xx_HAL_Driver/Src/stm32f4xx_hal_tim.c 0x00000000   Number         0  stm32f4xx_hal_tim.o ABSOLUTE
    ../Drivers/STM32F4xx_HAL_Driver/Src/stm32f4xx_hal_tim_ex.c 0x00000000   Number         0  stm32f4xx_hal_tim_ex.o ABSOLUTE
    ../Src/main.c                            0x00000000   Number         0  main.o ABSOLUTE
    ../Src/stm32f4xx_hal_msp.c               0x00000000   Number         0  stm32f4xx_hal_msp.o ABSOLUTE
    ../Src/stm32f4xx_it.c                    0x00000000   Number         0  stm32f4xx_it.o ABSOLUTE
    ../clib/microlib/division.c              0x00000000   Number         0  uldiv.o ABSOLUTE
    ../clib/microlib/errno.c                 0x00000000   Number         0  errno.o ABSOLUTE
    ../clib/microlib/init/entry.s            0x00000000   Number         0  entry7a.o ABSOLUTE
    ../clib/microlib/init/entry.s            0x00000000   Number         0  entry8b.o ABSOLUTE
    ../clib/microlib/init/entry.s            0x00000000   Number         0  entry10b.o ABSOLUTE
    ../clib/microlib/init/entry.s            0x00000000   Number         0  entry11a.o ABSOLUTE
    ../clib/microlib/init/entry.s            0x00000000   Number         0  entry8a.o ABSOLUTE
    ../clib/microlib/init/entry.s            0x00000000   Number         0  entry5.o ABSOLUTE
    ../clib/microlib/init/entry.s            0x00000000   Number         0  entry11b.o ABSOLUTE
    ../clib/microlib/init/entry.s            0x00000000   Number         0  entry.o ABSOLUTE
    ../clib/microlib/init/entry.s            0x00000000   Number         0  entry2.o ABSOLUTE
    ../clib/microlib/init/entry.s            0x00000000   Number         0  entry10a.o ABSOLUTE
    ../clib/microlib/init/entry.s            0x00000000   Number         0  entry9b.o ABSOLUTE
    ../clib/microlib/init/entry.s            0x00000000   Number         0  entry7b.o ABSOLUTE
    ../clib/microlib/init/entry.s            0x00000000   Number         0  entry9a.o ABSOLUTE
    ../clib/microlib/longlong.c              0x00000000   Number         0  llushr.o ABSOLUTE
    ../clib/microlib/longlong.c              0x00000000   Number         0  llsshr.o ABSOLUTE
    ../clib/microlib/longlong.c              0x00000000   Number         0  llshl.o ABSOLUTE
    ../clib/microlib/stubs.s                 0x00000000   Number         0  iusefp.o ABSOLUTE
    ../fplib/microlib/d2f.c                  0x00000000   Number         0  d2f.o ABSOLUTE
    ../fplib/microlib/f2d.c                  0x00000000   Number         0  f2d.o ABSOLUTE
    ../fplib/microlib/fpadd.c                0x00000000   Number         0  dadd.o ABSOLUTE
    ../fplib/microlib/fpcmp4.c               0x00000000   Number         0  dcmp4.o ABSOLUTE
    ../fplib/microlib/fpdiv.c                0x00000000   Number         0  ddiv.o ABSOLUTE
    ../fplib/microlib/fpepilogue.c           0x00000000   Number         0  depilogue.o ABSOLUTE
    ../fplib/microlib/fpepilogue.c           0x00000000   Number         0  fepilogue.o ABSOLUTE
    ../fplib/microlib/fpflt.c                0x00000000   Number         0  dflti.o ABSOLUTE
    ../fplib/microlib/fpmul.c                0x00000000   Number         0  dmul.o ABSOLUTE
    ../fplib/microlib/fpneg.c                0x00000000   Number         0  dneg.o ABSOLUTE
    ../fplib/microlib/fpscalb.c              0x00000000   Number         0  dscalb.o ABSOLUTE
    ../fplib/microlib/fpsqrt.c               0x00000000   Number         0  dsqrt.o ABSOLUTE
    ../mathlib/atan.c                        0x00000000   Number         0  atan_x.o ABSOLUTE
    ../mathlib/atan.c                        0x00000000   Number         0  atan.o ABSOLUTE
    ../mathlib/atan2.c                       0x00000000   Number         0  atan2.o ABSOLUTE
    ../mathlib/atan2.c                       0x00000000   Number         0  atan2_x.o ABSOLUTE
    ../mathlib/dunder.c                      0x00000000   Number         0  dunder.o ABSOLUTE
    ../mathlib/fabs.c                        0x00000000   Number         0  fabs.o ABSOLUTE
    ../mathlib/fmax.c                        0x00000000   Number         0  fmax.o ABSOLUTE
    ../mathlib/fpclassify.c                  0x00000000   Number         0  fpclassify.o ABSOLUTE
    ../mathlib/poly.c                        0x00000000   Number         0  poly.o ABSOLUTE
    ../mathlib/pow.c                         0x00000000   Number         0  pow.o ABSOLUTE
    ../mathlib/pow.c                         0x00000000   Number         0  pow_x.o ABSOLUTE
    ../mathlib/qnan.c                        0x00000000   Number         0  qnan.o ABSOLUTE
    ../mathlib/sqrt.c                        0x00000000   Number         0  sqrt.o ABSOLUTE
    ../mathlib/sqrt.c                        0x00000000   Number         0  sqrt_x.o ABSOLUTE
    ..\Drivers\STM32F4xx_HAL_Driver\Src\stm32f4xx_hal.c 0x00000000   Number         0  stm32f4xx_hal.o ABSOLUTE
    ..\Drivers\STM32F4xx_HAL_Driver\Src\stm32f4xx_hal_adc.c 0x00000000   Number         0  stm32f4xx_hal_adc.o ABSOLUTE
    ..\Drivers\STM32F4xx_HAL_Driver\Src\stm32f4xx_hal_adc_ex.c 0x00000000   Number         0  stm32f4xx_hal_adc_ex.o ABSOLUTE
    ..\Drivers\STM32F4xx_HAL_Driver\Src\stm32f4xx_hal_cortex.c 0x00000000   Number         0  stm32f4xx_hal_cortex.o ABSOLUTE
    ..\Drivers\STM32F4xx_HAL_Driver\Src\stm32f4xx_hal_dac.c 0x00000000   Number         0  stm32f4xx_hal_dac.o ABSOLUTE
    ..\Drivers\STM32F4xx_HAL_Driver\Src\stm32f4xx_hal_dac_ex.c 0x00000000   Number         0  stm32f4xx_hal_dac_ex.o ABSOLUTE
    ..\Drivers\STM32F4xx_HAL_Driver\Src\stm32f4xx_hal_dma.c 0x00000000   Number         0  stm32f4xx_hal_dma.o ABSOLUTE
    ..\Drivers\STM32F4xx_HAL_Driver\Src\stm32f4xx_hal_dma_ex.c 0x00000000   Number         0  stm32f4xx_hal_dma_ex.o ABSOLUTE
    ..\Drivers\STM32F4xx_HAL_Driver\Src\stm32f4xx_hal_flash.c 0x00000000   Number         0  stm32f4xx_hal_flash.o ABSOLUTE
    ..\Drivers\STM32F4xx_HAL_Driver\Src\stm32f4xx_hal_flash_ex.c 0x00000000   Number         0  stm32f4xx_hal_flash_ex.o ABSOLUTE
    ..\Drivers\STM32F4xx_HAL_Driver\Src\stm32f4xx_hal_flash_ramfunc.c 0x00000000   Number         0  stm32f4xx_hal_flash_ramfunc.o ABSOLUTE
    ..\Drivers\STM32F4xx_HAL_Driver\Src\stm32f4xx_hal_gpio.c 0x00000000   Number         0  stm32f4xx_hal_gpio.o ABSOLUTE
    ..\Drivers\STM32F4xx_HAL_Driver\Src\stm32f4xx_hal_i2c.c 0x00000000   Number         0  stm32f4xx_hal_i2c.o ABSOLUTE
    ..\Drivers\STM32F4xx_HAL_Driver\Src\stm32f4xx_hal_i2c_ex.c 0x00000000   Number         0  stm32f4xx_hal_i2c_ex.o ABSOLUTE
    ..\Drivers\STM32F4xx_HAL_Driver\Src\stm32f4xx_hal_iwdg.c 0x00000000   Number         0  stm32f4xx_hal_iwdg.o ABSOLUTE
    ..\Drivers\STM32F4xx_HAL_Driver\Src\stm32f4xx_hal_pwr.c 0x00000000   Number         0  stm32f4xx_hal_pwr.o ABSOLUTE
    ..\Drivers\STM32F4xx_HAL_Driver\Src\stm32f4xx_hal_pwr_ex.c 0x00000000   Number         0  stm32f4xx_hal_pwr_ex.o ABSOLUTE
    ..\Drivers\STM32F4xx_HAL_Driver\Src\stm32f4xx_hal_rcc.c 0x00000000   Number         0  stm32f4xx_hal_rcc.o ABSOLUTE
    ..\Drivers\STM32F4xx_HAL_Driver\Src\stm32f4xx_hal_rcc_ex.c 0x00000000   Number         0  stm32f4xx_hal_rcc_ex.o ABSOLUTE
    ..\Drivers\STM32F4xx_HAL_Driver\Src\stm32f4xx_hal_tim.c 0x00000000   Number         0  stm32f4xx_hal_tim.o ABSOLUTE
    ..\Drivers\STM32F4xx_HAL_Driver\Src\stm32f4xx_hal_tim_ex.c 0x00000000   Number         0  stm32f4xx_hal_tim_ex.o ABSOLUTE
    ..\Src\MPU6050.c                         0x00000000   Number         0  mpu6050.o ABSOLUTE
    ..\Src\main.c                            0x00000000   Number         0  main.o ABSOLUTE
    ..\Src\stm32f4xx_hal_msp.c               0x00000000   Number         0  stm32f4xx_hal_msp.o ABSOLUTE
    ..\Src\stm32f4xx_it.c                    0x00000000   Number         0  stm32f4xx_it.o ABSOLUTE
    ..\\Drivers\\STM32F4xx_HAL_Driver\\Src\\stm32f4xx_hal_iwdg.c 0x00000000   Number         0  stm32f4xx_hal_iwdg.o ABSOLUTE
    ..\\Src\\MPU6050.c                       0x00000000   Number         0  mpu6050.o ABSOLUTE
    ..\\Src\system_stm32f4xx.c               0x00000000   Number         0  system_stm32f4xx.o ABSOLUTE
    cdcmple.s                                0x00000000   Number         0  cdcmple.o ABSOLUTE
    cdrcmple.s                               0x00000000   Number         0  cdrcmple.o ABSOLUTE
    dc.s                                     0x00000000   Number         0  dc.o ABSOLUTE
    handlers.s                               0x00000000   Number         0  handlers.o ABSOLUTE
    init.s                                   0x00000000   Number         0  init.o ABSOLUTE
    startup_stm32f407xx.s                    0x00000000   Number         0  startup_stm32f407xx.o ABSOLUTE
    RESET                                    0x08000000   Section      392  startup_stm32f407xx.o(RESET)
    .ARM.Collect$$$$00000000                 0x08000188   Section        0  entry.o(.ARM.Collect$$$$00000000)
    .ARM.Collect$$$$00000001                 0x08000188   Section        4  entry2.o(.ARM.Collect$$$$00000001)
    .ARM.Collect$$$$00000004                 0x0800018c   Section        4  entry5.o(.ARM.Collect$$$$00000004)
    .ARM.Collect$$$$00000008                 0x08000190   Section        0  entry7b.o(.ARM.Collect$$$$00000008)
    .ARM.Collect$$$$0000000A                 0x08000190   Section        0  entry8b.o(.ARM.Collect$$$$0000000A)
    .ARM.Collect$$$$0000000B                 0x08000190   Section        8  entry9a.o(.ARM.Collect$$$$0000000B)
    .ARM.Collect$$$$0000000D                 0x08000198   Section        0  entry10a.o(.ARM.Collect$$$$0000000D)
    .ARM.Collect$$$$0000000F                 0x08000198   Section        0  entry11a.o(.ARM.Collect$$$$0000000F)
    .ARM.Collect$$$$00002712                 0x08000198   Section        4  entry2.o(.ARM.Collect$$$$00002712)
    __lit__00000000                          0x08000198   Data           4  entry2.o(.ARM.Collect$$$$00002712)
    .text                                    0x0800019c   Section       36  startup_stm32f407xx.o(.text)
    $v0                                      0x0800019c   Number         0  startup_stm32f407xx.o(.text)
    .text                                    0x080001c0   Section        0  uldiv.o(.text)
    .text                                    0x08000222   Section        0  dadd.o(.text)
    .text                                    0x08000370   Section        0  dmul.o(.text)
    .text                                    0x08000454   Section        0  ddiv.o(.text)
    .text                                    0x08000532   Section        0  dflti.o(.text)
    .text                                    0x08000554   Section        0  f2d.o(.text)
    .text                                    0x0800057c   Section       48  cdrcmple.o(.text)
    .text                                    0x080005ac   Section        0  d2f.o(.text)
    .text                                    0x080005e4   Section        0  llshl.o(.text)
    .text                                    0x08000602   Section        0  llushr.o(.text)
    .text                                    0x08000622   Section        0  llsshr.o(.text)
    .text                                    0x08000646   Section        0  iusefp.o(.text)
    .text                                    0x08000646   Section        0  fepilogue.o(.text)
    .text                                    0x080006b4   Section        0  depilogue.o(.text)
    .text                                    0x0800076e   Section        0  dscalb.o(.text)
    .text                                    0x0800079c   Section        0  dsqrt.o(.text)
    .text                                    0x0800083e   Section        0  dcmp4.o(.text)
    .text                                    0x080008a0   Section       36  init.o(.text)
    i.ADC_Init                               0x080008c4   Section        0  stm32f4xx_hal_adc.o(i.ADC_Init)
    ADC_Init                                 0x080008c5   Thumb Code   280  stm32f4xx_hal_adc.o(i.ADC_Init)
    i.BusFault_Handler                       0x080009e8   Section        0  stm32f4xx_it.o(i.BusFault_Handler)
    i.DebugMon_Handler                       0x080009ea   Section        0  stm32f4xx_it.o(i.DebugMon_Handler)
    i.GetRawAcc                              0x080009ec   Section        0  mpu6050.o(i.GetRawAcc)
    i.GetRawGyro                             0x08000a30   Section        0  mpu6050.o(i.GetRawGyro)
    i.HAL_ADCEx_InjectedConfigChannel        0x08000a5c   Section        0  stm32f4xx_hal_adc_ex.o(i.HAL_ADCEx_InjectedConfigChannel)
    i.HAL_ADC_ConfigChannel                  0x08000c18   Section        0  stm32f4xx_hal_adc.o(i.HAL_ADC_ConfigChannel)
    i.HAL_ADC_Init                           0x08000d64   Section        0  stm32f4xx_hal_adc.o(i.HAL_ADC_Init)
    i.HAL_ADC_MspInit                        0x08000db8   Section        0  stm32f4xx_hal_msp.o(i.HAL_ADC_MspInit)
    i.HAL_ADC_Start                          0x08000dfc   Section        0  stm32f4xx_hal_adc.o(i.HAL_ADC_Start)
    i.HAL_DAC_ConfigChannel                  0x08000eb8   Section        0  stm32f4xx_hal_dac.o(i.HAL_DAC_ConfigChannel)
    i.HAL_DAC_Init                           0x08000efa   Section        0  stm32f4xx_hal_dac.o(i.HAL_DAC_Init)
    i.HAL_DAC_MspInit                        0x08000f24   Section        0  stm32f4xx_hal_msp.o(i.HAL_DAC_MspInit)
    i.HAL_DAC_Start                          0x08000f68   Section        0  stm32f4xx_hal_dac.o(i.HAL_DAC_Start)
    i.HAL_Delay                              0x08000fd4   Section        0  stm32f4xx_hal.o(i.HAL_Delay)
    i.HAL_GPIO_Init                          0x08000ff8   Section        0  stm32f4xx_hal_gpio.o(i.HAL_GPIO_Init)
    i.HAL_GetTick                            0x080011a8   Section        0  stm32f4xx_hal.o(i.HAL_GetTick)
    i.HAL_I2C_Init                           0x080011b4   Section        0  stm32f4xx_hal_i2c.o(i.HAL_I2C_Init)
    i.HAL_I2C_IsDeviceReady                  0x080012bc   Section        0  stm32f4xx_hal_i2c.o(i.HAL_I2C_IsDeviceReady)
    i.HAL_I2C_Mem_Read                       0x0800141c   Section        0  stm32f4xx_hal_i2c.o(i.HAL_I2C_Mem_Read)
    i.HAL_I2C_Mem_Write                      0x08001618   Section        0  stm32f4xx_hal_i2c.o(i.HAL_I2C_Mem_Write)
    i.HAL_I2C_MspInit                        0x08001754   Section        0  stm32f4xx_hal_msp.o(i.HAL_I2C_MspInit)
    i.HAL_IncTick                            0x080017a0   Section        0  stm32f4xx_hal.o(i.HAL_IncTick)
    i.HAL_Init                               0x080017b0   Section        0  stm32f4xx_hal.o(i.HAL_Init)
    i.HAL_InitTick                           0x080017e4   Section        0  stm32f4xx_hal.o(i.HAL_InitTick)
    i.HAL_MspInit                            0x08001824   Section        0  stm32f4xx_hal_msp.o(i.HAL_MspInit)
    i.HAL_NVIC_EnableIRQ                     0x080018a8   Section        0  stm32f4xx_hal_cortex.o(i.HAL_NVIC_EnableIRQ)
    i.HAL_NVIC_SetPriority                   0x080018c0   Section        0  stm32f4xx_hal_cortex.o(i.HAL_NVIC_SetPriority)
    i.HAL_NVIC_SetPriorityGrouping           0x08001900   Section        0  stm32f4xx_hal_cortex.o(i.HAL_NVIC_SetPriorityGrouping)
    i.HAL_RCC_ClockConfig                    0x08001924   Section        0  stm32f4xx_hal_rcc.o(i.HAL_RCC_ClockConfig)
    i.HAL_RCC_GetHCLKFreq                    0x08001a54   Section        0  stm32f4xx_hal_rcc.o(i.HAL_RCC_GetHCLKFreq)
    i.HAL_RCC_GetPCLK1Freq                   0x08001a60   Section        0  stm32f4xx_hal_rcc.o(i.HAL_RCC_GetPCLK1Freq)
    i.HAL_RCC_GetSysClockFreq                0x08001a80   Section        0  stm32f4xx_hal_rcc.o(i.HAL_RCC_GetSysClockFreq)
    i.HAL_RCC_OscConfig                      0x08001ae0   Section        0  stm32f4xx_hal_rcc.o(i.HAL_RCC_OscConfig)
    i.HAL_SYSTICK_CLKSourceConfig            0x08001dfc   Section        0  stm32f4xx_hal_cortex.o(i.HAL_SYSTICK_CLKSourceConfig)
    i.HAL_SYSTICK_Callback                   0x08001e14   Section        0  stm32f4xx_hal_cortex.o(i.HAL_SYSTICK_Callback)
    i.HAL_SYSTICK_Config                     0x08001e16   Section        0  stm32f4xx_hal_cortex.o(i.HAL_SYSTICK_Config)
    i.HAL_SYSTICK_IRQHandler                 0x08001e3e   Section        0  stm32f4xx_hal_cortex.o(i.HAL_SYSTICK_IRQHandler)
    i.HAL_TIMEx_BreakCallback                0x08001e46   Section        0  stm32f4xx_hal_tim_ex.o(i.HAL_TIMEx_BreakCallback)
    i.HAL_TIMEx_CommutationCallback          0x08001e48   Section        0  stm32f4xx_hal_tim_ex.o(i.HAL_TIMEx_CommutationCallback)
    i.HAL_TIMEx_MasterConfigSynchronization  0x08001e4a   Section        0  stm32f4xx_hal_tim_ex.o(i.HAL_TIMEx_MasterConfigSynchronization)
    i.HAL_TIM_Base_Init                      0x08001e9a   Section        0  stm32f4xx_hal_tim.o(i.HAL_TIM_Base_Init)
    i.HAL_TIM_Base_MspInit                   0x08001ed0   Section        0  stm32f4xx_hal_msp.o(i.HAL_TIM_Base_MspInit)
    i.HAL_TIM_Base_Start_IT                  0x08001f30   Section        0  stm32f4xx_hal_tim.o(i.HAL_TIM_Base_Start_IT)
    i.HAL_TIM_Base_Stop_IT                   0x08001f48   Section        0  stm32f4xx_hal_tim.o(i.HAL_TIM_Base_Stop_IT)
    i.HAL_TIM_ConfigClockSource              0x08001f72   Section        0  stm32f4xx_hal_tim.o(i.HAL_TIM_ConfigClockSource)
    i.HAL_TIM_IC_CaptureCallback             0x08002064   Section        0  stm32f4xx_hal_tim.o(i.HAL_TIM_IC_CaptureCallback)
    i.HAL_TIM_IRQHandler                     0x08002066   Section        0  stm32f4xx_hal_tim.o(i.HAL_TIM_IRQHandler)
    i.HAL_TIM_OC_DelayElapsedCallback        0x080021cc   Section        0  stm32f4xx_hal_tim.o(i.HAL_TIM_OC_DelayElapsedCallback)
    i.HAL_TIM_PWM_ConfigChannel              0x080021ce   Section        0  stm32f4xx_hal_tim.o(i.HAL_TIM_PWM_ConfigChannel)
    i.HAL_TIM_PWM_Init                       0x0800229e   Section        0  stm32f4xx_hal_tim.o(i.HAL_TIM_PWM_Init)
    i.HAL_TIM_PWM_MspInit                    0x080022d4   Section        0  stm32f4xx_hal_msp.o(i.HAL_TIM_PWM_MspInit)
    i.HAL_TIM_PWM_PulseFinishedCallback      0x080022fc   Section        0  stm32f4xx_hal_tim.o(i.HAL_TIM_PWM_PulseFinishedCallback)
    i.HAL_TIM_PWM_Start                      0x08002300   Section        0  stm32f4xx_hal_tim.o(i.HAL_TIM_PWM_Start)
    i.HAL_TIM_PWM_Stop                       0x08002338   Section        0  stm32f4xx_hal_tim.o(i.HAL_TIM_PWM_Stop)
    i.HAL_TIM_PeriodElapsedCallback          0x08002394   Section        0  stm32f4xx_hal_tim.o(i.HAL_TIM_PeriodElapsedCallback)
    i.HAL_TIM_TriggerCallback                0x08002396   Section        0  stm32f4xx_hal_tim.o(i.HAL_TIM_TriggerCallback)
    i.HardFault_Handler                      0x08002398   Section        0  stm32f4xx_it.o(i.HardFault_Handler)
    i.I2C_BufferRead                         0x0800239c   Section        0  mpu6050.o(i.I2C_BufferRead)
    i.I2C_ByteWrite                          0x080023b4   Section        0  mpu6050.o(i.I2C_ByteWrite)
    i.I2C_IsAcknowledgeFailed                0x080023d0   Section        0  stm32f4xx_hal_i2c.o(i.I2C_IsAcknowledgeFailed)
    I2C_IsAcknowledgeFailed                  0x080023d1   Thumb Code    40  stm32f4xx_hal_i2c.o(i.I2C_IsAcknowledgeFailed)
    i.I2C_RequestMemoryRead                  0x080023f8   Section        0  stm32f4xx_hal_i2c.o(i.I2C_RequestMemoryRead)
    I2C_RequestMemoryRead                    0x080023f9   Thumb Code   240  stm32f4xx_hal_i2c.o(i.I2C_RequestMemoryRead)
    i.I2C_RequestMemoryWrite                 0x080024e8   Section        0  stm32f4xx_hal_i2c.o(i.I2C_RequestMemoryWrite)
    I2C_RequestMemoryWrite                   0x080024e9   Thumb Code   156  stm32f4xx_hal_i2c.o(i.I2C_RequestMemoryWrite)
    i.I2C_WaitOnBTFFlagUntilTimeout          0x08002588   Section        0  stm32f4xx_hal_i2c.o(i.I2C_WaitOnBTFFlagUntilTimeout)
    I2C_WaitOnBTFFlagUntilTimeout            0x08002589   Thumb Code    78  stm32f4xx_hal_i2c.o(i.I2C_WaitOnBTFFlagUntilTimeout)
    i.I2C_WaitOnFlagUntilTimeout             0x080025d8   Section        0  stm32f4xx_hal_i2c.o(i.I2C_WaitOnFlagUntilTimeout)
    I2C_WaitOnFlagUntilTimeout               0x080025d9   Thumb Code   132  stm32f4xx_hal_i2c.o(i.I2C_WaitOnFlagUntilTimeout)
    i.I2C_WaitOnMasterAddressFlagUntilTimeout 0x0800265c   Section        0  stm32f4xx_hal_i2c.o(i.I2C_WaitOnMasterAddressFlagUntilTimeout)
    I2C_WaitOnMasterAddressFlagUntilTimeout  0x0800265d   Thumb Code   136  stm32f4xx_hal_i2c.o(i.I2C_WaitOnMasterAddressFlagUntilTimeout)
    i.I2C_WaitOnRXNEFlagUntilTimeout         0x080026e4   Section        0  stm32f4xx_hal_i2c.o(i.I2C_WaitOnRXNEFlagUntilTimeout)
    I2C_WaitOnRXNEFlagUntilTimeout           0x080026e5   Thumb Code    98  stm32f4xx_hal_i2c.o(i.I2C_WaitOnRXNEFlagUntilTimeout)
    i.I2C_WaitOnTXEFlagUntilTimeout          0x08002746   Section        0  stm32f4xx_hal_i2c.o(i.I2C_WaitOnTXEFlagUntilTimeout)
    I2C_WaitOnTXEFlagUntilTimeout            0x08002747   Thumb Code    78  stm32f4xx_hal_i2c.o(i.I2C_WaitOnTXEFlagUntilTimeout)
    i.Initialize                             0x08002794   Section        0  mpu6050.o(i.Initialize)
    i.MX_ADC1_Init                           0x080027d0   Section        0  main.o(i.MX_ADC1_Init)
    MX_ADC1_Init                             0x080027d1   Thumb Code   110  main.o(i.MX_ADC1_Init)
    i.MX_DAC_Init                            0x08002850   Section        0  main.o(i.MX_DAC_Init)
    MX_DAC_Init                              0x08002851   Thumb Code    56  main.o(i.MX_DAC_Init)
    i.MX_GPIO_Init                           0x08002890   Section        0  main.o(i.MX_GPIO_Init)
    MX_GPIO_Init                             0x08002891   Thumb Code   100  main.o(i.MX_GPIO_Init)
    i.MX_I2C1_Init                           0x080028fc   Section        0  main.o(i.MX_I2C1_Init)
    MX_I2C1_Init                             0x080028fd   Thumb Code    44  main.o(i.MX_I2C1_Init)
    i.MX_TIM1_Init                           0x08002934   Section        0  main.o(i.MX_TIM1_Init)
    MX_TIM1_Init                             0x08002935   Thumb Code    78  main.o(i.MX_TIM1_Init)
    i.MX_TIM2_Init                           0x08002990   Section        0  main.o(i.MX_TIM2_Init)
    MX_TIM2_Init                             0x08002991   Thumb Code    78  main.o(i.MX_TIM2_Init)
    i.MX_TIM3_Init                           0x080029e4   Section        0  main.o(i.MX_TIM3_Init)
    MX_TIM3_Init                             0x080029e5   Thumb Code    78  main.o(i.MX_TIM3_Init)
    i.MemManage_Handler                      0x08002a3c   Section        0  stm32f4xx_it.o(i.MemManage_Handler)
    i.NMI_Handler                            0x08002a3e   Section        0  stm32f4xx_it.o(i.NMI_Handler)
    i.NVIC_SetPriority                       0x08002a40   Section        0  stm32f4xx_hal_cortex.o(i.NVIC_SetPriority)
    NVIC_SetPriority                         0x08002a41   Thumb Code    32  stm32f4xx_hal_cortex.o(i.NVIC_SetPriority)
    i.PendSV_Handler                         0x08002a60   Section        0  stm32f4xx_it.o(i.PendSV_Handler)
    i.SVC_Handler                            0x08002a62   Section        0  stm32f4xx_it.o(i.SVC_Handler)
    i.SetBandwidthAccel                      0x08002a64   Section        0  mpu6050.o(i.SetBandwidthAccel)
    i.SetClockSource                         0x08002a76   Section        0  mpu6050.o(i.SetClockSource)
    i.SetFullScaleAccelRange                 0x08002a88   Section        0  mpu6050.o(i.SetFullScaleAccelRange)
    i.SetFullScaleGyroRange                  0x08002a9a   Section        0  mpu6050.o(i.SetFullScaleGyroRange)
    i.SetSleepModeStatus                     0x08002aac   Section        0  mpu6050.o(i.SetSleepModeStatus)
    i.SysTick_Handler                        0x08002ab8   Section        0  stm32f4xx_it.o(i.SysTick_Handler)
    i.SystemClock_Config                     0x08002ac8   Section        0  main.o(i.SystemClock_Config)
    i.SystemInit                             0x08002b64   Section        0  system_stm32f4xx.o(i.SystemInit)
    i.TIM2_IRQHandler                        0x08002bb8   Section        0  stm32f4xx_it.o(i.TIM2_IRQHandler)
    i.TIM3_IRQHandler                        0x08002c1c   Section        0  stm32f4xx_it.o(i.TIM3_IRQHandler)
    i.TIM_Base_SetConfig                     0x08002c34   Section        0  stm32f4xx_hal_tim.o(i.TIM_Base_SetConfig)
    i.TIM_CCxChannelCmd                      0x08002cf4   Section        0  stm32f4xx_hal_tim.o(i.TIM_CCxChannelCmd)
    i.TIM_ETR_SetConfig                      0x08002d0a   Section        0  stm32f4xx_hal_tim.o(i.TIM_ETR_SetConfig)
    TIM_ETR_SetConfig                        0x08002d0b   Thumb Code    20  stm32f4xx_hal_tim.o(i.TIM_ETR_SetConfig)
    i.TIM_ITRx_SetConfig                     0x08002d1e   Section        0  stm32f4xx_hal_tim.o(i.TIM_ITRx_SetConfig)
    TIM_ITRx_SetConfig                       0x08002d1f   Thumb Code    16  stm32f4xx_hal_tim.o(i.TIM_ITRx_SetConfig)
    i.TIM_OC1_SetConfig                      0x08002d30   Section        0  stm32f4xx_hal_tim.o(i.TIM_OC1_SetConfig)
    TIM_OC1_SetConfig                        0x08002d31   Thumb Code    80  stm32f4xx_hal_tim.o(i.TIM_OC1_SetConfig)
    i.TIM_OC2_SetConfig                      0x08002d88   Section        0  stm32f4xx_hal_tim.o(i.TIM_OC2_SetConfig)
    i.TIM_OC3_SetConfig                      0x08002dec   Section        0  stm32f4xx_hal_tim.o(i.TIM_OC3_SetConfig)
    TIM_OC3_SetConfig                        0x08002ded   Thumb Code    88  stm32f4xx_hal_tim.o(i.TIM_OC3_SetConfig)
    i.TIM_OC4_SetConfig                      0x08002e4c   Section        0  stm32f4xx_hal_tim.o(i.TIM_OC4_SetConfig)
    TIM_OC4_SetConfig                        0x08002e4d   Thumb Code    70  stm32f4xx_hal_tim.o(i.TIM_OC4_SetConfig)
    i.TIM_TI1_ConfigInputStage               0x08002e9c   Section        0  stm32f4xx_hal_tim.o(i.TIM_TI1_ConfigInputStage)
    TIM_TI1_ConfigInputStage                 0x08002e9d   Thumb Code    34  stm32f4xx_hal_tim.o(i.TIM_TI1_ConfigInputStage)
    i.TIM_TI2_ConfigInputStage               0x08002ebe   Section        0  stm32f4xx_hal_tim.o(i.TIM_TI2_ConfigInputStage)
    TIM_TI2_ConfigInputStage                 0x08002ebf   Thumb Code    36  stm32f4xx_hal_tim.o(i.TIM_TI2_ConfigInputStage)
    i.UsageFault_Handler                     0x08002ee2   Section        0  stm32f4xx_it.o(i.UsageFault_Handler)
    i.WriteBit                               0x08002ee4   Section        0  mpu6050.o(i.WriteBit)
    i.WriteBits                              0x08002f1c   Section        0  mpu6050.o(i.WriteBits)
    i.__ARM_fpclassify                       0x08002f62   Section        0  fpclassify.o(i.__ARM_fpclassify)
    i.__hardfp_atan                          0x08002f98   Section        0  atan.o(i.__hardfp_atan)
    i.__hardfp_atan2                         0x08003270   Section        0  atan2.o(i.__hardfp_atan2)
    i.__hardfp_fmax                          0x08003460   Section        0  fmax.o(i.__hardfp_fmax)
    i.__hardfp_pow                           0x080034d8   Section        0  pow.o(i.__hardfp_pow)
    i.__hardfp_sqrt                          0x08004128   Section        0  sqrt.o(i.__hardfp_sqrt)
    i.__kernel_poly                          0x080041a2   Section        0  poly.o(i.__kernel_poly)
    i.__mathlib_dbl_divzero                  0x080042a0   Section        0  dunder.o(i.__mathlib_dbl_divzero)
    i.__mathlib_dbl_infnan                   0x080042d0   Section        0  dunder.o(i.__mathlib_dbl_infnan)
    i.__mathlib_dbl_infnan2                  0x080042e4   Section        0  dunder.o(i.__mathlib_dbl_infnan2)
    i.__mathlib_dbl_invalid                  0x080042f8   Section        0  dunder.o(i.__mathlib_dbl_invalid)
    i.__mathlib_dbl_overflow                 0x08004318   Section        0  dunder.o(i.__mathlib_dbl_overflow)
    i.__mathlib_dbl_underflow                0x08004338   Section        0  dunder.o(i.__mathlib_dbl_underflow)
    i.__scatterload_copy                     0x08004358   Section       14  handlers.o(i.__scatterload_copy)
    i.__scatterload_null                     0x08004366   Section        2  handlers.o(i.__scatterload_null)
    i.__scatterload_zeroinit                 0x08004368   Section       14  handlers.o(i.__scatterload_zeroinit)
    i.__set_errno                            0x08004378   Section        0  errno.o(i.__set_errno)
    i.angleFromProjections                   0x08004384   Section        0  main.o(i.angleFromProjections)
    i.atan                                   0x08004468   Section        0  atan.o(i.atan)
    i.convertAngelToDACValue                 0x08004478   Section        0  main.o(i.convertAngelToDACValue)
    i.convertCurrentXAngelToSignalPeriod     0x080044b8   Section        0  main.o(i.convertCurrentXAngelToSignalPeriod)
    i.createStartAngleOfRotation             0x08004504   Section        0  main.o(i.createStartAngleOfRotation)
    i.emergencyTrackingWithCurrentAngels     0x08004508   Section        0  main.o(i.emergencyTrackingWithCurrentAngels)
    i.fabs                                   0x080045b0   Section        0  fabs.o(i.fabs)
    i.joystickControl                        0x080045c8   Section        0  main.o(i.joystickControl)
    i.main                                   0x0800460c   Section        0  main.o(i.main)
    i.obtainCurrentAngleOfRotation           0x0800473c   Section        0  main.o(i.obtainCurrentAngleOfRotation)
    i.obtainCurrentAngleOfRotationWithStartAngle 0x080047f4   Section        0  main.o(i.obtainCurrentAngleOfRotationWithStartAngle)
    i.obtainCurrentGyroscopeValue            0x08004834   Section        0  main.o(i.obtainCurrentGyroscopeValue)
    i.sensitivitySetting                     0x080048ac   Section        0  main.o(i.sensitivitySetting)
    i.sensorControl                          0x08004928   Section        0  main.o(i.sensorControl)
    i.sidewaysDACWithDACValue                0x0800497c   Section        0  main.o(i.sidewaysDACWithDACValue)
    i.sidewaysMotionDACWithCurrentAngel      0x08004994   Section        0  main.o(i.sidewaysMotionDACWithCurrentAngel)
    i.sidewaysMotionVoltageADC               0x080049a4   Section        0  main.o(i.sidewaysMotionVoltageADC)
    i.signalsWithNumberOfSignals             0x080049f4   Section        0  main.o(i.signalsWithNumberOfSignals)
    i.speakerWithSignalPeriod                0x08004a2c   Section        0  main.o(i.speakerWithSignalPeriod)
    i.sqrt                                   0x08004a50   Section        0  sqrt.o(i.sqrt)
    i.startTimer                             0x08004ac0   Section        0  main.o(i.startTimer)
    i.stopTimer                              0x08004acc   Section        0  main.o(i.stopTimer)
    i.straightDACWithDACValue                0x08004ad8   Section        0  main.o(i.straightDACWithDACValue)
    i.straightMotionDACWithCurrentAngel      0x08004aec   Section        0  main.o(i.straightMotionDACWithCurrentAngel)
    i.straightMotionVoltageADC               0x08004afc   Section        0  main.o(i.straightMotionVoltageADC)
    i.synchronousDelay                       0x08004b4c   Section        0  main.o(i.synchronousDelay)
    .constdata                               0x08004b5c   Section       16  system_stm32f4xx.o(.constdata)
    .constdata                               0x08004b6c   Section        8  system_stm32f4xx.o(.constdata)
    .constdata                               0x08004b78   Section      136  pow.o(.constdata)
    bp                                       0x08004b78   Data          16  pow.o(.constdata)
    dp_h                                     0x08004b88   Data          16  pow.o(.constdata)
    dp_l                                     0x08004b98   Data          16  pow.o(.constdata)
    L                                        0x08004ba8   Data          48  pow.o(.constdata)
    P                                        0x08004bd8   Data          40  pow.o(.constdata)
    .constdata                               0x08004c00   Section      152  atan.o(.constdata)
    atanhi                                   0x08004c00   Data          32  atan.o(.constdata)
    atanlo                                   0x08004c20   Data          32  atan.o(.constdata)
    aTodd                                    0x08004c40   Data          40  atan.o(.constdata)
    aTeven                                   0x08004c68   Data          48  atan.o(.constdata)
    .constdata                               0x08004c98   Section        8  qnan.o(.constdata)
    .data                                    0x20000000   Section        8  main.o(.data)
    .data                                    0x20000008   Section        4  main.o(.data)
    .data                                    0x2000000c   Section        4  main.o(.data)
    .data                                    0x20000010   Section        4  main.o(.data)
    .data                                    0x20000014   Section       12  stm32f4xx_hal.o(.data)
    .data                                    0x20000020   Section        4  system_stm32f4xx.o(.data)
    .data                                    0x20000024   Section        4  errno.o(.data)
    _errno                                   0x20000024   Data           4  errno.o(.data)
    .bss                                     0x20000028   Section      368  main.o(.bss)
    STACK                                    0x20000198   Section     1024  startup_stm32f407xx.o(STACK)

    Global Symbols

    Symbol Name                              Value     Ov Type        Size  Object(Section)

    BuildAttributes$$THM_ISAv4$E$P$D$K$B$S$7EM$VFPi3$EXTD16$VFPS$VFMA$PE$A:L22UL41UL21$X:L11$S22US41US21$IEEE1$IW$USESV6$~STKCKD$USESV7$~SHL$OTIME$ROPI$IEEEX$EBA8$MICROLIB$REQ8$PRES8$EABIv2 0x00000000   Number         0  anon$$obj.o ABSOLUTE
    __ARM_use_no_argv                        0x00000000   Number         0  main.o ABSOLUTE
    __cpp_initialize__aeabi_                  - Undefined Weak Reference
    __cxa_finalize                            - Undefined Weak Reference
    __decompress                              - Undefined Weak Reference
    _clock_init                               - Undefined Weak Reference
    _microlib_exit                            - Undefined Weak Reference
    __Vectors_Size                           0x00000188   Number         0  startup_stm32f407xx.o ABSOLUTE
    __Vectors                                0x08000000   Data           4  startup_stm32f407xx.o(RESET)
    __Vectors_End                            0x08000188   Data           0  startup_stm32f407xx.o(RESET)
    __main                                   0x08000189   Thumb Code     0  entry.o(.ARM.Collect$$$$00000000)
    _main_stk                                0x08000189   Thumb Code     0  entry2.o(.ARM.Collect$$$$00000001)
    _main_scatterload                        0x0800018d   Thumb Code     0  entry5.o(.ARM.Collect$$$$00000004)
    __main_after_scatterload                 0x08000191   Thumb Code     0  entry5.o(.ARM.Collect$$$$00000004)
    _main_clock                              0x08000191   Thumb Code     0  entry7b.o(.ARM.Collect$$$$00000008)
    _main_cpp_init                           0x08000191   Thumb Code     0  entry8b.o(.ARM.Collect$$$$0000000A)
    _main_init                               0x08000191   Thumb Code     0  entry9a.o(.ARM.Collect$$$$0000000B)
    __rt_final_cpp                           0x08000199   Thumb Code     0  entry10a.o(.ARM.Collect$$$$0000000D)
    __rt_final_exit                          0x08000199   Thumb Code     0  entry11a.o(.ARM.Collect$$$$0000000F)
    Reset_Handler                            0x0800019d   Thumb Code     8  startup_stm32f407xx.o(.text)
    ADC_IRQHandler                           0x080001b7   Thumb Code     0  startup_stm32f407xx.o(.text)
    CAN1_RX0_IRQHandler                      0x080001b7   Thumb Code     0  startup_stm32f407xx.o(.text)
    CAN1_RX1_IRQHandler                      0x080001b7   Thumb Code     0  startup_stm32f407xx.o(.text)
    CAN1_SCE_IRQHandler                      0x080001b7   Thumb Code     0  startup_stm32f407xx.o(.text)
    CAN1_TX_IRQHandler                       0x080001b7   Thumb Code     0  startup_stm32f407xx.o(.text)
    CAN2_RX0_IRQHandler                      0x080001b7   Thumb Code     0  startup_stm32f407xx.o(.text)
    CAN2_RX1_IRQHandler                      0x080001b7   Thumb Code     0  startup_stm32f407xx.o(.text)
    CAN2_SCE_IRQHandler                      0x080001b7   Thumb Code     0  startup_stm32f407xx.o(.text)
    CAN2_TX_IRQHandler                       0x080001b7   Thumb Code     0  startup_stm32f407xx.o(.text)
    DCMI_IRQHandler                          0x080001b7   Thumb Code     0  startup_stm32f407xx.o(.text)
    DMA1_Stream0_IRQHandler                  0x080001b7   Thumb Code     0  startup_stm32f407xx.o(.text)
    DMA1_Stream1_IRQHandler                  0x080001b7   Thumb Code     0  startup_stm32f407xx.o(.text)
    DMA1_Stream2_IRQHandler                  0x080001b7   Thumb Code     0  startup_stm32f407xx.o(.text)
    DMA1_Stream3_IRQHandler                  0x080001b7   Thumb Code     0  startup_stm32f407xx.o(.text)
    DMA1_Stream4_IRQHandler                  0x080001b7   Thumb Code     0  startup_stm32f407xx.o(.text)
    DMA1_Stream5_IRQHandler                  0x080001b7   Thumb Code     0  startup_stm32f407xx.o(.text)
    DMA1_Stream6_IRQHandler                  0x080001b7   Thumb Code     0  startup_stm32f407xx.o(.text)
    DMA1_Stream7_IRQHandler                  0x080001b7   Thumb Code     0  startup_stm32f407xx.o(.text)
    DMA2_Stream0_IRQHandler                  0x080001b7   Thumb Code     0  startup_stm32f407xx.o(.text)
    DMA2_Stream1_IRQHandler                  0x080001b7   Thumb Code     0  startup_stm32f407xx.o(.text)
    DMA2_Stream2_IRQHandler                  0x080001b7   Thumb Code     0  startup_stm32f407xx.o(.text)
    DMA2_Stream3_IRQHandler                  0x080001b7   Thumb Code     0  startup_stm32f407xx.o(.text)
    DMA2_Stream4_IRQHandler                  0x080001b7   Thumb Code     0  startup_stm32f407xx.o(.text)
    DMA2_Stream5_IRQHandler                  0x080001b7   Thumb Code     0  startup_stm32f407xx.o(.text)
    DMA2_Stream6_IRQHandler                  0x080001b7   Thumb Code     0  startup_stm32f407xx.o(.text)
    DMA2_Stream7_IRQHandler                  0x080001b7   Thumb Code     0  startup_stm32f407xx.o(.text)
    ETH_IRQHandler                           0x080001b7   Thumb Code     0  startup_stm32f407xx.o(.text)
    ETH_WKUP_IRQHandler                      0x080001b7   Thumb Code     0  startup_stm32f407xx.o(.text)
    EXTI0_IRQHandler                         0x080001b7   Thumb Code     0  startup_stm32f407xx.o(.text)
    EXTI15_10_IRQHandler                     0x080001b7   Thumb Code     0  startup_stm32f407xx.o(.text)
    EXTI1_IRQHandler                         0x080001b7   Thumb Code     0  startup_stm32f407xx.o(.text)
    EXTI2_IRQHandler                         0x080001b7   Thumb Code     0  startup_stm32f407xx.o(.text)
    EXTI3_IRQHandler                         0x080001b7   Thumb Code     0  startup_stm32f407xx.o(.text)
    EXTI4_IRQHandler                         0x080001b7   Thumb Code     0  startup_stm32f407xx.o(.text)
    EXTI9_5_IRQHandler                       0x080001b7   Thumb Code     0  startup_stm32f407xx.o(.text)
    FLASH_IRQHandler                         0x080001b7   Thumb Code     0  startup_stm32f407xx.o(.text)
    FMC_IRQHandler                           0x080001b7   Thumb Code     0  startup_stm32f407xx.o(.text)
    FPU_IRQHandler                           0x080001b7   Thumb Code     0  startup_stm32f407xx.o(.text)
    HASH_RNG_IRQHandler                      0x080001b7   Thumb Code     0  startup_stm32f407xx.o(.text)
    I2C1_ER_IRQHandler                       0x080001b7   Thumb Code     0  startup_stm32f407xx.o(.text)
    I2C1_EV_IRQHandler                       0x080001b7   Thumb Code     0  startup_stm32f407xx.o(.text)
    I2C2_ER_IRQHandler                       0x080001b7   Thumb Code     0  startup_stm32f407xx.o(.text)
    I2C2_EV_IRQHandler                       0x080001b7   Thumb Code     0  startup_stm32f407xx.o(.text)
    I2C3_ER_IRQHandler                       0x080001b7   Thumb Code     0  startup_stm32f407xx.o(.text)
    I2C3_EV_IRQHandler                       0x080001b7   Thumb Code     0  startup_stm32f407xx.o(.text)
    OTG_FS_IRQHandler                        0x080001b7   Thumb Code     0  startup_stm32f407xx.o(.text)
    OTG_FS_WKUP_IRQHandler                   0x080001b7   Thumb Code     0  startup_stm32f407xx.o(.text)
    OTG_HS_EP1_IN_IRQHandler                 0x080001b7   Thumb Code     0  startup_stm32f407xx.o(.text)
    OTG_HS_EP1_OUT_IRQHandler                0x080001b7   Thumb Code     0  startup_stm32f407xx.o(.text)
    OTG_HS_IRQHandler                        0x080001b7   Thumb Code     0  startup_stm32f407xx.o(.text)
    OTG_HS_WKUP_IRQHandler                   0x080001b7   Thumb Code     0  startup_stm32f407xx.o(.text)
    PVD_IRQHandler                           0x080001b7   Thumb Code     0  startup_stm32f407xx.o(.text)
    RCC_IRQHandler                           0x080001b7   Thumb Code     0  startup_stm32f407xx.o(.text)
    RTC_Alarm_IRQHandler                     0x080001b7   Thumb Code     0  startup_stm32f407xx.o(.text)
    RTC_WKUP_IRQHandler                      0x080001b7   Thumb Code     0  startup_stm32f407xx.o(.text)
    SDIO_IRQHandler                          0x080001b7   Thumb Code     0  startup_stm32f407xx.o(.text)
    SPI1_IRQHandler                          0x080001b7   Thumb Code     0  startup_stm32f407xx.o(.text)
    SPI2_IRQHandler                          0x080001b7   Thumb Code     0  startup_stm32f407xx.o(.text)
    SPI3_IRQHandler                          0x080001b7   Thumb Code     0  startup_stm32f407xx.o(.text)
    TAMP_STAMP_IRQHandler                    0x080001b7   Thumb Code     0  startup_stm32f407xx.o(.text)
    TIM1_BRK_TIM9_IRQHandler                 0x080001b7   Thumb Code     0  startup_stm32f407xx.o(.text)
    TIM1_CC_IRQHandler                       0x080001b7   Thumb Code     0  startup_stm32f407xx.o(.text)
    TIM1_TRG_COM_TIM11_IRQHandler            0x080001b7   Thumb Code     0  startup_stm32f407xx.o(.text)
    TIM1_UP_TIM10_IRQHandler                 0x080001b7   Thumb Code     0  startup_stm32f407xx.o(.text)
    TIM4_IRQHandler                          0x080001b7   Thumb Code     0  startup_stm32f407xx.o(.text)
    TIM5_IRQHandler                          0x080001b7   Thumb Code     0  startup_stm32f407xx.o(.text)
    TIM6_DAC_IRQHandler                      0x080001b7   Thumb Code     0  startup_stm32f407xx.o(.text)
    TIM7_IRQHandler                          0x080001b7   Thumb Code     0  startup_stm32f407xx.o(.text)
    TIM8_BRK_TIM12_IRQHandler                0x080001b7   Thumb Code     0  startup_stm32f407xx.o(.text)
    TIM8_CC_IRQHandler                       0x080001b7   Thumb Code     0  startup_stm32f407xx.o(.text)
    TIM8_TRG_COM_TIM14_IRQHandler            0x080001b7   Thumb Code     0  startup_stm32f407xx.o(.text)
    TIM8_UP_TIM13_IRQHandler                 0x080001b7   Thumb Code     0  startup_stm32f407xx.o(.text)
    UART4_IRQHandler                         0x080001b7   Thumb Code     0  startup_stm32f407xx.o(.text)
    UART5_IRQHandler                         0x080001b7   Thumb Code     0  startup_stm32f407xx.o(.text)
    USART1_IRQHandler                        0x080001b7   Thumb Code     0  startup_stm32f407xx.o(.text)
    USART2_IRQHandler                        0x080001b7   Thumb Code     0  startup_stm32f407xx.o(.text)
    USART3_IRQHandler                        0x080001b7   Thumb Code     0  startup_stm32f407xx.o(.text)
    USART6_IRQHandler                        0x080001b7   Thumb Code     0  startup_stm32f407xx.o(.text)
    WWDG_IRQHandler                          0x080001b7   Thumb Code     0  startup_stm32f407xx.o(.text)
    __aeabi_uldivmod                         0x080001c1   Thumb Code    98  uldiv.o(.text)
    __aeabi_dadd                             0x08000223   Thumb Code   322  dadd.o(.text)
    __aeabi_dsub                             0x08000365   Thumb Code     6  dadd.o(.text)
    __aeabi_drsub                            0x0800036b   Thumb Code     6  dadd.o(.text)
    __aeabi_dmul                             0x08000371   Thumb Code   228  dmul.o(.text)
    __aeabi_ddiv                             0x08000455   Thumb Code   222  ddiv.o(.text)
    __aeabi_i2d                              0x08000533   Thumb Code    34  dflti.o(.text)
    __aeabi_f2d                              0x08000555   Thumb Code    38  f2d.o(.text)
    __aeabi_cdrcmple                         0x0800057d   Thumb Code    48  cdrcmple.o(.text)
    __aeabi_d2f                              0x080005ad   Thumb Code    56  d2f.o(.text)
    __aeabi_llsl                             0x080005e5   Thumb Code    30  llshl.o(.text)
    _ll_shift_l                              0x080005e5   Thumb Code     0  llshl.o(.text)
    __aeabi_llsr                             0x08000603   Thumb Code    32  llushr.o(.text)
    _ll_ushift_r                             0x08000603   Thumb Code     0  llushr.o(.text)
    __aeabi_lasr                             0x08000623   Thumb Code    36  llsshr.o(.text)
    _ll_sshift_r                             0x08000623   Thumb Code     0  llsshr.o(.text)
    __I$use$fp                               0x08000647   Thumb Code     0  iusefp.o(.text)
    _float_round                             0x08000647   Thumb Code    18  fepilogue.o(.text)
    _float_epilogue                          0x08000659   Thumb Code    92  fepilogue.o(.text)
    _double_round                            0x080006b5   Thumb Code    30  depilogue.o(.text)
    _double_epilogue                         0x080006d3   Thumb Code   156  depilogue.o(.text)
    __ARM_scalbn                             0x0800076f   Thumb Code    46  dscalb.o(.text)
    scalbn                                   0x0800076f   Thumb Code     0  dscalb.o(.text)
    _dsqrt                                   0x0800079d   Thumb Code   162  dsqrt.o(.text)
    __ARM_dcmp4                              0x0800083f   Thumb Code    96  dcmp4.o(.text)
    _dcmp4                                   0x0800083f   Thumb Code     0  dcmp4.o(.text)
    __scatterload                            0x080008a1   Thumb Code    28  init.o(.text)
    __scatterload_rt2                        0x080008a1   Thumb Code     0  init.o(.text)
    BusFault_Handler                         0x080009e9   Thumb Code     2  stm32f4xx_it.o(i.BusFault_Handler)
    DebugMon_Handler                         0x080009eb   Thumb Code     2  stm32f4xx_it.o(i.DebugMon_Handler)
    GetRawAcc                                0x080009ed   Thumb Code    68  mpu6050.o(i.GetRawAcc)
    GetRawGyro                               0x08000a31   Thumb Code    42  mpu6050.o(i.GetRawGyro)
    HAL_ADCEx_InjectedConfigChannel          0x08000a5d   Thumb Code   428  stm32f4xx_hal_adc_ex.o(i.HAL_ADCEx_InjectedConfigChannel)
    HAL_ADC_ConfigChannel                    0x08000c19   Thumb Code   316  stm32f4xx_hal_adc.o(i.HAL_ADC_ConfigChannel)
    HAL_ADC_Init                             0x08000d65   Thumb Code    84  stm32f4xx_hal_adc.o(i.HAL_ADC_Init)
    HAL_ADC_MspInit                          0x08000db9   Thumb Code    54  stm32f4xx_hal_msp.o(i.HAL_ADC_MspInit)
    HAL_ADC_Start                            0x08000dfd   Thumb Code   170  stm32f4xx_hal_adc.o(i.HAL_ADC_Start)
    HAL_DAC_ConfigChannel                    0x08000eb9   Thumb Code    66  stm32f4xx_hal_dac.o(i.HAL_DAC_ConfigChannel)
    HAL_DAC_Init                             0x08000efb   Thumb Code    40  stm32f4xx_hal_dac.o(i.HAL_DAC_Init)
    HAL_DAC_MspInit                          0x08000f25   Thumb Code    54  stm32f4xx_hal_msp.o(i.HAL_DAC_MspInit)
    HAL_DAC_Start                            0x08000f69   Thumb Code   108  stm32f4xx_hal_dac.o(i.HAL_DAC_Start)
    HAL_Delay                                0x08000fd5   Thumb Code    32  stm32f4xx_hal.o(i.HAL_Delay)
    HAL_GPIO_Init                            0x08000ff9   Thumb Code   388  stm32f4xx_hal_gpio.o(i.HAL_GPIO_Init)
    HAL_GetTick                              0x080011a9   Thumb Code     6  stm32f4xx_hal.o(i.HAL_GetTick)
    HAL_I2C_Init                             0x080011b5   Thumb Code   254  stm32f4xx_hal_i2c.o(i.HAL_I2C_Init)
    HAL_I2C_IsDeviceReady                    0x080012bd   Thumb Code   344  stm32f4xx_hal_i2c.o(i.HAL_I2C_IsDeviceReady)
    HAL_I2C_Mem_Read                         0x0800141d   Thumb Code   496  stm32f4xx_hal_i2c.o(i.HAL_I2C_Mem_Read)
    HAL_I2C_Mem_Write                        0x08001619   Thumb Code   306  stm32f4xx_hal_i2c.o(i.HAL_I2C_Mem_Write)
    HAL_I2C_MspInit                          0x08001755   Thumb Code    62  stm32f4xx_hal_msp.o(i.HAL_I2C_MspInit)
    HAL_IncTick                              0x080017a1   Thumb Code    12  stm32f4xx_hal.o(i.HAL_IncTick)
    HAL_Init                                 0x080017b1   Thumb Code    48  stm32f4xx_hal.o(i.HAL_Init)
    HAL_InitTick                             0x080017e5   Thumb Code    54  stm32f4xx_hal.o(i.HAL_InitTick)
    HAL_MspInit                              0x08001825   Thumb Code   126  stm32f4xx_hal_msp.o(i.HAL_MspInit)
    HAL_NVIC_EnableIRQ                       0x080018a9   Thumb Code    22  stm32f4xx_hal_cortex.o(i.HAL_NVIC_EnableIRQ)
    HAL_NVIC_SetPriority                     0x080018c1   Thumb Code    60  stm32f4xx_hal_cortex.o(i.HAL_NVIC_SetPriority)
    HAL_NVIC_SetPriorityGrouping             0x08001901   Thumb Code    26  stm32f4xx_hal_cortex.o(i.HAL_NVIC_SetPriorityGrouping)
    HAL_RCC_ClockConfig                      0x08001925   Thumb Code   286  stm32f4xx_hal_rcc.o(i.HAL_RCC_ClockConfig)
    HAL_RCC_GetHCLKFreq                      0x08001a55   Thumb Code     6  stm32f4xx_hal_rcc.o(i.HAL_RCC_GetHCLKFreq)
    HAL_RCC_GetPCLK1Freq                     0x08001a61   Thumb Code    20  stm32f4xx_hal_rcc.o(i.HAL_RCC_GetPCLK1Freq)
    HAL_RCC_GetSysClockFreq                  0x08001a81   Thumb Code    88  stm32f4xx_hal_rcc.o(i.HAL_RCC_GetSysClockFreq)
    HAL_RCC_OscConfig                        0x08001ae1   Thumb Code   770  stm32f4xx_hal_rcc.o(i.HAL_RCC_OscConfig)
    HAL_SYSTICK_CLKSourceConfig              0x08001dfd   Thumb Code    24  stm32f4xx_hal_cortex.o(i.HAL_SYSTICK_CLKSourceConfig)
    HAL_SYSTICK_Callback                     0x08001e15   Thumb Code     2  stm32f4xx_hal_cortex.o(i.HAL_SYSTICK_Callback)
    HAL_SYSTICK_Config                       0x08001e17   Thumb Code    40  stm32f4xx_hal_cortex.o(i.HAL_SYSTICK_Config)
    HAL_SYSTICK_IRQHandler                   0x08001e3f   Thumb Code     8  stm32f4xx_hal_cortex.o(i.HAL_SYSTICK_IRQHandler)
    HAL_TIMEx_BreakCallback                  0x08001e47   Thumb Code     2  stm32f4xx_hal_tim_ex.o(i.HAL_TIMEx_BreakCallback)
    HAL_TIMEx_CommutationCallback            0x08001e49   Thumb Code     2  stm32f4xx_hal_tim_ex.o(i.HAL_TIMEx_CommutationCallback)
    HAL_TIMEx_MasterConfigSynchronization    0x08001e4b   Thumb Code    80  stm32f4xx_hal_tim_ex.o(i.HAL_TIMEx_MasterConfigSynchronization)
    HAL_TIM_Base_Init                        0x08001e9b   Thumb Code    54  stm32f4xx_hal_tim.o(i.HAL_TIM_Base_Init)
    HAL_TIM_Base_MspInit                     0x08001ed1   Thumb Code    86  stm32f4xx_hal_msp.o(i.HAL_TIM_Base_MspInit)
    HAL_TIM_Base_Start_IT                    0x08001f31   Thumb Code    24  stm32f4xx_hal_tim.o(i.HAL_TIM_Base_Start_IT)
    HAL_TIM_Base_Stop_IT                     0x08001f49   Thumb Code    42  stm32f4xx_hal_tim.o(i.HAL_TIM_Base_Stop_IT)
    HAL_TIM_ConfigClockSource                0x08001f73   Thumb Code   242  stm32f4xx_hal_tim.o(i.HAL_TIM_ConfigClockSource)
    HAL_TIM_IC_CaptureCallback               0x08002065   Thumb Code     2  stm32f4xx_hal_tim.o(i.HAL_TIM_IC_CaptureCallback)
    HAL_TIM_IRQHandler                       0x08002067   Thumb Code   358  stm32f4xx_hal_tim.o(i.HAL_TIM_IRQHandler)
    HAL_TIM_OC_DelayElapsedCallback          0x080021cd   Thumb Code     2  stm32f4xx_hal_tim.o(i.HAL_TIM_OC_DelayElapsedCallback)
    HAL_TIM_PWM_ConfigChannel                0x080021cf   Thumb Code   208  stm32f4xx_hal_tim.o(i.HAL_TIM_PWM_ConfigChannel)
    HAL_TIM_PWM_Init                         0x0800229f   Thumb Code    54  stm32f4xx_hal_tim.o(i.HAL_TIM_PWM_Init)
    HAL_TIM_PWM_MspInit                      0x080022d5   Thumb Code    30  stm32f4xx_hal_msp.o(i.HAL_TIM_PWM_MspInit)
    HAL_TIM_PWM_PulseFinishedCallback        0x080022fd   Thumb Code     2  stm32f4xx_hal_tim.o(i.HAL_TIM_PWM_PulseFinishedCallback)
    HAL_TIM_PWM_Start                        0x08002301   Thumb Code    48  stm32f4xx_hal_tim.o(i.HAL_TIM_PWM_Start)
    HAL_TIM_PWM_Stop                         0x08002339   Thumb Code    84  stm32f4xx_hal_tim.o(i.HAL_TIM_PWM_Stop)
    HAL_TIM_PeriodElapsedCallback            0x08002395   Thumb Code     2  stm32f4xx_hal_tim.o(i.HAL_TIM_PeriodElapsedCallback)
    HAL_TIM_TriggerCallback                  0x08002397   Thumb Code     2  stm32f4xx_hal_tim.o(i.HAL_TIM_TriggerCallback)
    HardFault_Handler                        0x08002399   Thumb Code     2  stm32f4xx_it.o(i.HardFault_Handler)
    I2C_BufferRead                           0x0800239d   Thumb Code    20  mpu6050.o(i.I2C_BufferRead)
    I2C_ByteWrite                            0x080023b5   Thumb Code    24  mpu6050.o(i.I2C_ByteWrite)
    Initialize                               0x08002795   Thumb Code    58  mpu6050.o(i.Initialize)
    MemManage_Handler                        0x08002a3d   Thumb Code     2  stm32f4xx_it.o(i.MemManage_Handler)
    NMI_Handler                              0x08002a3f   Thumb Code     2  stm32f4xx_it.o(i.NMI_Handler)
    PendSV_Handler                           0x08002a61   Thumb Code     2  stm32f4xx_it.o(i.PendSV_Handler)
    SVC_Handler                              0x08002a63   Thumb Code     2  stm32f4xx_it.o(i.SVC_Handler)
    SetBandwidthAccel                        0x08002a65   Thumb Code    18  mpu6050.o(i.SetBandwidthAccel)
    SetClockSource                           0x08002a77   Thumb Code    18  mpu6050.o(i.SetClockSource)
    SetFullScaleAccelRange                   0x08002a89   Thumb Code    18  mpu6050.o(i.SetFullScaleAccelRange)
    SetFullScaleGyroRange                    0x08002a9b   Thumb Code    18  mpu6050.o(i.SetFullScaleGyroRange)
    SetSleepModeStatus                       0x08002aad   Thumb Code    12  mpu6050.o(i.SetSleepModeStatus)
    SysTick_Handler                          0x08002ab9   Thumb Code    14  stm32f4xx_it.o(i.SysTick_Handler)
    SystemClock_Config                       0x08002ac9   Thumb Code   148  main.o(i.SystemClock_Config)
    SystemInit                               0x08002b65   Thumb Code    66  system_stm32f4xx.o(i.SystemInit)
    TIM2_IRQHandler                          0x08002bb9   Thumb Code    74  stm32f4xx_it.o(i.TIM2_IRQHandler)
    TIM3_IRQHandler                          0x08002c1d   Thumb Code    16  stm32f4xx_it.o(i.TIM3_IRQHandler)
    TIM_Base_SetConfig                       0x08002c35   Thumb Code   148  stm32f4xx_hal_tim.o(i.TIM_Base_SetConfig)
    TIM_CCxChannelCmd                        0x08002cf5   Thumb Code    22  stm32f4xx_hal_tim.o(i.TIM_CCxChannelCmd)
    TIM_OC2_SetConfig                        0x08002d89   Thumb Code    90  stm32f4xx_hal_tim.o(i.TIM_OC2_SetConfig)
    UsageFault_Handler                       0x08002ee3   Thumb Code     2  stm32f4xx_it.o(i.UsageFault_Handler)
    WriteBit                                 0x08002ee5   Thumb Code    56  mpu6050.o(i.WriteBit)
    WriteBits                                0x08002f1d   Thumb Code    70  mpu6050.o(i.WriteBits)
    __ARM_fpclassify                         0x08002f63   Thumb Code    48  fpclassify.o(i.__ARM_fpclassify)
    __hardfp_atan                            0x08002f99   Thumb Code   622  atan.o(i.__hardfp_atan)
    __hardfp_atan2                           0x08003271   Thumb Code   432  atan2.o(i.__hardfp_atan2)
    __hardfp_fmax                            0x08003461   Thumb Code   116  fmax.o(i.__hardfp_fmax)
    __hardfp_pow                             0x080034d9   Thumb Code  3072  pow.o(i.__hardfp_pow)
    __hardfp_sqrt                            0x08004129   Thumb Code   122  sqrt.o(i.__hardfp_sqrt)
    __kernel_poly                            0x080041a3   Thumb Code   248  poly.o(i.__kernel_poly)
    __mathlib_dbl_divzero                    0x080042a1   Thumb Code    28  dunder.o(i.__mathlib_dbl_divzero)
    __mathlib_dbl_infnan                     0x080042d1   Thumb Code    20  dunder.o(i.__mathlib_dbl_infnan)
    __mathlib_dbl_infnan2                    0x080042e5   Thumb Code    20  dunder.o(i.__mathlib_dbl_infnan2)
    __mathlib_dbl_invalid                    0x080042f9   Thumb Code    24  dunder.o(i.__mathlib_dbl_invalid)
    __mathlib_dbl_overflow                   0x08004319   Thumb Code    24  dunder.o(i.__mathlib_dbl_overflow)
    __mathlib_dbl_underflow                  0x08004339   Thumb Code    24  dunder.o(i.__mathlib_dbl_underflow)
    __scatterload_copy                       0x08004359   Thumb Code    14  handlers.o(i.__scatterload_copy)
    __scatterload_null                       0x08004367   Thumb Code     2  handlers.o(i.__scatterload_null)
    __scatterload_zeroinit                   0x08004369   Thumb Code    14  handlers.o(i.__scatterload_zeroinit)
    __set_errno                              0x08004379   Thumb Code     6  errno.o(i.__set_errno)
    angleFromProjections                     0x08004385   Thumb Code   196  main.o(i.angleFromProjections)
    atan                                     0x08004469   Thumb Code    16  atan.o(i.atan)
    convertAngelToDACValue                   0x08004479   Thumb Code    60  main.o(i.convertAngelToDACValue)
    convertCurrentXAngelToSignalPeriod       0x080044b9   Thumb Code    58  main.o(i.convertCurrentXAngelToSignalPeriod)
    createStartAngleOfRotation               0x08004505   Thumb Code     4  main.o(i.createStartAngleOfRotation)
    emergencyTrackingWithCurrentAngels       0x08004509   Thumb Code   148  main.o(i.emergencyTrackingWithCurrentAngels)
    fabs                                     0x080045b1   Thumb Code    24  fabs.o(i.fabs)
    joystickControl                          0x080045c9   Thumb Code    56  main.o(i.joystickControl)
    main                                     0x0800460d   Thumb Code   288  main.o(i.main)
    obtainCurrentAngleOfRotation             0x0800473d   Thumb Code   174  main.o(i.obtainCurrentAngleOfRotation)
    obtainCurrentAngleOfRotationWithStartAngle 0x080047f5   Thumb Code    58  main.o(i.obtainCurrentAngleOfRotationWithStartAngle)
    obtainCurrentGyroscopeValue              0x08004835   Thumb Code   112  main.o(i.obtainCurrentGyroscopeValue)
    sensitivitySetting                       0x080048ad   Thumb Code   106  main.o(i.sensitivitySetting)
    sensorControl                            0x08004929   Thumb Code    76  main.o(i.sensorControl)
    sidewaysDACWithDACValue                  0x0800497d   Thumb Code    18  main.o(i.sidewaysDACWithDACValue)
    sidewaysMotionDACWithCurrentAngel        0x08004995   Thumb Code    14  main.o(i.sidewaysMotionDACWithCurrentAngel)
    sidewaysMotionVoltageADC                 0x080049a5   Thumb Code    58  main.o(i.sidewaysMotionVoltageADC)
    signalsWithNumberOfSignals               0x080049f5   Thumb Code    52  main.o(i.signalsWithNumberOfSignals)
    speakerWithSignalPeriod                  0x08004a2d   Thumb Code    32  main.o(i.speakerWithSignalPeriod)
    sqrt                                     0x08004a51   Thumb Code   110  sqrt.o(i.sqrt)
    startTimer                               0x08004ac1   Thumb Code     8  main.o(i.startTimer)
    stopTimer                                0x08004acd   Thumb Code     8  main.o(i.stopTimer)
    straightDACWithDACValue                  0x08004ad9   Thumb Code    16  main.o(i.straightDACWithDACValue)
    straightMotionDACWithCurrentAngel        0x08004aed   Thumb Code    14  main.o(i.straightMotionDACWithCurrentAngel)
    straightMotionVoltageADC                 0x08004afd   Thumb Code    58  main.o(i.straightMotionVoltageADC)
    synchronousDelay                         0x08004b4d   Thumb Code    12  main.o(i.synchronousDelay)
    AHBPrescTable                            0x08004b5c   Data          16  system_stm32f4xx.o(.constdata)
    APBPrescTable                            0x08004b6c   Data           8  system_stm32f4xx.o(.constdata)
    __mathlib_zero                           0x08004c98   Data           8  qnan.o(.constdata)
    Region$$Table$$Base                      0x08004ca0   Number         0  anon$$obj.o(Region$$Table)
    Region$$Table$$Limit                     0x08004cc0   Number         0  anon$$obj.o(Region$$Table)
    maximumAngleSensitivity                  0x20000000   Data           4  main.o(.data)
    controlFlag                              0x20000004   Data           4  main.o(.data)
    straightMotionVoltageADCPointer          0x20000008   Data           4  main.o(.data)
    sidewaysMotionVoltageADCPointer          0x2000000c   Data           4  main.o(.data)
    signalsWithNumberOfSignalsPointer        0x20000010   Data           4  main.o(.data)
    uwTickFreq                               0x20000014   Data           1  stm32f4xx_hal.o(.data)
    uwTickPrio                               0x20000018   Data           4  stm32f4xx_hal.o(.data)
    uwTick                                   0x2000001c   Data           4  stm32f4xx_hal.o(.data)
    SystemCoreClock                          0x20000020   Data           4  system_stm32f4xx.o(.data)
    xyzStartAngles                           0x20000028   Data          12  main.o(.bss)
    hadc1                                    0x20000034   Data          72  main.o(.bss)
    hdac                                     0x2000007c   Data          20  main.o(.bss)
    hi2c1                                    0x20000090   Data          84  main.o(.bss)
    htim1                                    0x200000e4   Data          60  main.o(.bss)
    htim2                                    0x20000120   Data          60  main.o(.bss)
    htim3                                    0x2000015c   Data          60  main.o(.bss)
    __initial_sp                             0x20000598   Data           0  startup_stm32f407xx.o(STACK)



==============================================================================

Memory Map of the image

  Image Entry point : 0x08000189

  Load Region LR_IROM1 (Base: 0x08000000, Size: 0x00004ce8, Max: 0x00100000, ABSOLUTE)

    Execution Region ER_IROM1 (Exec base: 0x08000000, Load base: 0x08000000, Size: 0x00004cc0, Max: 0x00100000, ABSOLUTE)

    Exec Addr    Load Addr    Size         Type   Attr      Idx    E Section Name        Object

    0x08000000   0x08000000   0x00000188   Data   RO            3    RESET               startup_stm32f407xx.o
    0x08000188   0x08000188   0x00000000   Code   RO         3548  * .ARM.Collect$$$$00000000  mc_w.l(entry.o)
    0x08000188   0x08000188   0x00000004   Code   RO         3606    .ARM.Collect$$$$00000001  mc_w.l(entry2.o)
    0x0800018c   0x0800018c   0x00000004   Code   RO         3609    .ARM.Collect$$$$00000004  mc_w.l(entry5.o)
    0x08000190   0x08000190   0x00000000   Code   RO         3611    .ARM.Collect$$$$00000008  mc_w.l(entry7b.o)
    0x08000190   0x08000190   0x00000000   Code   RO         3613    .ARM.Collect$$$$0000000A  mc_w.l(entry8b.o)
    0x08000190   0x08000190   0x00000008   Code   RO         3614    .ARM.Collect$$$$0000000B  mc_w.l(entry9a.o)
    0x08000198   0x08000198   0x00000000   Code   RO         3616    .ARM.Collect$$$$0000000D  mc_w.l(entry10a.o)
    0x08000198   0x08000198   0x00000000   Code   RO         3618    .ARM.Collect$$$$0000000F  mc_w.l(entry11a.o)
    0x08000198   0x08000198   0x00000004   Code   RO         3607    .ARM.Collect$$$$00002712  mc_w.l(entry2.o)
    0x0800019c   0x0800019c   0x00000024   Code   RO            4    .text               startup_stm32f407xx.o
    0x080001c0   0x080001c0   0x00000062   Code   RO         3551    .text               mc_w.l(uldiv.o)
    0x08000222   0x08000222   0x0000014e   Code   RO         3553    .text               mf_w.l(dadd.o)
    0x08000370   0x08000370   0x000000e4   Code   RO         3555    .text               mf_w.l(dmul.o)
    0x08000454   0x08000454   0x000000de   Code   RO         3557    .text               mf_w.l(ddiv.o)
    0x08000532   0x08000532   0x00000022   Code   RO         3559    .text               mf_w.l(dflti.o)
    0x08000554   0x08000554   0x00000026   Code   RO         3561    .text               mf_w.l(f2d.o)
    0x0800057a   0x0800057a   0x00000002   PAD
    0x0800057c   0x0800057c   0x00000030   Code   RO         3563    .text               mf_w.l(cdrcmple.o)
    0x080005ac   0x080005ac   0x00000038   Code   RO         3565    .text               mf_w.l(d2f.o)
    0x080005e4   0x080005e4   0x0000001e   Code   RO         3620    .text               mc_w.l(llshl.o)
    0x08000602   0x08000602   0x00000020   Code   RO         3622    .text               mc_w.l(llushr.o)
    0x08000622   0x08000622   0x00000024   Code   RO         3624    .text               mc_w.l(llsshr.o)
    0x08000646   0x08000646   0x00000000   Code   RO         3633    .text               mc_w.l(iusefp.o)
    0x08000646   0x08000646   0x0000006e   Code   RO         3634    .text               mf_w.l(fepilogue.o)
    0x080006b4   0x080006b4   0x000000ba   Code   RO         3636    .text               mf_w.l(depilogue.o)
    0x0800076e   0x0800076e   0x0000002e   Code   RO         3640    .text               mf_w.l(dscalb.o)
    0x0800079c   0x0800079c   0x000000a2   Code   RO         3642    .text               mf_w.l(dsqrt.o)
    0x0800083e   0x0800083e   0x00000060   Code   RO         3646    .text               mf_w.l(dcmp4.o)
    0x0800089e   0x0800089e   0x00000002   PAD
    0x080008a0   0x080008a0   0x00000024   Code   RO         3648    .text               mc_w.l(init.o)
    0x080008c4   0x080008c4   0x00000124   Code   RO          625    i.ADC_Init          stm32f4xx_hal_adc.o
    0x080009e8   0x080009e8   0x00000002   Code   RO          444    i.BusFault_Handler  stm32f4xx_it.o
    0x080009ea   0x080009ea   0x00000002   Code   RO          445    i.DebugMon_Handler  stm32f4xx_it.o
    0x080009ec   0x080009ec   0x00000044   Code   RO           13    i.GetRawAcc         mpu6050.o
    0x08000a30   0x08000a30   0x0000002a   Code   RO           14    i.GetRawGyro        mpu6050.o
    0x08000a5a   0x08000a5a   0x00000002   PAD
    0x08000a5c   0x08000a5c   0x000001bc   Code   RO          795    i.HAL_ADCEx_InjectedConfigChannel  stm32f4xx_hal_adc_ex.o
    0x08000c18   0x08000c18   0x0000014c   Code   RO          627    i.HAL_ADC_ConfigChannel  stm32f4xx_hal_adc.o
    0x08000d64   0x08000d64   0x00000054   Code   RO          636    i.HAL_ADC_Init      stm32f4xx_hal_adc.o
    0x08000db8   0x08000db8   0x00000044   Code   RO          533    i.HAL_ADC_MspInit   stm32f4xx_hal_msp.o
    0x08000dfc   0x08000dfc   0x000000bc   Code   RO          642    i.HAL_ADC_Start     stm32f4xx_hal_adc.o
    0x08000eb8   0x08000eb8   0x00000042   Code   RO          900    i.HAL_DAC_ConfigChannel  stm32f4xx_hal_dac.o
    0x08000efa   0x08000efa   0x00000028   Code   RO          910    i.HAL_DAC_Init      stm32f4xx_hal_dac.o
    0x08000f22   0x08000f22   0x00000002   PAD
    0x08000f24   0x08000f24   0x00000044   Code   RO          535    i.HAL_DAC_MspInit   stm32f4xx_hal_msp.o
    0x08000f68   0x08000f68   0x0000006c   Code   RO          914    i.HAL_DAC_Start     stm32f4xx_hal_dac.o
    0x08000fd4   0x08000fd4   0x00000024   Code   RO         3289    i.HAL_Delay         stm32f4xx_hal.o
    0x08000ff8   0x08000ff8   0x000001b0   Code   RO         2763    i.HAL_GPIO_Init     stm32f4xx_hal_gpio.o
    0x080011a8   0x080011a8   0x0000000c   Code   RO         3295    i.HAL_GetTick       stm32f4xx_hal.o
    0x080011b4   0x080011b4   0x00000108   Code   RO         1133    i.HAL_I2C_Init      stm32f4xx_hal_i2c.o
    0x080012bc   0x080012bc   0x00000160   Code   RO         1134    i.HAL_I2C_IsDeviceReady  stm32f4xx_hal_i2c.o
    0x0800141c   0x0800141c   0x000001fc   Code   RO         1149    i.HAL_I2C_Mem_Read  stm32f4xx_hal_i2c.o
    0x08001618   0x08001618   0x0000013c   Code   RO         1152    i.HAL_I2C_Mem_Write  stm32f4xx_hal_i2c.o
    0x08001754   0x08001754   0x0000004c   Code   RO          537    i.HAL_I2C_MspInit   stm32f4xx_hal_msp.o
    0x080017a0   0x080017a0   0x00000010   Code   RO         3299    i.HAL_IncTick       stm32f4xx_hal.o
    0x080017b0   0x080017b0   0x00000034   Code   RO         3300    i.HAL_Init          stm32f4xx_hal.o
    0x080017e4   0x080017e4   0x00000040   Code   RO         3301    i.HAL_InitTick      stm32f4xx_hal.o
    0x08001824   0x08001824   0x00000084   Code   RO          538    i.HAL_MspInit       stm32f4xx_hal_msp.o
    0x080018a8   0x080018a8   0x00000016   Code   RO         3152    i.HAL_NVIC_EnableIRQ  stm32f4xx_hal_cortex.o
    0x080018be   0x080018be   0x00000002   PAD
    0x080018c0   0x080018c0   0x00000040   Code   RO         3158    i.HAL_NVIC_SetPriority  stm32f4xx_hal_cortex.o
    0x08001900   0x08001900   0x00000024   Code   RO         3159    i.HAL_NVIC_SetPriorityGrouping  stm32f4xx_hal_cortex.o
    0x08001924   0x08001924   0x00000130   Code   RO         2409    i.HAL_RCC_ClockConfig  stm32f4xx_hal_rcc.o
    0x08001a54   0x08001a54   0x0000000c   Code   RO         2414    i.HAL_RCC_GetHCLKFreq  stm32f4xx_hal_rcc.o
    0x08001a60   0x08001a60   0x00000020   Code   RO         2416    i.HAL_RCC_GetPCLK1Freq  stm32f4xx_hal_rcc.o
    0x08001a80   0x08001a80   0x00000060   Code   RO         2418    i.HAL_RCC_GetSysClockFreq  stm32f4xx_hal_rcc.o
    0x08001ae0   0x08001ae0   0x0000031c   Code   RO         2421    i.HAL_RCC_OscConfig  stm32f4xx_hal_rcc.o
    0x08001dfc   0x08001dfc   0x00000018   Code   RO         3161    i.HAL_SYSTICK_CLKSourceConfig  stm32f4xx_hal_cortex.o
    0x08001e14   0x08001e14   0x00000002   Code   RO         3162    i.HAL_SYSTICK_Callback  stm32f4xx_hal_cortex.o
    0x08001e16   0x08001e16   0x00000028   Code   RO         3163    i.HAL_SYSTICK_Config  stm32f4xx_hal_cortex.o
    0x08001e3e   0x08001e3e   0x00000008   Code   RO         3164    i.HAL_SYSTICK_IRQHandler  stm32f4xx_hal_cortex.o
    0x08001e46   0x08001e46   0x00000002   Code   RO         2169    i.HAL_TIMEx_BreakCallback  stm32f4xx_hal_tim_ex.o
    0x08001e48   0x08001e48   0x00000002   Code   RO         2170    i.HAL_TIMEx_CommutationCallback  stm32f4xx_hal_tim_ex.o
    0x08001e4a   0x08001e4a   0x00000050   Code   RO         2186    i.HAL_TIMEx_MasterConfigSynchronization  stm32f4xx_hal_tim_ex.o
    0x08001e9a   0x08001e9a   0x00000036   Code   RO         1540    i.HAL_TIM_Base_Init  stm32f4xx_hal_tim.o
    0x08001ed0   0x08001ed0   0x00000060   Code   RO          540    i.HAL_TIM_Base_MspInit  stm32f4xx_hal_msp.o
    0x08001f30   0x08001f30   0x00000018   Code   RO         1545    i.HAL_TIM_Base_Start_IT  stm32f4xx_hal_tim.o
    0x08001f48   0x08001f48   0x0000002a   Code   RO         1548    i.HAL_TIM_Base_Stop_IT  stm32f4xx_hal_tim.o
    0x08001f72   0x08001f72   0x000000f2   Code   RO         1549    i.HAL_TIM_ConfigClockSource  stm32f4xx_hal_tim.o
    0x08002064   0x08002064   0x00000002   Code   RO         1569    i.HAL_TIM_IC_CaptureCallback  stm32f4xx_hal_tim.o
    0x08002066   0x08002066   0x00000166   Code   RO         1582    i.HAL_TIM_IRQHandler  stm32f4xx_hal_tim.o
    0x080021cc   0x080021cc   0x00000002   Code   RO         1585    i.HAL_TIM_OC_DelayElapsedCallback  stm32f4xx_hal_tim.o
    0x080021ce   0x080021ce   0x000000d0   Code   RO         1606    i.HAL_TIM_PWM_ConfigChannel  stm32f4xx_hal_tim.o
    0x0800229e   0x0800229e   0x00000036   Code   RO         1609    i.HAL_TIM_PWM_Init  stm32f4xx_hal_tim.o
    0x080022d4   0x080022d4   0x00000028   Code   RO          543    i.HAL_TIM_PWM_MspInit  stm32f4xx_hal_msp.o
    0x080022fc   0x080022fc   0x00000002   Code   RO         1612    i.HAL_TIM_PWM_PulseFinishedCallback  stm32f4xx_hal_tim.o
    0x080022fe   0x080022fe   0x00000002   PAD
    0x08002300   0x08002300   0x00000038   Code   RO         1613    i.HAL_TIM_PWM_Start  stm32f4xx_hal_tim.o
    0x08002338   0x08002338   0x0000005c   Code   RO         1616    i.HAL_TIM_PWM_Stop  stm32f4xx_hal_tim.o
    0x08002394   0x08002394   0x00000002   Code   RO         1619    i.HAL_TIM_PeriodElapsedCallback  stm32f4xx_hal_tim.o
    0x08002396   0x08002396   0x00000002   Code   RO         1623    i.HAL_TIM_TriggerCallback  stm32f4xx_hal_tim.o
    0x08002398   0x08002398   0x00000002   Code   RO          446    i.HardFault_Handler  stm32f4xx_it.o
    0x0800239a   0x0800239a   0x00000002   PAD
    0x0800239c   0x0800239c   0x00000018   Code   RO           16    i.I2C_BufferRead    mpu6050.o
    0x080023b4   0x080023b4   0x0000001c   Code   RO           17    i.I2C_ByteWrite     mpu6050.o
    0x080023d0   0x080023d0   0x00000028   Code   RO         1171    i.I2C_IsAcknowledgeFailed  stm32f4xx_hal_i2c.o
    0x080023f8   0x080023f8   0x000000f0   Code   RO         1180    i.I2C_RequestMemoryRead  stm32f4xx_hal_i2c.o
    0x080024e8   0x080024e8   0x000000a0   Code   RO         1181    i.I2C_RequestMemoryWrite  stm32f4xx_hal_i2c.o
    0x08002588   0x08002588   0x0000004e   Code   RO         1184    i.I2C_WaitOnBTFFlagUntilTimeout  stm32f4xx_hal_i2c.o
    0x080025d6   0x080025d6   0x00000002   PAD
    0x080025d8   0x080025d8   0x00000084   Code   RO         1185    i.I2C_WaitOnFlagUntilTimeout  stm32f4xx_hal_i2c.o
    0x0800265c   0x0800265c   0x00000088   Code   RO         1186    i.I2C_WaitOnMasterAddressFlagUntilTimeout  stm32f4xx_hal_i2c.o
    0x080026e4   0x080026e4   0x00000062   Code   RO         1187    i.I2C_WaitOnRXNEFlagUntilTimeout  stm32f4xx_hal_i2c.o
    0x08002746   0x08002746   0x0000004e   Code   RO         1188    i.I2C_WaitOnTXEFlagUntilTimeout  stm32f4xx_hal_i2c.o
    0x08002794   0x08002794   0x0000003a   Code   RO           18    i.Initialize        mpu6050.o
    0x080027ce   0x080027ce   0x00000002   PAD
    0x080027d0   0x080027d0   0x00000080   Code   RO          234    i.MX_ADC1_Init      main.o
    0x08002850   0x08002850   0x00000040   Code   RO          235    i.MX_DAC_Init       main.o
    0x08002890   0x08002890   0x0000006c   Code   RO          236    i.MX_GPIO_Init      main.o
    0x080028fc   0x080028fc   0x00000038   Code   RO          237    i.MX_I2C1_Init      main.o
    0x08002934   0x08002934   0x0000005c   Code   RO          238    i.MX_TIM1_Init      main.o
    0x08002990   0x08002990   0x00000054   Code   RO          239    i.MX_TIM2_Init      main.o
    0x080029e4   0x080029e4   0x00000058   Code   RO          240    i.MX_TIM3_Init      main.o
    0x08002a3c   0x08002a3c   0x00000002   Code   RO          447    i.MemManage_Handler  stm32f4xx_it.o
    0x08002a3e   0x08002a3e   0x00000002   Code   RO          448    i.NMI_Handler       stm32f4xx_it.o
    0x08002a40   0x08002a40   0x00000020   Code   RO         3165    i.NVIC_SetPriority  stm32f4xx_hal_cortex.o
    0x08002a60   0x08002a60   0x00000002   Code   RO          449    i.PendSV_Handler    stm32f4xx_it.o
    0x08002a62   0x08002a62   0x00000002   Code   RO          450    i.SVC_Handler       stm32f4xx_it.o
    0x08002a64   0x08002a64   0x00000012   Code   RO           20    i.SetBandwidthAccel  mpu6050.o
    0x08002a76   0x08002a76   0x00000012   Code   RO           22    i.SetClockSource    mpu6050.o
    0x08002a88   0x08002a88   0x00000012   Code   RO           23    i.SetFullScaleAccelRange  mpu6050.o
    0x08002a9a   0x08002a9a   0x00000012   Code   RO           24    i.SetFullScaleGyroRange  mpu6050.o
    0x08002aac   0x08002aac   0x0000000c   Code   RO           26    i.SetSleepModeStatus  mpu6050.o
    0x08002ab8   0x08002ab8   0x0000000e   Code   RO          451    i.SysTick_Handler   stm32f4xx_it.o
    0x08002ac6   0x08002ac6   0x00000002   PAD
    0x08002ac8   0x08002ac8   0x0000009c   Code   RO          241    i.SystemClock_Config  main.o
    0x08002b64   0x08002b64   0x00000054   Code   RO         3472    i.SystemInit        system_stm32f4xx.o
    0x08002bb8   0x08002bb8   0x00000064   Code   RO          452    i.TIM2_IRQHandler   stm32f4xx_it.o
    0x08002c1c   0x08002c1c   0x00000018   Code   RO          453    i.TIM3_IRQHandler   stm32f4xx_it.o
    0x08002c34   0x08002c34   0x000000c0   Code   RO         1624    i.TIM_Base_SetConfig  stm32f4xx_hal_tim.o
    0x08002cf4   0x08002cf4   0x00000016   Code   RO         1625    i.TIM_CCxChannelCmd  stm32f4xx_hal_tim.o
    0x08002d0a   0x08002d0a   0x00000014   Code   RO         1631    i.TIM_ETR_SetConfig  stm32f4xx_hal_tim.o
    0x08002d1e   0x08002d1e   0x00000010   Code   RO         1632    i.TIM_ITRx_SetConfig  stm32f4xx_hal_tim.o
    0x08002d2e   0x08002d2e   0x00000002   PAD
    0x08002d30   0x08002d30   0x00000058   Code   RO         1633    i.TIM_OC1_SetConfig  stm32f4xx_hal_tim.o
    0x08002d88   0x08002d88   0x00000064   Code   RO         1634    i.TIM_OC2_SetConfig  stm32f4xx_hal_tim.o
    0x08002dec   0x08002dec   0x00000060   Code   RO         1635    i.TIM_OC3_SetConfig  stm32f4xx_hal_tim.o
    0x08002e4c   0x08002e4c   0x00000050   Code   RO         1636    i.TIM_OC4_SetConfig  stm32f4xx_hal_tim.o
    0x08002e9c   0x08002e9c   0x00000022   Code   RO         1638    i.TIM_TI1_ConfigInputStage  stm32f4xx_hal_tim.o
    0x08002ebe   0x08002ebe   0x00000024   Code   RO         1640    i.TIM_TI2_ConfigInputStage  stm32f4xx_hal_tim.o
    0x08002ee2   0x08002ee2   0x00000002   Code   RO          454    i.UsageFault_Handler  stm32f4xx_it.o
    0x08002ee4   0x08002ee4   0x00000038   Code   RO           27    i.WriteBit          mpu6050.o
    0x08002f1c   0x08002f1c   0x00000046   Code   RO           28    i.WriteBits         mpu6050.o
    0x08002f62   0x08002f62   0x00000030   Code   RO         3601    i.__ARM_fpclassify  m_wm.l(fpclassify.o)
    0x08002f92   0x08002f92   0x00000006   PAD
    0x08002f98   0x08002f98   0x000002d8   Code   RO         3567    i.__hardfp_atan     m_wm.l(atan.o)
    0x08003270   0x08003270   0x000001f0   Code   RO         3506    i.__hardfp_atan2    m_wm.l(atan2.o)
    0x08003460   0x08003460   0x00000074   Code   RO         3518    i.__hardfp_fmax     m_wm.l(fmax.o)
    0x080034d4   0x080034d4   0x00000004   PAD
    0x080034d8   0x080034d8   0x00000c50   Code   RO         3522    i.__hardfp_pow      m_wm.l(pow.o)
    0x08004128   0x08004128   0x0000007a   Code   RO         3536    i.__hardfp_sqrt     m_wm.l(sqrt.o)
    0x080041a2   0x080041a2   0x000000f8   Code   RO         3603    i.__kernel_poly     m_wm.l(poly.o)
    0x0800429a   0x0800429a   0x00000006   PAD
    0x080042a0   0x080042a0   0x00000030   Code   RO         3581    i.__mathlib_dbl_divzero  m_wm.l(dunder.o)
    0x080042d0   0x080042d0   0x00000014   Code   RO         3582    i.__mathlib_dbl_infnan  m_wm.l(dunder.o)
    0x080042e4   0x080042e4   0x00000014   Code   RO         3583    i.__mathlib_dbl_infnan2  m_wm.l(dunder.o)
    0x080042f8   0x080042f8   0x00000020   Code   RO         3584    i.__mathlib_dbl_invalid  m_wm.l(dunder.o)
    0x08004318   0x08004318   0x00000020   Code   RO         3585    i.__mathlib_dbl_overflow  m_wm.l(dunder.o)
    0x08004338   0x08004338   0x00000020   Code   RO         3587    i.__mathlib_dbl_underflow  m_wm.l(dunder.o)
    0x08004358   0x08004358   0x0000000e   Code   RO         3652    i.__scatterload_copy  mc_w.l(handlers.o)
    0x08004366   0x08004366   0x00000002   Code   RO         3653    i.__scatterload_null  mc_w.l(handlers.o)
    0x08004368   0x08004368   0x0000000e   Code   RO         3654    i.__scatterload_zeroinit  mc_w.l(handlers.o)
    0x08004376   0x08004376   0x00000002   PAD
    0x08004378   0x08004378   0x0000000c   Code   RO         3628    i.__set_errno       mc_w.l(errno.o)
    0x08004384   0x08004384   0x000000e4   Code   RO          243    i.angleFromProjections  main.o
    0x08004468   0x08004468   0x00000010   Code   RO         3569    i.atan              m_wm.l(atan.o)
    0x08004478   0x08004478   0x00000040   Code   RO          244    i.convertAngelToDACValue  main.o
    0x080044b8   0x080044b8   0x0000004c   Code   RO          245    i.convertCurrentXAngelToSignalPeriod  main.o
    0x08004504   0x08004504   0x00000004   Code   RO          246    i.createStartAngleOfRotation  main.o
    0x08004508   0x08004508   0x000000a8   Code   RO          247    i.emergencyTrackingWithCurrentAngels  main.o
    0x080045b0   0x080045b0   0x00000018   Code   RO         3597    i.fabs              m_wm.l(fabs.o)
    0x080045c8   0x080045c8   0x00000044   Code   RO          248    i.joystickControl   main.o
    0x0800460c   0x0800460c   0x00000130   Code   RO          249    i.main              main.o
    0x0800473c   0x0800473c   0x000000b8   Code   RO          250    i.obtainCurrentAngleOfRotation  main.o
    0x080047f4   0x080047f4   0x00000040   Code   RO          251    i.obtainCurrentAngleOfRotationWithStartAngle  main.o
    0x08004834   0x08004834   0x00000078   Code   RO          252    i.obtainCurrentGyroscopeValue  main.o
    0x080048ac   0x080048ac   0x0000007c   Code   RO          253    i.sensitivitySetting  main.o
    0x08004928   0x08004928   0x00000054   Code   RO          254    i.sensorControl     main.o
    0x0800497c   0x0800497c   0x00000018   Code   RO          255    i.sidewaysDACWithDACValue  main.o
    0x08004994   0x08004994   0x0000000e   Code   RO          256    i.sidewaysMotionDACWithCurrentAngel  main.o
    0x080049a2   0x080049a2   0x00000002   PAD
    0x080049a4   0x080049a4   0x00000050   Code   RO          257    i.sidewaysMotionVoltageADC  main.o
    0x080049f4   0x080049f4   0x00000038   Code   RO          258    i.signalsWithNumberOfSignals  main.o
    0x08004a2c   0x08004a2c   0x00000024   Code   RO          259    i.speakerWithSignalPeriod  main.o
    0x08004a50   0x08004a50   0x0000006e   Code   RO         3538    i.sqrt              m_wm.l(sqrt.o)
    0x08004abe   0x08004abe   0x00000002   PAD
    0x08004ac0   0x08004ac0   0x0000000c   Code   RO          260    i.startTimer        main.o
    0x08004acc   0x08004acc   0x0000000c   Code   RO          261    i.stopTimer         main.o
    0x08004ad8   0x08004ad8   0x00000014   Code   RO          262    i.straightDACWithDACValue  main.o
    0x08004aec   0x08004aec   0x0000000e   Code   RO          263    i.straightMotionDACWithCurrentAngel  main.o
    0x08004afa   0x08004afa   0x00000002   PAD
    0x08004afc   0x08004afc   0x00000050   Code   RO          264    i.straightMotionVoltageADC  main.o
    0x08004b4c   0x08004b4c   0x00000010   Code   RO          265    i.synchronousDelay  main.o
    0x08004b5c   0x08004b5c   0x00000010   Data   RO         3473    .constdata          system_stm32f4xx.o
    0x08004b6c   0x08004b6c   0x00000008   Data   RO         3474    .constdata          system_stm32f4xx.o
    0x08004b74   0x08004b74   0x00000004   PAD
    0x08004b78   0x08004b78   0x00000088   Data   RO         3525    .constdata          m_wm.l(pow.o)
    0x08004c00   0x08004c00   0x00000098   Data   RO         3570    .constdata          m_wm.l(atan.o)
    0x08004c98   0x08004c98   0x00000008   Data   RO         3605    .constdata          m_wm.l(qnan.o)
    0x08004ca0   0x08004ca0   0x00000020   Data   RO         3650    Region$$Table       anon$$obj.o


    Execution Region RW_IRAM1 (Exec base: 0x20000000, Load base: 0x08004cc0, Size: 0x00000598, Max: 0x00020000, ABSOLUTE)

    Exec Addr    Load Addr    Size         Type   Attr      Idx    E Section Name        Object

    0x20000000   0x08004cc0   0x00000008   Data   RW          267    .data               main.o
    0x20000008   0x08004cc8   0x00000004   Data   RW          268    .data               main.o
    0x2000000c   0x08004ccc   0x00000004   Data   RW          269    .data               main.o
    0x20000010   0x08004cd0   0x00000004   Data   RW          270    .data               main.o
    0x20000014   0x08004cd4   0x0000000c   Data   RW         3307    .data               stm32f4xx_hal.o
    0x20000020   0x08004ce0   0x00000004   Data   RW         3475    .data               system_stm32f4xx.o
    0x20000024   0x08004ce4   0x00000004   Data   RW         3629    .data               mc_w.l(errno.o)
    0x20000028        -       0x00000170   Zero   RW          266    .bss                main.o
    0x20000198        -       0x00000400   Zero   RW            1    STACK               startup_stm32f407xx.o


==============================================================================

Image component sizes


      Code (inc. data)   RO Data    RW Data    ZI Data      Debug   Object Name

      2628        310          0         20        368      32140   main.o
       430          8          0          0          0     719493   mpu6050.o
        36          8        392          0       1024        852   startup_stm32f407xx.o
       180         28          0         12          0       4701   stm32f4xx_hal.o
       896         46          0          0          0       3771   stm32f4xx_hal_adc.o
       444         16          0          0          0       1550   stm32f4xx_hal_adc_ex.o
       228         14          0          0          0      32293   stm32f4xx_hal_cortex.o
       214          0          0          0          0       2779   stm32f4xx_hal_dac.o
       432         44          0          0          0       1796   stm32f4xx_hal_gpio.o
      2402         44          0          0          0      14650   stm32f4xx_hal_i2c.o
       480         68          0          0          0       4285   stm32f4xx_hal_msp.o
      1240         70          0          0          0       5133   stm32f4xx_hal_rcc.o
      1824         96          0          0          0      18044   stm32f4xx_hal_tim.o
        84          0          0          0          0       2478   stm32f4xx_hal_tim_ex.o
       154         34          0          0          0       5442   stm32f4xx_it.o
        84         18         24          4          0       1207   system_stm32f4xx.o

    ----------------------------------------------------------------------
     11778        804        452         36       1392     850614   Object Totals
         0          0         32          0          0          0   (incl. Generated)
        22          0          4          0          0          0   (incl. Padding)

    ----------------------------------------------------------------------

      Code (inc. data)   RO Data    RW Data    ZI Data      Debug   Library Member Name

       744        106        152          0          0        352   atan.o
       496         64          0          0          0        192   atan2.o
       184         44          0          0          0        744   dunder.o
        24          0          0          0          0        124   fabs.o
       116          0          0          0          0        164   fmax.o
        48          0          0          0          0        124   fpclassify.o
       248          0          0          0          0        152   poly.o
      3152        296        136          0          0        352   pow.o
         0          0          8          0          0          0   qnan.o
       232          0          0          0          0        296   sqrt.o
         0          0          0          0          0          0   entry.o
         0          0          0          0          0          0   entry10a.o
         0          0          0          0          0          0   entry11a.o
         8          4          0          0          0          0   entry2.o
         4          0          0          0          0          0   entry5.o
         0          0          0          0          0          0   entry7b.o
         0          0          0          0          0          0   entry8b.o
         8          4          0          0          0          0   entry9a.o
        12          6          0          4          0         68   errno.o
        30          0          0          0          0          0   handlers.o
        36          8          0          0          0         68   init.o
         0          0          0          0          0          0   iusefp.o
        30          0          0          0          0         68   llshl.o
        36          0          0          0          0         68   llsshr.o
        32          0          0          0          0         68   llushr.o
        98          0          0          0          0         92   uldiv.o
        48          0          0          0          0         68   cdrcmple.o
        56          0          0          0          0         88   d2f.o
       334          0          0          0          0        148   dadd.o
        96          0          0          0          0         80   dcmp4.o
       222          0          0          0          0        100   ddiv.o
       186          0          0          0          0        176   depilogue.o
        34          0          0          0          0         76   dflti.o
       228          0          0          0          0         96   dmul.o
        46          0          0          0          0         80   dscalb.o
       162          0          0          0          0        100   dsqrt.o
        38          0          0          0          0         68   f2d.o
       110          0          0          0          0        168   fepilogue.o

    ----------------------------------------------------------------------
      7122        532        296          4          0       4180   Library Totals
        24          0          0          0          0          0   (incl. Padding)

    ----------------------------------------------------------------------

      Code (inc. data)   RO Data    RW Data    ZI Data      Debug   Library Name

      5244        510        296          0          0       2500   m_wm.l
       294         22          0          4          0        432   mc_w.l
      1560          0          0          0          0       1248   mf_w.l

    ----------------------------------------------------------------------
      7122        532        296          4          0       4180   Library Totals

    ----------------------------------------------------------------------

==============================================================================


      Code (inc. data)   RO Data    RW Data    ZI Data      Debug   

     18900       1336        748         40       1392     841118   Grand Totals
     18900       1336        748         40       1392     841118   ELF Image Totals
     18900       1336        748         40          0          0   ROM Totals

==============================================================================

    Total RO  Size (Code + RO Data)                19648 (  19.19kB)
    Total RW  Size (RW Data + ZI Data)              1432 (   1.40kB)
    Total ROM Size (Code + RO Data + RW Data)      19688 (  19.23kB)

==============================================================================

